Archive member included to satisfy reference by file (symbol)

c:/users/nonej/documents/keyboard/msys64/home/nonej/qmk_utils/avr8-gnu-toolchain/bin/../lib/gcc/avr/8.3.0/avr35\libgcc.a(_mulqi3.o)
                              .build/obj_ut472_th3v3gas/quantum/rgblight.o (__mulqi3)
c:/users/nonej/documents/keyboard/msys64/home/nonej/qmk_utils/avr8-gnu-toolchain/bin/../lib/gcc/avr/8.3.0/avr35\libgcc.a(_mulhi3.o)
                              .build/obj_ut472_th3v3gas/quantum/keymap_common.o (__mulhi3)
c:/users/nonej/documents/keyboard/msys64/home/nonej/qmk_utils/avr8-gnu-toolchain/bin/../lib/gcc/avr/8.3.0/avr35\libgcc.a(_udivmodhi4.o)
                              .build/obj_ut472_th3v3gas/quantum/color.o (__udivmodhi4)
c:/users/nonej/documents/keyboard/msys64/home/nonej/qmk_utils/avr8-gnu-toolchain/bin/../lib/gcc/avr/8.3.0/avr35\libgcc.a(_divmodhi4.o)
                              .build/obj_ut472_th3v3gas/quantum/quantum.o (__divmodhi4)
c:/users/nonej/documents/keyboard/msys64/home/nonej/qmk_utils/avr8-gnu-toolchain/bin/../lib/gcc/avr/8.3.0/avr35\libgcc.a(_exit.o)
                              c:/users/nonej/documents/keyboard/msys64/home/nonej/qmk_utils/avr8-gnu-toolchain/bin/../lib/gcc/avr/8.3.0/../../../../avr/lib/avr35/crtatmega32u2.o (exit)
c:/users/nonej/documents/keyboard/msys64/home/nonej/qmk_utils/avr8-gnu-toolchain/bin/../lib/gcc/avr/8.3.0/avr35\libgcc.a(_tablejump2.o)
                              .build/obj_ut472_th3v3gas/quantum/process_keycode/process_rgb.o (__tablejump2__)
c:/users/nonej/documents/keyboard/msys64/home/nonej/qmk_utils/avr8-gnu-toolchain/bin/../lib/gcc/avr/8.3.0/avr35\libgcc.a(_copy_data.o)
                              .build/obj_ut472_th3v3gas/keyboards/ut472/keymaps/th3v3gas/keymap.o (__do_copy_data)
c:/users/nonej/documents/keyboard/msys64/home/nonej/qmk_utils/avr8-gnu-toolchain/bin/../lib/gcc/avr/8.3.0/avr35\libgcc.a(_clear_bss.o)
                              .build/obj_ut472_th3v3gas/keyboards/ut472/keymaps/th3v3gas/keymap.o (__do_clear_bss)
c:/users/nonej/documents/keyboard/msys64/home/nonej/qmk_utils/avr8-gnu-toolchain/bin/../lib/gcc/avr/8.3.0/../../../../avr/lib/avr35\libc.a(rand.o)
                              .build/obj_ut472_th3v3gas/quantum/quantum.o (rand)
c:/users/nonej/documents/keyboard/msys64/home/nonej/qmk_utils/avr8-gnu-toolchain/bin/../lib/gcc/avr/8.3.0/../../../../avr/lib/avr35\libc.a(tolower.o)
                              .build/obj_ut472_th3v3gas/quantum/process_keycode/process_unicode_common.o (tolower)
c:/users/nonej/documents/keyboard/msys64/home/nonej/qmk_utils/avr8-gnu-toolchain/bin/../lib/gcc/avr/8.3.0/../../../../avr/lib/avr35\libc.a(memchr.o)
                              .build/obj_ut472_th3v3gas/quantum/rgblight.o (memchr)
c:/users/nonej/documents/keyboard/msys64/home/nonej/qmk_utils/avr8-gnu-toolchain/bin/../lib/gcc/avr/8.3.0/../../../../avr/lib/avr35\libc.a(strcspn.o)
                              .build/obj_ut472_th3v3gas/quantum/process_keycode/process_unicode_common.o (strcspn)
c:/users/nonej/documents/keyboard/msys64/home/nonej/qmk_utils/avr8-gnu-toolchain/bin/../lib/gcc/avr/8.3.0/../../../../avr/lib/avr35\libc.a(strncpy.o)
                              .build/obj_ut472_th3v3gas/quantum/process_keycode/process_unicode_common.o (strncpy)
c:/users/nonej/documents/keyboard/msys64/home/nonej/qmk_utils/avr8-gnu-toolchain/bin/../lib/gcc/avr/8.3.0/../../../../avr/lib/avr35\libatmega32u2.a(eerd_byte.o)
                              .build/obj_ut472_th3v3gas/quantum/process_keycode/process_unicode_common.o (eeprom_read_byte)
c:/users/nonej/documents/keyboard/msys64/home/nonej/qmk_utils/avr8-gnu-toolchain/bin/../lib/gcc/avr/8.3.0/../../../../avr/lib/avr35\libatmega32u2.a(eerd_dword.o)
                              .build/obj_ut472_th3v3gas/quantum/rgblight.o (eeprom_read_dword)
c:/users/nonej/documents/keyboard/msys64/home/nonej/qmk_utils/avr8-gnu-toolchain/bin/../lib/gcc/avr/8.3.0/../../../../avr/lib/avr35\libatmega32u2.a(eerd_word.o)
                              .build/obj_ut472_th3v3gas/common/eeconfig.o (eeprom_read_word)
c:/users/nonej/documents/keyboard/msys64/home/nonej/qmk_utils/avr8-gnu-toolchain/bin/../lib/gcc/avr/8.3.0/../../../../avr/lib/avr35\libatmega32u2.a(eeupd_byte.o)
                              .build/obj_ut472_th3v3gas/quantum/process_keycode/process_unicode_common.o (eeprom_update_byte)
c:/users/nonej/documents/keyboard/msys64/home/nonej/qmk_utils/avr8-gnu-toolchain/bin/../lib/gcc/avr/8.3.0/../../../../avr/lib/avr35\libatmega32u2.a(eeupd_dword.o)
                              .build/obj_ut472_th3v3gas/quantum/rgblight.o (eeprom_update_dword)
c:/users/nonej/documents/keyboard/msys64/home/nonej/qmk_utils/avr8-gnu-toolchain/bin/../lib/gcc/avr/8.3.0/../../../../avr/lib/avr35\libatmega32u2.a(eeupd_word.o)
                              .build/obj_ut472_th3v3gas/common/eeconfig.o (eeprom_update_word)
[...]
Memory Configuration

Name             Origin             Length             Attributes
text             0x00000000         0x00010000         xr
data             0x00800060         0x0000ffa0         rw !x
eeprom           0x00810000         0x00010000         rw !x
fuse             0x00820000         0x00000400         rw !x
lock             0x00830000         0x00000400         rw !x
signature        0x00840000         0x00000400         rw !x
user_signatures  0x00850000         0x00000400         rw !x
*default*        0x00000000         0xffffffff

Linker script and memory map

Address of section .data set to 0x800100
LOAD c:/users/nonej/documents/keyboard/msys64/home/nonej/qmk_utils/avr8-gnu-toolchain/bin/../lib/gcc/avr/8.3.0/../../../../avr/lib/avr35/crtatmega32u2.o
LOAD .build/obj_ut472_th3v3gas/keyboards/ut472/ut472.o
LOAD .build/obj_ut472_th3v3gas/keyboards/ut472/keymaps/th3v3gas/keymap.o
LOAD .build/obj_ut472_th3v3gas/quantum/quantum.o
LOAD .build/obj_ut472_th3v3gas/quantum/keymap_common.o
LOAD .build/obj_ut472_th3v3gas/quantum/keycode_config.o
LOAD .build/obj_ut472_th3v3gas/quantum/matrix_common.o
LOAD .build/obj_ut472_th3v3gas/quantum/matrix.o
LOAD .build/obj_ut472_th3v3gas/quantum/debounce/sym_g.o
LOAD .build/obj_ut472_th3v3gas/quantum/process_keycode/process_combo.o
LOAD .build/obj_ut472_th3v3gas/quantum/process_keycode/process_unicode.o
LOAD .build/obj_ut472_th3v3gas/quantum/process_keycode/process_unicode_common.o
LOAD .build/obj_ut472_th3v3gas/quantum/color.o
LOAD .build/obj_ut472_th3v3gas/quantum/rgblight.o
LOAD .build/obj_ut472_th3v3gas/quantum/process_keycode/process_rgb.o
LOAD .build/obj_ut472_th3v3gas/quantum/process_keycode/process_tap_dance.o
LOAD .build/obj_ut472_th3v3gas/ws2812.o
LOAD .build/obj_ut472_th3v3gas/quantum/led_tables.o
LOAD .build/obj_ut472_th3v3gas/quantum/process_keycode/process_space_cadet.o
LOAD .build/obj_ut472_th3v3gas/quantum/process_keycode/process_magic.o
LOAD .build/obj_ut472_th3v3gas/quantum/process_keycode/process_grave_esc.o
LOAD .build/obj_ut472_th3v3gas/common/host.o
LOAD .build/obj_ut472_th3v3gas/common/keyboard.o
LOAD .build/obj_ut472_th3v3gas/common/action.o
LOAD .build/obj_ut472_th3v3gas/common/action_tapping.o
LOAD .build/obj_ut472_th3v3gas/common/action_macro.o
LOAD .build/obj_ut472_th3v3gas/common/action_layer.o
LOAD .build/obj_ut472_th3v3gas/common/action_util.o
LOAD .build/obj_ut472_th3v3gas/common/print.o
LOAD .build/obj_ut472_th3v3gas/common/debug.o
LOAD .build/obj_ut472_th3v3gas/common/util.o
LOAD .build/obj_ut472_th3v3gas/common/eeconfig.o
LOAD .build/obj_ut472_th3v3gas/common/report.o
LOAD .build/obj_ut472_th3v3gas/common/avr/suspend.o
LOAD .build/obj_ut472_th3v3gas/common/avr/timer.o
LOAD .build/obj_ut472_th3v3gas/common/avr/bootloader.o
LOAD .build/obj_ut472_th3v3gas/common/avr/xprintf.o
LOAD .build/obj_ut472_th3v3gas/common/bootmagic.o
LOAD .build/obj_ut472_th3v3gas/common/mousekey.o
LOAD .build/obj_ut472_th3v3gas/lufa.o
LOAD .build/obj_ut472_th3v3gas/usb_descriptor.o
LOAD .build/obj_ut472_th3v3gas/outputselect.o
LOAD .build/obj_ut472_th3v3gas/lib/lufa/LUFA/Drivers/USB/Class/Common/HIDParser.o
LOAD .build/obj_ut472_th3v3gas/lib/lufa/LUFA/Drivers/USB/Core/AVR8/Device_AVR8.o
LOAD .build/obj_ut472_th3v3gas/lib/lufa/LUFA/Drivers/USB/Core/AVR8/EndpointStream_AVR8.o
LOAD .build/obj_ut472_th3v3gas/lib/lufa/LUFA/Drivers/USB/Core/AVR8/Endpoint_AVR8.o
LOAD .build/obj_ut472_th3v3gas/lib/lufa/LUFA/Drivers/USB/Core/AVR8/Host_AVR8.o
LOAD .build/obj_ut472_th3v3gas/lib/lufa/LUFA/Drivers/USB/Core/AVR8/PipeStream_AVR8.o
LOAD .build/obj_ut472_th3v3gas/lib/lufa/LUFA/Drivers/USB/Core/AVR8/Pipe_AVR8.o
LOAD .build/obj_ut472_th3v3gas/lib/lufa/LUFA/Drivers/USB/Core/AVR8/USBController_AVR8.o
LOAD .build/obj_ut472_th3v3gas/lib/lufa/LUFA/Drivers/USB/Core/AVR8/USBInterrupt_AVR8.o
LOAD .build/obj_ut472_th3v3gas/lib/lufa/LUFA/Drivers/USB/Core/ConfigDescriptors.o
LOAD .build/obj_ut472_th3v3gas/lib/lufa/LUFA/Drivers/USB/Core/DeviceStandardReq.o
LOAD .build/obj_ut472_th3v3gas/lib/lufa/LUFA/Drivers/USB/Core/Events.o
LOAD .build/obj_ut472_th3v3gas/lib/lufa/LUFA/Drivers/USB/Core/HostStandardReq.o
LOAD .build/obj_ut472_th3v3gas/lib/lufa/LUFA/Drivers/USB/Core/USBTask.o
LOAD c:/users/nonej/documents/keyboard/msys64/home/nonej/qmk_utils/avr8-gnu-toolchain/bin/../lib/gcc/avr/8.3.0/../../../../avr/lib/avr35\libm.a
START GROUP
LOAD c:/users/nonej/documents/keyboard/msys64/home/nonej/qmk_utils/avr8-gnu-toolchain/bin/../lib/gcc/avr/8.3.0/avr35\libgcc.a
LOAD c:/users/nonej/documents/keyboard/msys64/home/nonej/qmk_utils/avr8-gnu-toolchain/bin/../lib/gcc/avr/8.3.0/../../../../avr/lib/avr35\libm.a
LOAD c:/users/nonej/documents/keyboard/msys64/home/nonej/qmk_utils/avr8-gnu-toolchain/bin/../lib/gcc/avr/8.3.0/../../../../avr/lib/avr35\libc.a
LOAD c:/users/nonej/documents/keyboard/msys64/home/nonej/qmk_utils/avr8-gnu-toolchain/bin/../lib/gcc/avr/8.3.0/../../../../avr/lib/avr35\libatmega32u2.a
END GROUP
                0x00010000                __TEXT_REGION_LENGTH__ = DEFINED (__TEXT_REGION_LENGTH__)?__TEXT_REGION_LENGTH__:0x10000
                0x0000ffa0                __DATA_REGION_LENGTH__ = DEFINED (__DATA_REGION_LENGTH__)?__DATA_REGION_LENGTH__:0xffa0
                0x00010000                __EEPROM_REGION_LENGTH__ = DEFINED (__EEPROM_REGION_LENGTH__)?__EEPROM_REGION_LENGTH__:0x10000
                0x00000400                __FUSE_REGION_LENGTH__ = DEFINED (__FUSE_REGION_LENGTH__)?__FUSE_REGION_LENGTH__:0x400
                0x00000400                __LOCK_REGION_LENGTH__ = DEFINED (__LOCK_REGION_LENGTH__)?__LOCK_REGION_LENGTH__:0x400
                0x00000400                __SIGNATURE_REGION_LENGTH__ = DEFINED (__SIGNATURE_REGION_LENGTH__)?__SIGNATURE_REGION_LENGTH__:0x400
                0x00000400                __USER_SIGNATURE_REGION_LENGTH__ = DEFINED (__USER_SIGNATURE_REGION_LENGTH__)?__USER_SIGNATURE_REGION_LENGTH__:0x400

.hash
 *(.hash)

.dynsym
 *(.dynsym)

.dynstr
 *(.dynstr)

.gnu.version
 *(.gnu.version)

.gnu.version_d
 *(.gnu.version_d)

.gnu.version_r
 *(.gnu.version_r)

.rel.init
 *(.rel.init)

.rela.init
 *(.rela.init)

.rel.text
 *(.rel.text)
 *(.rel.text.*)
 *(.rel.gnu.linkonce.t*)

.rela.text
 *(.rela.text)
 *(.rela.text.*)
 *(.rela.gnu.linkonce.t*)

.rel.fini
 *(.rel.fini)

.rela.fini
 *(.rela.fini)

.rel.rodata
 *(.rel.rodata)
 *(.rel.rodata.*)
 *(.rel.gnu.linkonce.r*)

.rela.rodata
 *(.rela.rodata)
 *(.rela.rodata.*)
 *(.rela.gnu.linkonce.r*)

.rel.data
 *(.rel.data)
 *(.rel.data.*)
 *(.rel.gnu.linkonce.d*)

.rela.data
 *(.rela.data)
 *(.rela.data.*)
 *(.rela.gnu.linkonce.d*)

.rel.ctors
 *(.rel.ctors)

.rela.ctors
 *(.rela.ctors)

.rel.dtors
 *(.rel.dtors)

.rela.dtors
 *(.rela.dtors)

.rel.got
 *(.rel.got)

.rela.got
 *(.rela.got)

.rel.bss
 *(.rel.bss)

.rela.bss
 *(.rela.bss)

.rel.plt
 *(.rel.plt)

.rela.plt
 *(.rela.plt)

.text           0x00000000     0x5ce6
 *(.vectors)
 .vectors       0x00000000       0x74 c:/users/nonej/documents/keyboard/msys64/home/nonej/qmk_utils/avr8-gnu-toolchain/bin/../lib/gcc/avr/8.3.0/../../../../avr/lib/avr35/crtatmega32u2.o
                0x00000000                __vector_default
                0x00000000                __vectors
 *(.vectors)
 *(.progmem.gcc*)
                0x00000074                . = ALIGN (0x2)
                0x00000074                __trampolines_start = .
 *(.trampolines)
 .trampolines   0x00000074        0x0 linker stubs
 *(.trampolines*)
                0x00000074                __trampolines_end = .
 *libprintf_flt.a:*(.progmem.data)
 *libc.a:*(.progmem.data)
 *(.progmem.*)
 .progmem.data.keymaps
                0x00000074      0x240 .build/obj_ut472_th3v3gas/keyboards/ut472/keymaps/th3v3gas/keymap.o
                0x00000074                keymaps
 .progmem.data.ep_combo
                0x000002b4        0x6 .build/obj_ut472_th3v3gas/keyboards/ut472/keymaps/th3v3gas/keymap.o
                0x000002b4                ep_combo
 .progmem.data.qm_combo
                0x000002ba        0x6 .build/obj_ut472_th3v3gas/keyboards/ut472/keymaps/th3v3gas/keymap.o
                0x000002ba                qm_combo
 .progmem.data.ascii_to_keycode_lut
                0x000002c0       0x80 .build/obj_ut472_th3v3gas/quantum/quantum.o
                0x000002c0                ascii_to_keycode_lut
 .progmem.data.ascii_to_altgr_lut
                0x00000340       0x80 .build/obj_ut472_th3v3gas/quantum/quantum.o
                0x00000340                ascii_to_altgr_lut
 .progmem.data.ascii_to_shift_lut
                0x000003c0       0x80 .build/obj_ut472_th3v3gas/quantum/quantum.o
                0x000003c0                ascii_to_shift_lut
 .progmem.data.fn_actions
                0x00000440        0x0 .build/obj_ut472_th3v3gas/quantum/keymap_common.o
                0x00000440                fn_actions
 .progmem.data.RGBLED_RGBTEST_INTERVALS
                0x00000440        0x2 .build/obj_ut472_th3v3gas/quantum/rgblight.o
                0x00000440                RGBLED_RGBTEST_INTERVALS
 .progmem.data.RGBLED_KNIGHT_INTERVALS
                0x00000442        0x3 .build/obj_ut472_th3v3gas/quantum/rgblight.o
                0x00000442                RGBLED_KNIGHT_INTERVALS
 .progmem.data.RGBLED_SNAKE_INTERVALS
                0x00000445        0x3 .build/obj_ut472_th3v3gas/quantum/rgblight.o
                0x00000445                RGBLED_SNAKE_INTERVALS
 .progmem.data.RGBLED_RAINBOW_SWIRL_INTERVALS
                0x00000448        0x3 .build/obj_ut472_th3v3gas/quantum/rgblight.o
                0x00000448                RGBLED_RAINBOW_SWIRL_INTERVALS
 .progmem.data.RGBLED_RAINBOW_MOOD_INTERVALS
                0x0000044b        0x3 .build/obj_ut472_th3v3gas/quantum/rgblight.o
                0x0000044b                RGBLED_RAINBOW_MOOD_INTERVALS
 .progmem.data.RGBLED_BREATHING_INTERVALS
                0x0000044e        0x4 .build/obj_ut472_th3v3gas/quantum/rgblight.o
                0x0000044e                RGBLED_BREATHING_INTERVALS
 .progmem.data.rgblight_effect_breathe_table
                0x00000452      0x100 .build/obj_ut472_th3v3gas/quantum/rgblight.o
                0x00000452                rgblight_effect_breathe_table
 .progmem.data.RGBLED_GRADIENT_RANGES
                0x00000552        0x5 .build/obj_ut472_th3v3gas/quantum/rgblight.o
                0x00000552                RGBLED_GRADIENT_RANGES
 .progmem.data.CIE1931_CURVE
                0x00000557      0x100 .build/obj_ut472_th3v3gas/quantum/led_tables.o
                0x00000557                CIE1931_CURVE
 .progmem.data.SerialNumberString
                0x00000657        0x6 .build/obj_ut472_th3v3gas/usb_descriptor.o
                0x00000657                SerialNumberString
 .progmem.data.ProductString
                0x0000065d       0x10 .build/obj_ut472_th3v3gas/usb_descriptor.o
                0x0000065d                ProductString
 .progmem.data.ManufacturerString
                0x0000066d       0x12 .build/obj_ut472_th3v3gas/usb_descriptor.o
                0x0000066d                ManufacturerString
 .progmem.data.LanguageString
                0x0000067f        0x4 .build/obj_ut472_th3v3gas/usb_descriptor.o
                0x0000067f                LanguageString
 .progmem.data.ConfigurationDescriptor
                0x00000683       0x3b .build/obj_ut472_th3v3gas/usb_descriptor.o
                0x00000683                ConfigurationDescriptor
 .progmem.data.DeviceDescriptor
                0x000006be       0x12 .build/obj_ut472_th3v3gas/usb_descriptor.o
                0x000006be                DeviceDescriptor
 .progmem.data.SharedReport
                0x000006d0       0xc0 .build/obj_ut472_th3v3gas/usb_descriptor.o
                0x000006d0                SharedReport
 .progmem.data.KeyboardReport
                0x00000790       0x40 .build/obj_ut472_th3v3gas/usb_descriptor.o
                0x00000790                KeyboardReport
                0x000007d0                . = ALIGN (0x2)
 *(.lowtext)
 *(.lowtext*)
                0x000007d0                __ctors_start = .
 *(.ctors)
                0x000007d0                __ctors_end = .
                0x000007d0                __dtors_start = .
 *(.dtors)
                0x000007d0                __dtors_end = .
 SORT_BY_NAME(*)(.ctors)
 SORT_BY_NAME(*)(.dtors)
 *(.init0)
 .init0         0x000007d0        0x0 c:/users/nonej/documents/keyboard/msys64/home/nonej/qmk_utils/avr8-gnu-toolchain/bin/../lib/gcc/avr/8.3.0/../../../../avr/lib/avr35/crtatmega32u2.o
                0x000007d0                __init
 *(.init0)
 *(.init1)
 *(.init1)
 *(.init2)
 .init2         0x000007d0        0xc c:/users/nonej/documents/keyboard/msys64/home/nonej/qmk_utils/avr8-gnu-toolchain/bin/../lib/gcc/avr/8.3.0/../../../../avr/lib/avr35/crtatmega32u2.o
 *(.init2)
 *(.init3)
 .init3         0x000007dc       0x54 .build/obj_ut472_th3v3gas/common/avr/bootloader.o
                0x000007dc                bootloader_jump_after_watchdog_reset
 *(.init3)
 *(.init4)
 .init4         0x00000830       0x16 c:/users/nonej/documents/keyboard/msys64/home/nonej/qmk_utils/avr8-gnu-toolchain/bin/../lib/gcc/avr/8.3.0/avr35\libgcc.a(_copy_data.o)
                0x00000830                __do_copy_data
 .init4         0x00000846       0x10 c:/users/nonej/documents/keyboard/msys64/home/nonej/qmk_utils/avr8-gnu-toolchain/bin/../lib/gcc/avr/8.3.0/avr35\libgcc.a(_clear_bss.o)
                0x00000846                __do_clear_bss
 *(.init4)
 *(.init5)
 *(.init5)
 *(.init6)
 *(.init6)
 *(.init7)
 *(.init7)
 *(.init8)
 *(.init8)
 *(.init9)
 .init9         0x00000856        0x8 c:/users/nonej/documents/keyboard/msys64/home/nonej/qmk_utils/avr8-gnu-toolchain/bin/../lib/gcc/avr/8.3.0/../../../../avr/lib/avr35/crtatmega32u2.o
 *(.init9)
 *(.text)
 .text          0x0000085e        0x4 c:/users/nonej/documents/keyboard/msys64/home/nonej/qmk_utils/avr8-gnu-toolchain/bin/../lib/gcc/avr/8.3.0/../../../../avr/lib/avr35/crtatmega32u2.o
                0x0000085e                __vector_22
                0x0000085e                __vector_28
                0x0000085e                __vector_1
                0x0000085e                __vector_24
                0x0000085e                __bad_interrupt
                0x0000085e                __vector_6
                0x0000085e                __vector_3
                0x0000085e                __vector_23
                0x0000085e                __vector_25
                0x0000085e                __vector_17
                0x0000085e                __vector_7
                0x0000085e                __vector_27
                0x0000085e                __vector_5
                0x0000085e                __vector_4
                0x0000085e                __vector_9
                0x0000085e                __vector_2
                0x0000085e                __vector_21
                0x0000085e                __vector_15
                0x0000085e                __vector_8
                0x0000085e                __vector_26
                0x0000085e                __vector_14
                0x0000085e                __vector_10
                0x0000085e                __vector_16
                0x0000085e                __vector_18
                0x0000085e                __vector_20
                0x00000862                . = ALIGN (0x2)
 *(.text.*)
 .text.matrix_init_kb
                0x00000862        0x4 .build/obj_ut472_th3v3gas/keyboards/ut472/ut472.o
                0x00000862                matrix_init_kb
 .text.matrix_scan_kb
                0x00000866        0x4 .build/obj_ut472_th3v3gas/keyboards/ut472/ut472.o
                0x00000866                matrix_scan_kb
 .text.tdgame_reset
                0x0000086a       0x26 .build/obj_ut472_th3v3gas/keyboards/ut472/keymaps/th3v3gas/keymap.o
                0x0000086a                tdgame_reset
 .text.TDEMOTE  0x00000890       0x1c .build/obj_ut472_th3v3gas/keyboards/ut472/keymaps/th3v3gas/keymap.o
                0x00000890                TDEMOTE
 .text.matrix_init_user
                0x000008ac        0x6 .build/obj_ut472_th3v3gas/keyboards/ut472/keymaps/th3v3gas/keymap.o
                0x000008ac                matrix_init_user
 .text.cur_dance
                0x000008b2       0x2a .build/obj_ut472_th3v3gas/keyboards/ut472/keymaps/th3v3gas/keymap.o
                0x000008b2                cur_dance
 .text.tdgame_finished
                0x000008dc       0x2a .build/obj_ut472_th3v3gas/keyboards/ut472/keymaps/th3v3gas/keymap.o
                0x000008dc                tdgame_finished
 .text.process_record_user
                0x00000906       0x86 .build/obj_ut472_th3v3gas/keyboards/ut472/keymaps/th3v3gas/keymap.o
                0x00000906                process_record_user
 .text.do_code16
                0x0000098c       0x6e .build/obj_ut472_th3v3gas/quantum/quantum.o
 .text.register_code16
                0x000009fa       0x2a .build/obj_ut472_th3v3gas/quantum/quantum.o
                0x000009fa                register_code16
 .text.unregister_code16
                0x00000a24       0x2a .build/obj_ut472_th3v3gas/quantum/quantum.o
                0x00000a24                unregister_code16
 .text.tap_code16
                0x00000a4e       0x14 .build/obj_ut472_th3v3gas/quantum/quantum.o
                0x00000a4e                tap_code16
 .text.process_action_kb
                0x00000a62        0x4 .build/obj_ut472_th3v3gas/quantum/quantum.o
                0x00000a62                process_action_kb
 .text.process_record_kb
                0x00000a66        0x4 .build/obj_ut472_th3v3gas/quantum/quantum.o
                0x00000a66                process_record_kb
 .text.get_event_keycode
                0x00000a6a       0x62 .build/obj_ut472_th3v3gas/quantum/quantum.o
                0x00000a6a                get_event_keycode
 .text.get_record_keycode
                0x00000acc       0x10 .build/obj_ut472_th3v3gas/quantum/quantum.o
                0x00000acc                get_record_keycode
 .text.send_char
                0x00000adc       0x5c .build/obj_ut472_th3v3gas/quantum/quantum.o
                0x00000adc                send_char
 .text.send_string_with_delay
                0x00000b38       0x6c .build/obj_ut472_th3v3gas/quantum/quantum.o
                0x00000b38                send_string_with_delay
 .text.send_string
                0x00000ba4        0x6 .build/obj_ut472_th3v3gas/quantum/quantum.o
                0x00000ba4                send_string
 .text.matrix_init_quantum
                0x00000baa       0x14 .build/obj_ut472_th3v3gas/quantum/quantum.o
                0x00000baa                matrix_init_quantum
 .text.matrix_scan_quantum
                0x00000bbe        0xc .build/obj_ut472_th3v3gas/quantum/quantum.o
                0x00000bbe                matrix_scan_quantum
 .text.hex_to_keycode
                0x00000bca       0x1c .build/obj_ut472_th3v3gas/quantum/quantum.o
                0x00000bca                hex_to_keycode
 .text.led_set_user
                0x00000be6        0x2 .build/obj_ut472_th3v3gas/quantum/quantum.o
                0x00000be6                led_set_user
 .text.led_set_kb
                0x00000be8        0x4 .build/obj_ut472_th3v3gas/quantum/quantum.o
                0x00000be8                led_set_kb
 .text.led_update_user
                0x00000bec        0x4 .build/obj_ut472_th3v3gas/quantum/quantum.o
                0x00000bec                led_update_user
 .text.led_update_kb
                0x00000bf0        0x4 .build/obj_ut472_th3v3gas/quantum/quantum.o
                0x00000bf0                led_update_kb
 .text.led_set  0x00000bf4       0x10 .build/obj_ut472_th3v3gas/quantum/quantum.o
                0x00000bf4                led_set
 .text.shutdown_user
                0x00000c04        0x2 .build/obj_ut472_th3v3gas/quantum/quantum.o
                0x00000c04                shutdown_user
 .text.reset_keyboard
                0x00000c06       0x1e .build/obj_ut472_th3v3gas/quantum/quantum.o
                0x00000c06                reset_keyboard
 .text.process_record_quantum
                0x00000c24       0xae .build/obj_ut472_th3v3gas/quantum/quantum.o
                0x00000c24                process_record_quantum
 .text.action_get_macro
                0x00000cd2        0x6 .build/obj_ut472_th3v3gas/quantum/keymap_common.o
                0x00000cd2                action_get_macro
 .text.action_function
                0x00000cd8        0x2 .build/obj_ut472_th3v3gas/quantum/keymap_common.o
                0x00000cd8                action_function
 .text.keymap_key_to_keycode
                0x00000cda       0x34 .build/obj_ut472_th3v3gas/quantum/keymap_common.o
                0x00000cda                keymap_key_to_keycode
 .text.keymap_function_id_to_action
                0x00000d0e       0x10 .build/obj_ut472_th3v3gas/quantum/keymap_common.o
                0x00000d0e                keymap_function_id_to_action
 .text.action_for_key
                0x00000d1e      0x238 .build/obj_ut472_th3v3gas/quantum/keymap_common.o
                0x00000d1e                action_for_key
 .text.keycode_config
                0x00000f56      0x12e .build/obj_ut472_th3v3gas/quantum/keycode_config.o
                0x00000f56                keycode_config
 .text.mod_config
                0x00001084       0x86 .build/obj_ut472_th3v3gas/quantum/keycode_config.o
                0x00001084                mod_config
 .text.matrix_scan_user
                0x0000110a        0x2 .build/obj_ut472_th3v3gas/quantum/matrix_common.o
                0x0000110a                matrix_scan_user
 .text.matrix_get_row
                0x0000110c       0x12 .build/obj_ut472_th3v3gas/quantum/matrix_common.o
                0x0000110c                matrix_get_row
 .text.matrix_print
                0x0000111e        0x2 .build/obj_ut472_th3v3gas/quantum/matrix_common.o
                0x0000111e                matrix_print
 .text.matrix_io_delay
                0x00001120        0x8 .build/obj_ut472_th3v3gas/quantum/matrix_common.o
                0x00001120                matrix_io_delay
 .text.matrix_init
                0x00001128       0xc2 .build/obj_ut472_th3v3gas/quantum/matrix.o
                0x00001128                matrix_init
 .text.matrix_scan
                0x000011ea      0x130 .build/obj_ut472_th3v3gas/quantum/matrix.o
                0x000011ea                matrix_scan
 .text.debounce_init
                0x0000131a        0x2 .build/obj_ut472_th3v3gas/quantum/debounce/sym_g.o
                0x0000131a                debounce_init
 .text.debounce
                0x0000131c       0x72 .build/obj_ut472_th3v3gas/quantum/debounce/sym_g.o
                0x0000131c                debounce
 .text.dump_key_buffer
                0x0000138e       0x3e .build/obj_ut472_th3v3gas/quantum/process_keycode/process_combo.o
 .text.process_combo_event
                0x000013cc        0x2 .build/obj_ut472_th3v3gas/quantum/process_keycode/process_combo.o
                0x000013cc                process_combo_event
 .text.matrix_scan_combo
                0x000013ce       0x30 .build/obj_ut472_th3v3gas/quantum/process_keycode/process_combo.o
                0x000013ce                matrix_scan_combo
 .text.combo_disable
                0x000013fe       0x16 .build/obj_ut472_th3v3gas/quantum/process_keycode/process_combo.o
                0x000013fe                combo_disable
 .text.combo_toggle
                0x00001414       0x12 .build/obj_ut472_th3v3gas/quantum/process_keycode/process_combo.o
                0x00001414                combo_toggle
 .text.process_combo
                0x00001426      0x244 .build/obj_ut472_th3v3gas/quantum/process_keycode/process_combo.o
                0x00001426                process_combo
 .text.process_unicode
                0x0000166a       0x2a .build/obj_ut472_th3v3gas/quantum/process_keycode/process_unicode.o
                0x0000166a                process_unicode
 .text.unicode_input_mode_init
                0x00001694       0x20 .build/obj_ut472_th3v3gas/quantum/process_keycode/process_unicode_common.o
                0x00001694                unicode_input_mode_init
 .text.persist_unicode_input_mode
                0x000016b4        0xc .build/obj_ut472_th3v3gas/quantum/process_keycode/process_unicode_common.o
                0x000016b4                persist_unicode_input_mode
 .text.set_unicode_input_mode
                0x000016c0        0x8 .build/obj_ut472_th3v3gas/quantum/process_keycode/process_unicode_common.o
                0x000016c0                set_unicode_input_mode
 .text.unicode_input_start
                0x000016c8       0x58 .build/obj_ut472_th3v3gas/quantum/process_keycode/process_unicode_common.o
                0x000016c8                unicode_input_start
 .text.unicode_input_finish
                0x00001720       0x30 .build/obj_ut472_th3v3gas/quantum/process_keycode/process_unicode_common.o
                0x00001720                unicode_input_finish
 .text.register_hex
                0x00001750       0x3a .build/obj_ut472_th3v3gas/quantum/process_keycode/process_unicode_common.o
                0x00001750                register_hex
 .text.process_unicode_common
                0x0000178a       0x6a .build/obj_ut472_th3v3gas/quantum/process_keycode/process_unicode_common.o
                0x0000178a                process_unicode_common
 .text.hsv_to_rgb
                0x000017f4      0x102 .build/obj_ut472_th3v3gas/quantum/color.o
                0x000017f4                hsv_to_rgb
 .text.rgblight_effect_dummy
                0x000018f6        0x2 .build/obj_ut472_th3v3gas/quantum/rgblight.o
 .text.sethsv_raw
                0x000018f8       0x1c .build/obj_ut472_th3v3gas/quantum/rgblight.o
                0x000018f8                sethsv_raw
 .text.rgblight_check_config
                0x00001914       0x1e .build/obj_ut472_th3v3gas/quantum/rgblight.o
                0x00001914                rgblight_check_config
 .text.eeconfig_read_rgblight
                0x00001932        0x8 .build/obj_ut472_th3v3gas/quantum/rgblight.o
                0x00001932                eeconfig_read_rgblight
 .text.eeconfig_update_rgblight
                0x0000193a       0x24 .build/obj_ut472_th3v3gas/quantum/rgblight.o
                0x0000193a                eeconfig_update_rgblight
 .text.eeconfig_update_rgblight_default
                0x0000195e       0x1e .build/obj_ut472_th3v3gas/quantum/rgblight.o
                0x0000195e                eeconfig_update_rgblight_default
 .text.rgblight_get_mode
                0x0000197c       0x10 .build/obj_ut472_th3v3gas/quantum/rgblight.o
                0x0000197c                rgblight_get_mode
 .text.rgblight_increase_speed
                0x0000198c       0x22 .build/obj_ut472_th3v3gas/quantum/rgblight.o
                0x0000198c                rgblight_increase_speed
 .text.rgblight_decrease_speed
                0x000019ae       0x22 .build/obj_ut472_th3v3gas/quantum/rgblight.o
                0x000019ae                rgblight_decrease_speed
 .text.rgblight_set
                0x000019d0       0x50 .build/obj_ut472_th3v3gas/quantum/rgblight.o
                0x000019d0                rgblight_set
 .text.rgblight_setrgb
                0x00001a20       0x3c .build/obj_ut472_th3v3gas/quantum/rgblight.o
                0x00001a20                rgblight_setrgb
 .text.rgblight_sethsv_noeeprom_old
                0x00001a5c       0x34 .build/obj_ut472_th3v3gas/quantum/rgblight.o
                0x00001a5c                rgblight_sethsv_noeeprom_old
 .text.rgblight_effect_breathing
                0x00001a90       0x28 .build/obj_ut472_th3v3gas/quantum/rgblight.o
                0x00001a90                rgblight_effect_breathing
 .text.rgblight_effect_rainbow_mood
                0x00001ab8       0x20 .build/obj_ut472_th3v3gas/quantum/rgblight.o
                0x00001ab8                rgblight_effect_rainbow_mood
 .text.rgblight_effect_rgbtest
                0x00001ad8       0x7e .build/obj_ut472_th3v3gas/quantum/rgblight.o
                0x00001ad8                rgblight_effect_rgbtest
 .text.rgblight_sethsv_eeprom_helper
                0x00001b56      0x122 .build/obj_ut472_th3v3gas/quantum/rgblight.o
                0x00001b56                rgblight_sethsv_eeprom_helper
 .text.rgblight_increase_hue_helper
                0x00001c78       0x14 .build/obj_ut472_th3v3gas/quantum/rgblight.o
                0x00001c78                rgblight_increase_hue_helper
 .text.rgblight_increase_hue
                0x00001c8c        0x6 .build/obj_ut472_th3v3gas/quantum/rgblight.o
                0x00001c8c                rgblight_increase_hue
 .text.rgblight_decrease_hue_helper
                0x00001c92       0x14 .build/obj_ut472_th3v3gas/quantum/rgblight.o
                0x00001c92                rgblight_decrease_hue_helper
 .text.rgblight_decrease_hue
                0x00001ca6        0x6 .build/obj_ut472_th3v3gas/quantum/rgblight.o
                0x00001ca6                rgblight_decrease_hue
 .text.rgblight_increase_sat_helper
                0x00001cac       0x18 .build/obj_ut472_th3v3gas/quantum/rgblight.o
                0x00001cac                rgblight_increase_sat_helper
 .text.rgblight_increase_sat
                0x00001cc4        0x6 .build/obj_ut472_th3v3gas/quantum/rgblight.o
                0x00001cc4                rgblight_increase_sat
 .text.rgblight_decrease_sat_helper
                0x00001cca       0x18 .build/obj_ut472_th3v3gas/quantum/rgblight.o
                0x00001cca                rgblight_decrease_sat_helper
 .text.rgblight_decrease_sat
                0x00001ce2        0x6 .build/obj_ut472_th3v3gas/quantum/rgblight.o
                0x00001ce2                rgblight_decrease_sat
 .text.rgblight_increase_val_helper
                0x00001ce8       0x18 .build/obj_ut472_th3v3gas/quantum/rgblight.o
                0x00001ce8                rgblight_increase_val_helper
 .text.rgblight_increase_val
                0x00001d00        0x6 .build/obj_ut472_th3v3gas/quantum/rgblight.o
                0x00001d00                rgblight_increase_val
 .text.rgblight_decrease_val_helper
                0x00001d06       0x18 .build/obj_ut472_th3v3gas/quantum/rgblight.o
                0x00001d06                rgblight_decrease_val_helper
 .text.rgblight_decrease_val
                0x00001d1e        0x6 .build/obj_ut472_th3v3gas/quantum/rgblight.o
                0x00001d1e                rgblight_decrease_val
 .text.rgblight_sethsv_noeeprom
                0x00001d24        0x6 .build/obj_ut472_th3v3gas/quantum/rgblight.o
                0x00001d24                rgblight_sethsv_noeeprom
 .text.rgblight_effect_rainbow_swirl
                0x00001d2a       0x7a .build/obj_ut472_th3v3gas/quantum/rgblight.o
                0x00001d2a                rgblight_effect_rainbow_swirl
 .text.rgblight_effect_snake
                0x00001da4       0xe4 .build/obj_ut472_th3v3gas/quantum/rgblight.o
                0x00001da4                rgblight_effect_snake
 .text.rgblight_effect_knight
                0x00001e88       0xd8 .build/obj_ut472_th3v3gas/quantum/rgblight.o
                0x00001e88                rgblight_effect_knight
 .text.rgblight_effect_christmas
                0x00001f60       0x6c .build/obj_ut472_th3v3gas/quantum/rgblight.o
                0x00001f60                rgblight_effect_christmas
 .text.rgblight_effect_alternating
                0x00001fcc       0x80 .build/obj_ut472_th3v3gas/quantum/rgblight.o
                0x00001fcc                rgblight_effect_alternating
 .text.rgblight_disable
                0x0000204c       0x30 .build/obj_ut472_th3v3gas/quantum/rgblight.o
                0x0000204c                rgblight_disable
 .text.rgblight_timer_enable
                0x0000207c       0x2c .build/obj_ut472_th3v3gas/quantum/rgblight.o
                0x0000207c                rgblight_timer_enable
 .text.rgblight_mode_eeprom_helper
                0x000020a8       0x74 .build/obj_ut472_th3v3gas/quantum/rgblight.o
                0x000020a8                rgblight_mode_eeprom_helper
 .text.rgblight_step_helper
                0x0000211c       0x16 .build/obj_ut472_th3v3gas/quantum/rgblight.o
                0x0000211c                rgblight_step_helper
 .text.rgblight_step
                0x00002132        0x6 .build/obj_ut472_th3v3gas/quantum/rgblight.o
                0x00002132                rgblight_step
 .text.rgblight_step_reverse_helper
                0x00002138       0x14 .build/obj_ut472_th3v3gas/quantum/rgblight.o
                0x00002138                rgblight_step_reverse_helper
 .text.rgblight_step_reverse
                0x0000214c        0x6 .build/obj_ut472_th3v3gas/quantum/rgblight.o
                0x0000214c                rgblight_step_reverse
 .text.rgblight_mode
                0x00002152        0x6 .build/obj_ut472_th3v3gas/quantum/rgblight.o
                0x00002152                rgblight_mode
 .text.rgblight_enable
                0x00002158       0x10 .build/obj_ut472_th3v3gas/quantum/rgblight.o
                0x00002158                rgblight_enable
 .text.rgblight_toggle
                0x00002168        0xe .build/obj_ut472_th3v3gas/quantum/rgblight.o
                0x00002168                rgblight_toggle
 .text.rgblight_mode_noeeprom
                0x00002176        0x6 .build/obj_ut472_th3v3gas/quantum/rgblight.o
                0x00002176                rgblight_mode_noeeprom
 .text.rgblight_init
                0x0000217c       0x66 .build/obj_ut472_th3v3gas/quantum/rgblight.o
                0x0000217c                rgblight_init
 .text.rgblight_task
                0x000021e2      0x136 .build/obj_ut472_th3v3gas/quantum/rgblight.o
                0x000021e2                rgblight_task
 .text.handleKeycodeRGB
                0x00002318        0xa .build/obj_ut472_th3v3gas/quantum/process_keycode/process_rgb.o
 .text.handleKeycodeRGBMode
                0x00002322       0x2a .build/obj_ut472_th3v3gas/quantum/process_keycode/process_rgb.o
 .text.process_rgb
                0x0000234c       0xe0 .build/obj_ut472_th3v3gas/quantum/process_keycode/process_rgb.o
                0x0000234c                process_rgb
 .text.process_tap_dance_action_on_dance_finished.part.0
                0x0000242c       0x36 .build/obj_ut472_th3v3gas/quantum/process_keycode/process_tap_dance.o
 .text.qk_tap_dance_pair_on_each_tap
                0x00002462       0x20 .build/obj_ut472_th3v3gas/quantum/process_keycode/process_tap_dance.o
                0x00002462                qk_tap_dance_pair_on_each_tap
 .text.qk_tap_dance_pair_finished
                0x00002482       0x20 .build/obj_ut472_th3v3gas/quantum/process_keycode/process_tap_dance.o
                0x00002482                qk_tap_dance_pair_finished
 .text.qk_tap_dance_pair_reset
                0x000024a2       0x20 .build/obj_ut472_th3v3gas/quantum/process_keycode/process_tap_dance.o
                0x000024a2                qk_tap_dance_pair_reset
 .text.reset_tap_dance
                0x000024c2       0x7e .build/obj_ut472_th3v3gas/quantum/process_keycode/process_tap_dance.o
                0x000024c2                reset_tap_dance
 .text.preprocess_tap_dance
                0x00002540       0x8c .build/obj_ut472_th3v3gas/quantum/process_keycode/process_tap_dance.o
                0x00002540                preprocess_tap_dance
 .text.process_tap_dance
                0x000025cc       0xc8 .build/obj_ut472_th3v3gas/quantum/process_keycode/process_tap_dance.o
                0x000025cc                process_tap_dance
 .text.matrix_scan_tap_dance
                0x00002694       0xa6 .build/obj_ut472_th3v3gas/quantum/process_keycode/process_tap_dance.o
                0x00002694                matrix_scan_tap_dance
 .text.ws2812_sendarray_mask
                0x0000273a       0x44 .build/obj_ut472_th3v3gas/ws2812.o
                0x0000273a                ws2812_sendarray_mask
 .text.ws2812_setleds_pin
                0x0000277e       0x28 .build/obj_ut472_th3v3gas/ws2812.o
                0x0000277e                ws2812_setleds_pin
 .text.ws2812_setleds
                0x000027a6        0x6 .build/obj_ut472_th3v3gas/ws2812.o
                0x000027a6                ws2812_setleds
 .text.perform_space_cadet
                0x000027ac       0xda .build/obj_ut472_th3v3gas/quantum/process_keycode/process_space_cadet.o
                0x000027ac                perform_space_cadet
 .text.process_space_cadet
                0x00002886       0x82 .build/obj_ut472_th3v3gas/quantum/process_keycode/process_space_cadet.o
                0x00002886                process_space_cadet
 .text.process_magic
                0x00002908      0x246 .build/obj_ut472_th3v3gas/quantum/process_keycode/process_magic.o
                0x00002908                process_magic
 .text.process_grave_esc
                0x00002b4e       0x54 .build/obj_ut472_th3v3gas/quantum/process_keycode/process_grave_esc.o
                0x00002b4e                process_grave_esc
 .text.host_set_driver
                0x00002ba2        0xa .build/obj_ut472_th3v3gas/common/host.o
                0x00002ba2                host_set_driver
 .text.host_keyboard_leds
                0x00002bac       0x18 .build/obj_ut472_th3v3gas/common/host.o
                0x00002bac                host_keyboard_leds
 .text.host_keyboard_send
                0x00002bc4       0x34 .build/obj_ut472_th3v3gas/common/host.o
                0x00002bc4                host_keyboard_send
 .text.host_mouse_send
                0x00002bf8       0x1c .build/obj_ut472_th3v3gas/common/host.o
                0x00002bf8                host_mouse_send
 .text.host_system_send
                0x00002c14       0x2c .build/obj_ut472_th3v3gas/common/host.o
                0x00002c14                host_system_send
 .text.host_consumer_send
                0x00002c40       0x2c .build/obj_ut472_th3v3gas/common/host.o
                0x00002c40                host_consumer_send
 .text.keyboard_pre_init_user
                0x00002c6c        0x2 .build/obj_ut472_th3v3gas/common/keyboard.o
                0x00002c6c                keyboard_pre_init_user
 .text.matrix_setup
                0x00002c6e        0x2 .build/obj_ut472_th3v3gas/common/keyboard.o
                0x00002c6e                matrix_setup
 .text.keyboard_pre_init_kb
                0x00002c70        0x4 .build/obj_ut472_th3v3gas/common/keyboard.o
                0x00002c70                keyboard_pre_init_kb
 .text.keyboard_post_init_user
                0x00002c74        0x2 .build/obj_ut472_th3v3gas/common/keyboard.o
                0x00002c74                keyboard_post_init_user
 .text.keyboard_post_init_kb
                0x00002c76        0x4 .build/obj_ut472_th3v3gas/common/keyboard.o
                0x00002c76                keyboard_post_init_kb
 .text.keyboard_setup
                0x00002c7a        0x8 .build/obj_ut472_th3v3gas/common/keyboard.o
                0x00002c7a                keyboard_setup
 .text.is_keyboard_master
                0x00002c82        0x4 .build/obj_ut472_th3v3gas/common/keyboard.o
                0x00002c82                is_keyboard_master
 .text.keyboard_init
                0x00002c86       0x14 .build/obj_ut472_th3v3gas/common/keyboard.o
                0x00002c86                keyboard_init
 .text.keyboard_task
                0x00002c9a      0x168 .build/obj_ut472_th3v3gas/common/keyboard.o
                0x00002c9a                keyboard_task
 .text.action_exec
                0x00002e02       0x54 .build/obj_ut472_th3v3gas/common/action.o
                0x00002e02                action_exec
 .text.process_record_tap_hint
                0x00002e56        0xa .build/obj_ut472_th3v3gas/common/action.o
                0x00002e56                process_record_tap_hint
 .text.register_code
                0x00002e60       0xf8 .build/obj_ut472_th3v3gas/common/action.o
                0x00002e60                register_code
 .text.unregister_code
                0x00002f58       0xac .build/obj_ut472_th3v3gas/common/action.o
                0x00002f58                unregister_code
 .text.tap_code
                0x00003004       0x26 .build/obj_ut472_th3v3gas/common/action.o
                0x00003004                tap_code
 .text.register_mods
                0x0000302a        0xe .build/obj_ut472_th3v3gas/common/action.o
                0x0000302a                register_mods
 .text.unregister_mods
                0x00003038        0xe .build/obj_ut472_th3v3gas/common/action.o
                0x00003038                unregister_mods
 .text.process_action
                0x00003046      0x498 .build/obj_ut472_th3v3gas/common/action.o
                0x00003046                process_action
 .text.process_record
                0x000034de       0x54 .build/obj_ut472_th3v3gas/common/action.o
                0x000034de                process_record
 .text.register_weak_mods
                0x00003532        0xe .build/obj_ut472_th3v3gas/common/action.o
                0x00003532                register_weak_mods
 .text.unregister_weak_mods
                0x00003540        0xe .build/obj_ut472_th3v3gas/common/action.o
                0x00003540                unregister_weak_mods
 .text.clear_keyboard_but_mods_and_keys
                0x0000354e       0x24 .build/obj_ut472_th3v3gas/common/action.o
                0x0000354e                clear_keyboard_but_mods_and_keys
 .text.clear_keyboard_but_mods
                0x00003572        0x8 .build/obj_ut472_th3v3gas/common/action.o
                0x00003572                clear_keyboard_but_mods
 .text.clear_keyboard
                0x0000357a        0x8 .build/obj_ut472_th3v3gas/common/action.o
                0x0000357a                clear_keyboard
 .text.is_tap_action
                0x00003582       0x3e .build/obj_ut472_th3v3gas/common/action.o
                0x00003582                is_tap_action
 .text.is_tap_key
                0x000035c0        0x8 .build/obj_ut472_th3v3gas/common/action.o
                0x000035c0                is_tap_key
 .text.debug_event
                0x000035c8       0x1e .build/obj_ut472_th3v3gas/common/action.o
                0x000035c8                debug_event
 .text.debug_record
                0x000035e6       0x20 .build/obj_ut472_th3v3gas/common/action.o
                0x000035e6                debug_record
 .text.debug_waiting_buffer
                0x00003606       0x3e .build/obj_ut472_th3v3gas/common/action_tapping.o
 .text.debug_tapping_key
                0x00003644       0x1c .build/obj_ut472_th3v3gas/common/action_tapping.o
 .text.waiting_buffer_scan_tap
                0x00003660       0xe0 .build/obj_ut472_th3v3gas/common/action_tapping.o
 .text.process_tapping
                0x00003740      0x394 .build/obj_ut472_th3v3gas/common/action_tapping.o
 .text.action_tapping_process
                0x00003ad4      0x13c .build/obj_ut472_th3v3gas/common/action_tapping.o
                0x00003ad4                action_tapping_process
 .text.action_macro_play
                0x00003c10       0xf0 .build/obj_ut472_th3v3gas/common/action_macro.o
                0x00003c10                action_macro_play
 .text.default_layer_state_set_user
                0x00003d00        0x2 .build/obj_ut472_th3v3gas/common/action_layer.o
                0x00003d00                default_layer_state_set_user
 .text.default_layer_state_set_kb
                0x00003d02        0x4 .build/obj_ut472_th3v3gas/common/action_layer.o
                0x00003d02                default_layer_state_set_kb
 .text.default_layer_state_set
                0x00003d06       0x18 .build/obj_ut472_th3v3gas/common/action_layer.o
 .text.default_layer_debug
                0x00003d1e        0x2 .build/obj_ut472_th3v3gas/common/action_layer.o
                0x00003d1e                default_layer_debug
 .text.default_layer_set
                0x00003d20        0x4 .build/obj_ut472_th3v3gas/common/action_layer.o
                0x00003d20                default_layer_set
 .text.default_layer_or
                0x00003d24       0x24 .build/obj_ut472_th3v3gas/common/action_layer.o
                0x00003d24                default_layer_or
 .text.default_layer_and
                0x00003d48       0x24 .build/obj_ut472_th3v3gas/common/action_layer.o
                0x00003d48                default_layer_and
 .text.default_layer_xor
                0x00003d6c       0x24 .build/obj_ut472_th3v3gas/common/action_layer.o
                0x00003d6c                default_layer_xor
 .text.layer_state_set_user
                0x00003d90        0x4 .build/obj_ut472_th3v3gas/common/action_layer.o
                0x00003d90                layer_state_set_user
 .text.layer_state_set_kb
                0x00003d94        0x4 .build/obj_ut472_th3v3gas/common/action_layer.o
                0x00003d94                layer_state_set_kb
 .text.layer_state_set
                0x00003d98       0x18 .build/obj_ut472_th3v3gas/common/action_layer.o
                0x00003d98                layer_state_set
 .text.layer_clear
                0x00003db0        0xa .build/obj_ut472_th3v3gas/common/action_layer.o
                0x00003db0                layer_clear
 .text.layer_move
                0x00003dba       0x2a .build/obj_ut472_th3v3gas/common/action_layer.o
                0x00003dba                layer_move
 .text.layer_on
                0x00003de4       0x42 .build/obj_ut472_th3v3gas/common/action_layer.o
                0x00003de4                layer_on
 .text.layer_off
                0x00003e26       0x46 .build/obj_ut472_th3v3gas/common/action_layer.o
                0x00003e26                layer_off
 .text.layer_invert
                0x00003e6c       0x42 .build/obj_ut472_th3v3gas/common/action_layer.o
                0x00003e6c                layer_invert
 .text.layer_or
                0x00003eae       0x24 .build/obj_ut472_th3v3gas/common/action_layer.o
                0x00003eae                layer_or
 .text.layer_and
                0x00003ed2       0x24 .build/obj_ut472_th3v3gas/common/action_layer.o
                0x00003ed2                layer_and
 .text.layer_xor
                0x00003ef6       0x24 .build/obj_ut472_th3v3gas/common/action_layer.o
                0x00003ef6                layer_xor
 .text.layer_debug
                0x00003f1a        0x2 .build/obj_ut472_th3v3gas/common/action_layer.o
                0x00003f1a                layer_debug
 .text.update_source_layers_cache
                0x00003f1c       0x6e .build/obj_ut472_th3v3gas/common/action_layer.o
                0x00003f1c                update_source_layers_cache
 .text.read_source_layers_cache
                0x00003f8a       0x58 .build/obj_ut472_th3v3gas/common/action_layer.o
                0x00003f8a                read_source_layers_cache
 .text.layer_switch_get_layer
                0x00003fe2       0x84 .build/obj_ut472_th3v3gas/common/action_layer.o
                0x00003fe2                layer_switch_get_layer
 .text.layer_switch_get_action
                0x00004066       0x14 .build/obj_ut472_th3v3gas/common/action_layer.o
                0x00004066                layer_switch_get_action
 .text.store_or_get_action
                0x0000407a       0x48 .build/obj_ut472_th3v3gas/common/action_layer.o
                0x0000407a                store_or_get_action
 .text.add_key  0x000040c2        0xe .build/obj_ut472_th3v3gas/common/action_util.o
                0x000040c2                add_key
 .text.del_key  0x000040d0        0xe .build/obj_ut472_th3v3gas/common/action_util.o
                0x000040d0                del_key
 .text.clear_keys
                0x000040de        0xc .build/obj_ut472_th3v3gas/common/action_util.o
                0x000040de                clear_keys
 .text.get_oneshot_layer
                0x000040ea        0xc .build/obj_ut472_th3v3gas/common/action_util.o
                0x000040ea                get_oneshot_layer
 .text.get_oneshot_layer_state
                0x000040f6        0x8 .build/obj_ut472_th3v3gas/common/action_util.o
                0x000040f6                get_oneshot_layer_state
 .text.is_oneshot_layer_active
                0x000040fe        0xe .build/obj_ut472_th3v3gas/common/action_util.o
                0x000040fe                is_oneshot_layer_active
 .text.get_mods
                0x0000410c        0x6 .build/obj_ut472_th3v3gas/common/action_util.o
                0x0000410c                get_mods
 .text.add_mods
                0x00004112        0xc .build/obj_ut472_th3v3gas/common/action_util.o
                0x00004112                add_mods
 .text.del_mods
                0x0000411e        0xe .build/obj_ut472_th3v3gas/common/action_util.o
                0x0000411e                del_mods
 .text.set_mods
                0x0000412c        0x6 .build/obj_ut472_th3v3gas/common/action_util.o
                0x0000412c                set_mods
 .text.clear_mods
                0x00004132        0x6 .build/obj_ut472_th3v3gas/common/action_util.o
                0x00004132                clear_mods
 .text.get_weak_mods
                0x00004138        0x6 .build/obj_ut472_th3v3gas/common/action_util.o
                0x00004138                get_weak_mods
 .text.add_weak_mods
                0x0000413e        0xc .build/obj_ut472_th3v3gas/common/action_util.o
                0x0000413e                add_weak_mods
 .text.del_weak_mods
                0x0000414a        0xe .build/obj_ut472_th3v3gas/common/action_util.o
                0x0000414a                del_weak_mods
 .text.clear_weak_mods
                0x00004158        0x6 .build/obj_ut472_th3v3gas/common/action_util.o
                0x00004158                clear_weak_mods
 .text.add_macro_mods
                0x0000415e        0xc .build/obj_ut472_th3v3gas/common/action_util.o
                0x0000415e                add_macro_mods
 .text.del_macro_mods
                0x0000416a        0xe .build/obj_ut472_th3v3gas/common/action_util.o
                0x0000416a                del_macro_mods
 .text.clear_macro_mods
                0x00004178        0x6 .build/obj_ut472_th3v3gas/common/action_util.o
                0x00004178                clear_macro_mods
 .text.get_oneshot_mods
                0x0000417e        0x6 .build/obj_ut472_th3v3gas/common/action_util.o
                0x0000417e                get_oneshot_mods
 .text.oneshot_mods_changed_user
                0x00004184        0x2 .build/obj_ut472_th3v3gas/common/action_util.o
                0x00004184                oneshot_mods_changed_user
 .text.oneshot_mods_changed_kb
                0x00004186        0x4 .build/obj_ut472_th3v3gas/common/action_util.o
                0x00004186                oneshot_mods_changed_kb
 .text.set_oneshot_mods
                0x0000418a       0x12 .build/obj_ut472_th3v3gas/common/action_util.o
                0x0000418a                set_oneshot_mods
 .text.clear_oneshot_mods
                0x0000419c       0x14 .build/obj_ut472_th3v3gas/common/action_util.o
                0x0000419c                clear_oneshot_mods
 .text.send_keyboard_report
                0x000041b0       0x66 .build/obj_ut472_th3v3gas/common/action_util.o
                0x000041b0                send_keyboard_report
 .text.oneshot_layer_changed_user
                0x00004216        0x2 .build/obj_ut472_th3v3gas/common/action_util.o
                0x00004216                oneshot_layer_changed_user
 .text.oneshot_layer_changed_kb
                0x00004218        0x4 .build/obj_ut472_th3v3gas/common/action_util.o
                0x00004218                oneshot_layer_changed_kb
 .text.set_oneshot_layer
                0x0000421c       0x20 .build/obj_ut472_th3v3gas/common/action_util.o
                0x0000421c                set_oneshot_layer
 .text.reset_oneshot_layer
                0x0000423c        0xa .build/obj_ut472_th3v3gas/common/action_util.o
                0x0000423c                reset_oneshot_layer
 .text.clear_oneshot_layer_state
                0x00004246       0x30 .build/obj_ut472_th3v3gas/common/action_util.o
                0x00004246                clear_oneshot_layer_state
 .text.eeconfig_is_enabled
                0x00004276       0x16 .build/obj_ut472_th3v3gas/common/eeconfig.o
                0x00004276                eeconfig_is_enabled
 .text.eeconfig_read_debug
                0x0000428c        0x8 .build/obj_ut472_th3v3gas/common/eeconfig.o
                0x0000428c                eeconfig_read_debug
 .text.eeconfig_update_debug
                0x00004294        0xa .build/obj_ut472_th3v3gas/common/eeconfig.o
                0x00004294                eeconfig_update_debug
 .text.eeconfig_read_default_layer
                0x0000429e        0x8 .build/obj_ut472_th3v3gas/common/eeconfig.o
                0x0000429e                eeconfig_read_default_layer
 .text.eeconfig_update_default_layer
                0x000042a6        0xa .build/obj_ut472_th3v3gas/common/eeconfig.o
                0x000042a6                eeconfig_update_default_layer
 .text.eeconfig_read_keymap
                0x000042b0       0x1c .build/obj_ut472_th3v3gas/common/eeconfig.o
                0x000042b0                eeconfig_read_keymap
 .text.eeconfig_update_keymap
                0x000042cc       0x1a .build/obj_ut472_th3v3gas/common/eeconfig.o
                0x000042cc                eeconfig_update_keymap
 .text.eeconfig_update_kb
                0x000042e6        0xc .build/obj_ut472_th3v3gas/common/eeconfig.o
                0x000042e6                eeconfig_update_kb
 .text.eeconfig_update_user
                0x000042f2        0xc .build/obj_ut472_th3v3gas/common/eeconfig.o
                0x000042f2                eeconfig_update_user
 .text.eeconfig_init_user
                0x000042fe        0xa .build/obj_ut472_th3v3gas/common/eeconfig.o
                0x000042fe                eeconfig_init_user
 .text.eeconfig_init_kb
                0x00004308        0xe .build/obj_ut472_th3v3gas/common/eeconfig.o
                0x00004308                eeconfig_init_kb
 .text.eeconfig_init_quantum
                0x00004316       0xae .build/obj_ut472_th3v3gas/common/eeconfig.o
                0x00004316                eeconfig_init_quantum
 .text.eeconfig_init
                0x000043c4        0x4 .build/obj_ut472_th3v3gas/common/eeconfig.o
                0x000043c4                eeconfig_init
 .text.eeconfig_update_handedness
                0x000043c8        0xa .build/obj_ut472_th3v3gas/common/eeconfig.o
                0x000043c8                eeconfig_update_handedness
 .text.has_anykey
                0x000043d2       0x28 .build/obj_ut472_th3v3gas/common/report.o
                0x000043d2                has_anykey
 .text.add_key_byte
                0x000043fa       0x34 .build/obj_ut472_th3v3gas/common/report.o
                0x000043fa                add_key_byte
 .text.del_key_byte
                0x0000442e       0x1a .build/obj_ut472_th3v3gas/common/report.o
                0x0000442e                del_key_byte
 .text.add_key_bit
                0x00004448       0x28 .build/obj_ut472_th3v3gas/common/report.o
                0x00004448                add_key_bit
 .text.del_key_bit
                0x00004470       0x2a .build/obj_ut472_th3v3gas/common/report.o
                0x00004470                del_key_bit
 .text.add_key_to_report
                0x0000449a       0x16 .build/obj_ut472_th3v3gas/common/report.o
                0x0000449a                add_key_to_report
 .text.del_key_from_report
                0x000044b0       0x16 .build/obj_ut472_th3v3gas/common/report.o
                0x000044b0                del_key_from_report
 .text.clear_keys_from_report
                0x000044c6       0x24 .build/obj_ut472_th3v3gas/common/report.o
                0x000044c6                clear_keys_from_report
 .text.matrix_power_up
                0x000044ea        0x2 .build/obj_ut472_th3v3gas/common/avr/suspend.o
                0x000044ea                matrix_power_up
 .text.suspend_power_down_user
                0x000044ec        0x2 .build/obj_ut472_th3v3gas/common/avr/suspend.o
                0x000044ec                suspend_power_down_user
 .text.suspend_power_down_kb
                0x000044ee        0x4 .build/obj_ut472_th3v3gas/common/avr/suspend.o
                0x000044ee                suspend_power_down_kb
 .text.suspend_power_down
                0x000044f2       0x60 .build/obj_ut472_th3v3gas/common/avr/suspend.o
                0x000044f2                suspend_power_down
 .text.matrix_power_down
                0x00004552        0x2 .build/obj_ut472_th3v3gas/common/avr/suspend.o
                0x00004552                matrix_power_down
 .text.suspend_wakeup_condition
                0x00004554       0x2a .build/obj_ut472_th3v3gas/common/avr/suspend.o
                0x00004554                suspend_wakeup_condition
 .text.suspend_wakeup_init_user
                0x0000457e        0x2 .build/obj_ut472_th3v3gas/common/avr/suspend.o
                0x0000457e                suspend_wakeup_init_user
 .text.suspend_wakeup_init_kb
                0x00004580        0x4 .build/obj_ut472_th3v3gas/common/avr/suspend.o
                0x00004580                suspend_wakeup_init_kb
 .text.suspend_wakeup_init
                0x00004584       0x10 .build/obj_ut472_th3v3gas/common/avr/suspend.o
                0x00004584                suspend_wakeup_init
 .text.__vector_13
                0x00004594       0x4e .build/obj_ut472_th3v3gas/common/avr/suspend.o
                0x00004594                __vector_13
 .text.timer_init
                0x000045e2       0x12 .build/obj_ut472_th3v3gas/common/avr/timer.o
                0x000045e2                timer_init
 .text.timer_read
                0x000045f4       0x18 .build/obj_ut472_th3v3gas/common/avr/timer.o
                0x000045f4                timer_read
 .text.timer_elapsed
                0x0000460c       0x54 .build/obj_ut472_th3v3gas/common/avr/timer.o
                0x0000460c                timer_elapsed
 .text.__vector_19
                0x00004660       0x48 .build/obj_ut472_th3v3gas/common/avr/timer.o
                0x00004660                __vector_19
 .text.bootloader_jump
                0x000046a8       0x48 .build/obj_ut472_th3v3gas/common/avr/bootloader.o
                0x000046a8                bootloader_jump
 .text.scan_keycode
                0x000046f0       0x7a .build/obj_ut472_th3v3gas/common/bootmagic.o
 .text.bootmagic_scan_keycode
                0x0000476a       0x1c .build/obj_ut472_th3v3gas/common/bootmagic.o
                0x0000476a                bootmagic_scan_keycode
 .text.bootmagic
                0x00004786      0x234 .build/obj_ut472_th3v3gas/common/bootmagic.o
                0x00004786                bootmagic
 .text.move_unit
                0x000049ba       0x98 .build/obj_ut472_th3v3gas/common/mousekey.o
 .text.wheel_unit
                0x00004a52       0x76 .build/obj_ut472_th3v3gas/common/mousekey.o
 .text.mousekey_on
                0x00004ac8       0xd0 .build/obj_ut472_th3v3gas/common/mousekey.o
                0x00004ac8                mousekey_on
 .text.mousekey_off
                0x00004b98       0xfe .build/obj_ut472_th3v3gas/common/mousekey.o
                0x00004b98                mousekey_off
 .text.mousekey_send
                0x00004c96       0x16 .build/obj_ut472_th3v3gas/common/mousekey.o
                0x00004c96                mousekey_send
 .text.mousekey_task
                0x00004cac      0x13c .build/obj_ut472_th3v3gas/common/mousekey.o
                0x00004cac                mousekey_task
 .text.mousekey_clear
                0x00004de8       0x18 .build/obj_ut472_th3v3gas/common/mousekey.o
                0x00004de8                mousekey_clear
 .text.keyboard_leds
                0x00004e00        0x6 .build/obj_ut472_th3v3gas/lufa.o
 .text.send_extra
                0x00004e06       0x66 .build/obj_ut472_th3v3gas/lufa.o
 .text.send_consumer
                0x00004e6c       0x24 .build/obj_ut472_th3v3gas/lufa.o
 .text.send_system
                0x00004e90        0xc .build/obj_ut472_th3v3gas/lufa.o
 .text.send_mouse
                0x00004e9c       0x56 .build/obj_ut472_th3v3gas/lufa.o
 .text.send_keyboard
                0x00004ef2       0x8c .build/obj_ut472_th3v3gas/lufa.o
 .text.EVENT_USB_Device_Reset
                0x00004f7e        0x2 .build/obj_ut472_th3v3gas/lufa.o
                0x00004f7e                EVENT_USB_Device_Reset
 .text.EVENT_USB_Device_Suspend
                0x00004f80        0x2 .build/obj_ut472_th3v3gas/lufa.o
                0x00004f80                EVENT_USB_Device_Suspend
 .text.EVENT_USB_Device_WakeUp
                0x00004f82        0x4 .build/obj_ut472_th3v3gas/lufa.o
                0x00004f82                EVENT_USB_Device_WakeUp
 .text.EVENT_USB_Device_ConfigurationChanged
                0x00004f86       0x14 .build/obj_ut472_th3v3gas/lufa.o
                0x00004f86                EVENT_USB_Device_ConfigurationChanged
 .text.EVENT_USB_Device_ControlRequest
                0x00004f9a      0x16a .build/obj_ut472_th3v3gas/lufa.o
                0x00004f9a                EVENT_USB_Device_ControlRequest
 .text.startup.main
                0x00005104       0x7e .build/obj_ut472_th3v3gas/lufa.o
                0x00005104                main
 .text.CALLBACK_USB_GetDescriptor
                0x00005182        0x4 .build/obj_ut472_th3v3gas/lufa.o
                0x00005182                CALLBACK_USB_GetDescriptor
 .text.get_usb_descriptor
                0x00005186       0xbc .build/obj_ut472_th3v3gas/usb_descriptor.o
                0x00005186                get_usb_descriptor
 .text.auto_detect_output
                0x00005242       0x10 .build/obj_ut472_th3v3gas/outputselect.o
                0x00005242                auto_detect_output
 .text.where_to_send
                0x00005252        0xe .build/obj_ut472_th3v3gas/outputselect.o
                0x00005252                where_to_send
 .text.USB_Device_SendRemoteWakeup
                0x00005260       0x2c .build/obj_ut472_th3v3gas/lib/lufa/LUFA/Drivers/USB/Core/AVR8/Device_AVR8.o
                0x00005260                USB_Device_SendRemoteWakeup
 .text.Endpoint_Write_Stream_LE
                0x0000528c       0x9e .build/obj_ut472_th3v3gas/lib/lufa/LUFA/Drivers/USB/Core/AVR8/EndpointStream_AVR8.o
                0x0000528c                Endpoint_Write_Stream_LE
 .text.Endpoint_Write_Control_Stream_LE
                0x0000532a       0xb8 .build/obj_ut472_th3v3gas/lib/lufa/LUFA/Drivers/USB/Core/AVR8/EndpointStream_AVR8.o
                0x0000532a                Endpoint_Write_Control_Stream_LE
 .text.Endpoint_Write_Control_PStream_LE
                0x000053e2       0xba .build/obj_ut472_th3v3gas/lib/lufa/LUFA/Drivers/USB/Core/AVR8/EndpointStream_AVR8.o
                0x000053e2                Endpoint_Write_Control_PStream_LE
 .text.Endpoint_ConfigureEndpoint_Prv
                0x0000549c       0x68 .build/obj_ut472_th3v3gas/lib/lufa/LUFA/Drivers/USB/Core/AVR8/Endpoint_AVR8.o
                0x0000549c                Endpoint_ConfigureEndpoint_Prv
 .text.Endpoint_ClearStatusStage
                0x00005504       0x3e .build/obj_ut472_th3v3gas/lib/lufa/LUFA/Drivers/USB/Core/AVR8/Endpoint_AVR8.o
                0x00005504                Endpoint_ClearStatusStage
 .text.Endpoint_WaitUntilReady
                0x00005542       0x62 .build/obj_ut472_th3v3gas/lib/lufa/LUFA/Drivers/USB/Core/AVR8/Endpoint_AVR8.o
                0x00005542                Endpoint_WaitUntilReady
 .text.USB_Disable
                0x000055a4       0x2e .build/obj_ut472_th3v3gas/lib/lufa/LUFA/Drivers/USB/Core/AVR8/USBController_AVR8.o
                0x000055a4                USB_Disable
 .text.USB_ResetInterface
                0x000055d2       0x78 .build/obj_ut472_th3v3gas/lib/lufa/LUFA/Drivers/USB/Core/AVR8/USBController_AVR8.o
                0x000055d2                USB_ResetInterface
 .text.USB_Init
                0x0000564a       0x14 .build/obj_ut472_th3v3gas/lib/lufa/LUFA/Drivers/USB/Core/AVR8/USBController_AVR8.o
                0x0000564a                USB_Init
 .text.USB_INT_DisableAllInterrupts
                0x0000565e        0x6 .build/obj_ut472_th3v3gas/lib/lufa/LUFA/Drivers/USB/Core/AVR8/USBInterrupt_AVR8.o
                0x0000565e                USB_INT_DisableAllInterrupts
 .text.USB_INT_ClearAllInterrupts
                0x00005664        0x6 .build/obj_ut472_th3v3gas/lib/lufa/LUFA/Drivers/USB/Core/AVR8/USBInterrupt_AVR8.o
                0x00005664                USB_INT_ClearAllInterrupts
 .text.__vector_11
                0x0000566a      0x162 .build/obj_ut472_th3v3gas/lib/lufa/LUFA/Drivers/USB/Core/AVR8/USBInterrupt_AVR8.o
                0x0000566a                __vector_11
 .text.__vector_12
                0x000057cc       0x88 .build/obj_ut472_th3v3gas/lib/lufa/LUFA/Drivers/USB/Core/AVR8/USBInterrupt_AVR8.o
                0x000057cc                __vector_12
 .text.USB_Device_ProcessControlRequest
                0x00005854      0x2a4 .build/obj_ut472_th3v3gas/lib/lufa/LUFA/Drivers/USB/Core/DeviceStandardReq.o
                0x00005854                USB_Device_ProcessControlRequest
 .text.USB_Event_Stub
                0x00005af8        0x2 .build/obj_ut472_th3v3gas/lib/lufa/LUFA/Drivers/USB/Core/Events.o
                0x00005af8                EVENT_USB_Device_StartOfFrame
                0x00005af8                USB_Event_Stub
 .text.USB_USBTask
                0x00005afa       0x36 .build/obj_ut472_th3v3gas/lib/lufa/LUFA/Drivers/USB/Core/USBTask.o
                0x00005afa                USB_USBTask
 .text.libgcc.mul
                0x00005b30       0x12 c:/users/nonej/documents/keyboard/msys64/home/nonej/qmk_utils/avr8-gnu-toolchain/bin/../lib/gcc/avr/8.3.0/avr35\libgcc.a(_mulqi3.o)
                0x00005b30                __mulqi3
 .text.libgcc.mul
                0x00005b42       0x22 c:/users/nonej/documents/keyboard/msys64/home/nonej/qmk_utils/avr8-gnu-toolchain/bin/../lib/gcc/avr/8.3.0/avr35\libgcc.a(_mulhi3.o)
                0x00005b42                __mulhi3
 .text.libgcc.div
                0x00005b64       0x28 c:/users/nonej/documents/keyboard/msys64/home/nonej/qmk_utils/avr8-gnu-toolchain/bin/../lib/gcc/avr/8.3.0/avr35\libgcc.a(_udivmodhi4.o)
                0x00005b64                __udivmodhi4
 .text.libgcc.div
                0x00005b8c       0x28 c:/users/nonej/documents/keyboard/msys64/home/nonej/qmk_utils/avr8-gnu-toolchain/bin/../lib/gcc/avr/8.3.0/avr35\libgcc.a(_divmodhi4.o)
                0x00005b8c                _div
                0x00005b8c                __divmodhi4
 .text.libgcc   0x00005bb4        0xc c:/users/nonej/documents/keyboard/msys64/home/nonej/qmk_utils/avr8-gnu-toolchain/bin/../lib/gcc/avr/8.3.0/avr35\libgcc.a(_tablejump2.o)
                0x00005bb4                __tablejump2__
 .text.avr-libc
                0x00005bc0       0x1a c:/users/nonej/documents/keyboard/msys64/home/nonej/qmk_utils/avr8-gnu-toolchain/bin/../lib/gcc/avr/8.3.0/../../../../avr/lib/avr35\libc.a(memchr.o)
                0x00005bc0                memchr
 .text.avr-libc
                0x00005bda       0x10 c:/users/nonej/documents/keyboard/msys64/home/nonej/qmk_utils/avr8-gnu-toolchain/bin/../lib/gcc/avr/8.3.0/../../../../avr/lib/avr35\libatmega32u2.a(eerd_byte.o)
                0x00005bda                eeprom_read_byte
 .text.avr-libc
                0x00005bea        0xc c:/users/nonej/documents/keyboard/msys64/home/nonej/qmk_utils/avr8-gnu-toolchain/bin/../lib/gcc/avr/8.3.0/../../../../avr/lib/avr35\libatmega32u2.a(eerd_dword.o)
                0x00005bea                eeprom_read_float
                0x00005bea                eeprom_read_dword
 .text.avr-libc
                0x00005bf6        0xc c:/users/nonej/documents/keyboard/msys64/home/nonej/qmk_utils/avr8-gnu-toolchain/bin/../lib/gcc/avr/8.3.0/../../../../avr/lib/avr35\libatmega32u2.a(eerd_word.o)
                0x00005bf6                eeprom_read_word
 .text.avr-libc
                0x00005c02       0x24 c:/users/nonej/documents/keyboard/msys64/home/nonej/qmk_utils/avr8-gnu-toolchain/bin/../lib/gcc/avr/8.3.0/../../../../avr/lib/avr35\libatmega32u2.a(eeupd_byte.o)
                0x00005c02                eeprom_update_byte
                0x00005c04                eeprom_update_r18
 .text.avr-libc
                0x00005c26       0x18 c:/users/nonej/documents/keyboard/msys64/home/nonej/qmk_utils/avr8-gnu-toolchain/bin/../lib/gcc/avr/8.3.0/../../../../avr/lib/avr35\libatmega32u2.a(eeupd_dword.o)
                0x00005c26                eeprom_update_float
                0x00005c26                eeprom_update_dword
 .text.avr-libc
                0x00005c3e        0xc c:/users/nonej/documents/keyboard/msys64/home/nonej/qmk_utils/avr8-gnu-toolchain/bin/../lib/gcc/avr/8.3.0/../../../../avr/lib/avr35\libatmega32u2.a(eeupd_word.o)
                0x00005c3e                eeprom_update_word
 .text.avr-libc
                0x00005c4a       0x20 c:/users/nonej/documents/keyboard/msys64/home/nonej/qmk_utils/avr8-gnu-toolchain/bin/../lib/gcc/avr/8.3.0/../../../../avr/lib/avr35\libatmega32u2.a(eerd_block.o)
                0x00005c4a                eeprom_read_block
                0x00005c4e                eeprom_read_blraw
                0x00005c6a                . = ALIGN (0x2)
 *(.fini9)
 .fini9         0x00005c6a        0x0 c:/users/nonej/documents/keyboard/msys64/home/nonej/qmk_utils/avr8-gnu-toolchain/bin/../lib/gcc/avr/8.3.0/avr35\libgcc.a(_exit.o)
                0x00005c6a                _exit
                0x00005c6a                exit
 *(.fini9)
 *(.fini8)
 *(.fini8)
 *(.fini7)
 *(.fini7)
 *(.fini6)
 *(.fini6)
 *(.fini5)
 *(.fini5)
 *(.fini4)
 *(.fini4)
 *(.fini3)
 *(.fini3)
 *(.fini2)
 *(.fini2)
 *(.fini1)
 *(.fini1)
 *(.fini0)
 .fini0         0x00005c6a        0x4 c:/users/nonej/documents/keyboard/msys64/home/nonej/qmk_utils/avr8-gnu-toolchain/bin/../lib/gcc/avr/8.3.0/avr35\libgcc.a(_exit.o)
 *(.fini0)
 *(.hightext)
 *(.hightext*)
 *(.progmemx.*)
                0x00005c6e                . = ALIGN (0x2)
 *(.jumptables)
 *(.jumptables*)
 .jumptables.gcc.process_rgb
                0x00005c6e       0x28 .build/obj_ut472_th3v3gas/quantum/process_keycode/process_rgb.o
 .jumptables.gcc.process_action
                0x00005c96       0x20 .build/obj_ut472_th3v3gas/common/action.o
 .jumptables.gcc.is_tap_action
                0x00005cb6       0x1c .build/obj_ut472_th3v3gas/common/action.o
 .jumptables.gcc.USB_Device_ProcessControlRequest
                0x00005cd2       0x14 .build/obj_ut472_th3v3gas/lib/lufa/LUFA/Drivers/USB/Core/DeviceStandardReq.o
                0x00005ce6                _etext = .

.data           0x00800100      0x1b8 load address 0x00005ce6
                0x00800100                PROVIDE (__data_start = .)
 *(.data)
 *(.data*)
 .data.key_combos
                0x00800100        0xa .build/obj_ut472_th3v3gas/keyboards/ut472/keymaps/th3v3gas/keymap.o
                0x00800100                key_combos
 .data.tap_dance_actions
                0x0080010a       0xc6 .build/obj_ut472_th3v3gas/keyboards/ut472/keymaps/th3v3gas/keymap.o
                0x0080010a                tap_dance_actions
 .data.__compound_literal.6
                0x008001d0        0x4 .build/obj_ut472_th3v3gas/keyboards/ut472/keymaps/th3v3gas/keymap.o
 .data.__compound_literal.5
                0x008001d4        0x4 .build/obj_ut472_th3v3gas/keyboards/ut472/keymaps/th3v3gas/keymap.o
 .data.__compound_literal.4
                0x008001d8        0x4 .build/obj_ut472_th3v3gas/keyboards/ut472/keymaps/th3v3gas/keymap.o
 .data.__compound_literal.3
                0x008001dc        0x4 .build/obj_ut472_th3v3gas/keyboards/ut472/keymaps/th3v3gas/keymap.o
 .data.__compound_literal.2
                0x008001e0        0x4 .build/obj_ut472_th3v3gas/keyboards/ut472/keymaps/th3v3gas/keymap.o
 .data.__compound_literal.1
                0x008001e4        0x4 .build/obj_ut472_th3v3gas/keyboards/ut472/keymaps/th3v3gas/keymap.o
 .data.__compound_literal.0
                0x008001e8        0x4 .build/obj_ut472_th3v3gas/keyboards/ut472/keymaps/th3v3gas/keymap.o
 .data.b_combo_enable
                0x008001ec        0x1 .build/obj_ut472_th3v3gas/quantum/process_keycode/process_combo.o
 .data.increment.3230
                0x008001ed        0x1 .build/obj_ut472_th3v3gas/quantum/rgblight.o
 .data.high_bound.3229
                0x008001ee        0x1 .build/obj_ut472_th3v3gas/quantum/rgblight.o
 .data.effect_num_leds
                0x008001ef        0x1 .build/obj_ut472_th3v3gas/quantum/rgblight.o
 .data.effect_end_pos
                0x008001f0        0x1 .build/obj_ut472_th3v3gas/quantum/rgblight.o
 .data.clipping_num_leds
                0x008001f1        0x1 .build/obj_ut472_th3v3gas/quantum/rgblight.o
 .data.static_effect_table
                0x008001f2        0xb .build/obj_ut472_th3v3gas/quantum/rgblight.o
 .data.highest_td
                0x008001fd        0x1 .build/obj_ut472_th3v3gas/quantum/process_keycode/process_tap_dance.o
 .data.keyboard_report
                0x008001fe        0x2 .build/obj_ut472_th3v3gas/common/action_util.o
                0x008001fe                keyboard_report
 .data.mk_wheel_time_to_max
                0x00800200        0x1 .build/obj_ut472_th3v3gas/common/mousekey.o
                0x00800200                mk_wheel_time_to_max
 .data.mk_wheel_max_speed
                0x00800201        0x1 .build/obj_ut472_th3v3gas/common/mousekey.o
                0x00800201                mk_wheel_max_speed
 .data.mk_time_to_max
                0x00800202        0x1 .build/obj_ut472_th3v3gas/common/mousekey.o
                0x00800202                mk_time_to_max
 .data.mk_max_speed
                0x00800203        0x1 .build/obj_ut472_th3v3gas/common/mousekey.o
                0x00800203                mk_max_speed
 .data.mk_interval
                0x00800204        0x1 .build/obj_ut472_th3v3gas/common/mousekey.o
                0x00800204                mk_interval
 .data.mk_delay
                0x00800205        0x1 .build/obj_ut472_th3v3gas/common/mousekey.o
                0x00800205                mk_delay
 .data.lufa_driver
                0x00800206        0xa .build/obj_ut472_th3v3gas/lufa.o
                0x00800206                lufa_driver
 .data.keyboard_protocol
                0x00800210        0x1 .build/obj_ut472_th3v3gas/lufa.o
                0x00800210                keyboard_protocol
 *(.gnu.linkonce.d*)
 *(.rodata)
 *(.rodata*)
 .rodata.TDEMOTE.str1.1
                0x00800211        0x3 .build/obj_ut472_th3v3gas/keyboards/ut472/keymaps/th3v3gas/keymap.o
 .rodata.process_record_user.str1.1
                0x00800214        0xc .build/obj_ut472_th3v3gas/keyboards/ut472/keymaps/th3v3gas/keymap.o
 .rodata.CSWTCH.1
                0x00800220       0x2e .build/obj_ut472_th3v3gas/quantum/keymap_common.o
 .rodata.CSWTCH.0
                0x0080024e        0x3 .build/obj_ut472_th3v3gas/quantum/keymap_common.o
 .rodata.col_pins
                0x00800251        0xc .build/obj_ut472_th3v3gas/quantum/matrix.o
 .rodata.row_pins
                0x0080025d        0x4 .build/obj_ut472_th3v3gas/quantum/matrix.o
 .rodata.mode_base_table
                0x00800261       0x25 .build/obj_ut472_th3v3gas/quantum/rgblight.o
 .rodata.CSWTCH.16
                0x00800286       0x2e .build/obj_ut472_th3v3gas/common/action.o
 .rodata.CSWTCH.15
                0x008002b4        0x3 .build/obj_ut472_th3v3gas/common/action.o
 *(.gnu.linkonce.r*)
                0x008002b8                . = ALIGN (0x2)
 *fill*         0x008002b7        0x1 
                0x008002b8                _edata = .
                0x008002b8                PROVIDE (__data_end = .)

.bss            0x008002b8      0x137
                0x008002b8                PROVIDE (__bss_start = .)
 *(.bss)
 *(.bss*)
 .bss.td_state  0x008002b8        0x1 .build/obj_ut472_th3v3gas/keyboards/ut472/keymaps/th3v3gas/keymap.o
 .bss.debouncing_time
                0x008002b9        0x2 .build/obj_ut472_th3v3gas/quantum/debounce/sym_g.o
 .bss.debouncing
                0x008002bb        0x1 .build/obj_ut472_th3v3gas/quantum/debounce/sym_g.o
 .bss.key_buffer
                0x008002bc       0x10 .build/obj_ut472_th3v3gas/quantum/process_keycode/process_combo.o
 .bss.buffer_size
                0x008002cc        0x1 .build/obj_ut472_th3v3gas/quantum/process_keycode/process_combo.o
 .bss.is_active
                0x008002cd        0x1 .build/obj_ut472_th3v3gas/quantum/process_keycode/process_combo.o
 .bss.drop_buffer
                0x008002ce        0x1 .build/obj_ut472_th3v3gas/quantum/process_keycode/process_combo.o
 .bss.current_combo_index
                0x008002cf        0x1 .build/obj_ut472_th3v3gas/quantum/process_keycode/process_combo.o
 .bss.timer     0x008002d0        0x2 .build/obj_ut472_th3v3gas/quantum/process_keycode/process_combo.o
 .bss.maxval.3251
                0x008002d2        0x1 .build/obj_ut472_th3v3gas/quantum/rgblight.o
 .bss.low_bound.3228
                0x008002d3        0x1 .build/obj_ut472_th3v3gas/quantum/rgblight.o
 .bss.pos.3212  0x008002d4        0x1 .build/obj_ut472_th3v3gas/quantum/rgblight.o
 .bss.effect_start_pos
                0x008002d5        0x1 .build/obj_ut472_th3v3gas/quantum/rgblight.o
 .bss.clipping_start_pos
                0x008002d6        0x1 .build/obj_ut472_th3v3gas/quantum/rgblight.o
 .bss.animation_status
                0x008002d7        0x6 .build/obj_ut472_th3v3gas/quantum/rgblight.o
                0x008002d7                animation_status
 .bss.is_rgblight_initialized
                0x008002dd        0x1 .build/obj_ut472_th3v3gas/quantum/rgblight.o
                0x008002dd                is_rgblight_initialized
 .bss.rgblight_status
                0x008002de        0x2 .build/obj_ut472_th3v3gas/quantum/rgblight.o
                0x008002de                rgblight_status
 .bss.last_td   0x008002e0        0x2 .build/obj_ut472_th3v3gas/quantum/process_keycode/process_tap_dance.o
 .bss.sc_timer  0x008002e2        0x2 .build/obj_ut472_th3v3gas/quantum/process_keycode/process_space_cadet.o
 .bss.sc_last   0x008002e4        0x1 .build/obj_ut472_th3v3gas/quantum/process_keycode/process_space_cadet.o
 .bss.grave_esc_was_shifted
                0x008002e5        0x1 .build/obj_ut472_th3v3gas/quantum/process_keycode/process_grave_esc.o
 .bss.last_consumer_report
                0x008002e6        0x2 .build/obj_ut472_th3v3gas/common/host.o
 .bss.last_system_report
                0x008002e8        0x2 .build/obj_ut472_th3v3gas/common/host.o
 .bss.driver    0x008002ea        0x2 .build/obj_ut472_th3v3gas/common/host.o
 .bss.led_status.5869
                0x008002ec        0x1 .build/obj_ut472_th3v3gas/common/keyboard.o
 .bss.matrix_prev.5868
                0x008002ed        0x8 .build/obj_ut472_th3v3gas/common/keyboard.o
 .bss.disable_action_cache
                0x008002f5        0x1 .build/obj_ut472_th3v3gas/common/action.o
                0x008002f5                disable_action_cache
 .bss.waiting_buffer_tail
                0x008002f6        0x1 .build/obj_ut472_th3v3gas/common/action_tapping.o
 .bss.waiting_buffer_head
                0x008002f7        0x1 .build/obj_ut472_th3v3gas/common/action_tapping.o
 .bss.waiting_buffer
                0x008002f8       0x30 .build/obj_ut472_th3v3gas/common/action_tapping.o
 .bss.tapping_key
                0x00800328        0x6 .build/obj_ut472_th3v3gas/common/action_tapping.o
 .bss.source_layers_cache
                0x0080032e       0x1e .build/obj_ut472_th3v3gas/common/action_layer.o
                0x0080032e                source_layers_cache
 .bss.layer_state
                0x0080034c        0x4 .build/obj_ut472_th3v3gas/common/action_layer.o
                0x0080034c                layer_state
 .bss.default_layer_state
                0x00800350        0x4 .build/obj_ut472_th3v3gas/common/action_layer.o
                0x00800350                default_layer_state
 .bss.oneshot_layer_data
                0x00800354        0x1 .build/obj_ut472_th3v3gas/common/action_util.o
 .bss.oneshot_mods
                0x00800355        0x1 .build/obj_ut472_th3v3gas/common/action_util.o
 .bss.__compound_literal.0
                0x00800356       0x20 .build/obj_ut472_th3v3gas/common/action_util.o
 .bss.macro_mods
                0x00800376        0x1 .build/obj_ut472_th3v3gas/common/action_util.o
 .bss.weak_mods
                0x00800377        0x1 .build/obj_ut472_th3v3gas/common/action_util.o
 .bss.real_mods
                0x00800378        0x1 .build/obj_ut472_th3v3gas/common/action_util.o
 .bss.debug_config
                0x00800379        0x1 .build/obj_ut472_th3v3gas/common/debug.o
                0x00800379                debug_config
 .bss.wdt_timeout
                0x0080037a        0x1 .build/obj_ut472_th3v3gas/common/avr/suspend.o
 .bss.last_timer
                0x0080037b        0x2 .build/obj_ut472_th3v3gas/common/mousekey.o
 .bss.mousekey_repeat
                0x0080037d        0x1 .build/obj_ut472_th3v3gas/common/mousekey.o
 .bss.mousekey_accel
                0x0080037e        0x1 .build/obj_ut472_th3v3gas/common/mousekey.o
 .bss.mouse_report
                0x0080037f        0x6 .build/obj_ut472_th3v3gas/common/mousekey.o
 .bss.keyboard_report_sent
                0x00800385       0x20 .build/obj_ut472_th3v3gas/lufa.o
 .bss.keyboard_led_stats
                0x008003a5        0x1 .build/obj_ut472_th3v3gas/lufa.o
 .bss.keyboard_idle
                0x008003a6        0x1 .build/obj_ut472_th3v3gas/lufa.o
                0x008003a6                keyboard_idle
 .bss.desired_output
                0x008003a7        0x1 .build/obj_ut472_th3v3gas/outputselect.o
                0x008003a7                desired_output
 *(COMMON)
 COMMON         0x008003a8       0x10 .build/obj_ut472_th3v3gas/quantum/matrix_common.o
                0x008003a8                raw_matrix
                0x008003b0                matrix
 COMMON         0x008003b8        0x5 .build/obj_ut472_th3v3gas/quantum/process_keycode/process_unicode_common.o
                0x008003b8                unicode_config
                0x008003bc                unicode_saved_mods
 COMMON         0x008003bd       0x1d .build/obj_ut472_th3v3gas/quantum/rgblight.o
                0x008003bd                rgblight_config
                0x008003c2                led
 COMMON         0x008003da        0x2 .build/obj_ut472_th3v3gas/common/action.o
                0x008003da                tp_buttons
 COMMON         0x008003dc        0x4 .build/obj_ut472_th3v3gas/common/avr/timer.o
                0x008003dc                timer_count
 COMMON         0x008003e0        0x2 .build/obj_ut472_th3v3gas/common/bootmagic.o
                0x008003e0                keymap_config
 COMMON         0x008003e2        0x3 .build/obj_ut472_th3v3gas/lib/lufa/LUFA/Drivers/USB/Core/DeviceStandardReq.o
                0x008003e2                USB_Device_ConfigurationNumber
                0x008003e3                USB_Device_CurrentlySelfPowered
                0x008003e4                USB_Device_RemoteWakeupEnabled
 COMMON         0x008003e5        0xa .build/obj_ut472_th3v3gas/lib/lufa/LUFA/Drivers/USB/Core/USBTask.o
                0x008003e5                USB_IsInitialized
                0x008003e6                USB_DeviceState
                0x008003e7                USB_ControlRequest
                0x008003ef                PROVIDE (__bss_end = .)
                0x00005ce6                __data_load_start = LOADADDR (.data)
                0x00005e9e                __data_load_end = (__data_load_start + SIZEOF (.data))

.noinit         0x008003ef        0x4
                [!provide]                PROVIDE (__noinit_start = .)
 *(.noinit*)
 .noinit        0x008003ef        0x4 .build/obj_ut472_th3v3gas/common/avr/bootloader.o
                0x008003ef                reset_key
                [!provide]                PROVIDE (__noinit_end = .)
                0x008003f3                _end = .
                [!provide]                PROVIDE (__heap_start = .)

.eeprom         0x00810000        0x0
 *(.eeprom*)
                0x00810000                __eeprom_end = .

.fuse
 *(.fuse)
 *(.lfuse)
 *(.hfuse)
 *(.efuse)

.lock
 *(.lock*)

.signature
 *(.signature*)

.stab
 *(.stab)

.stabstr        0x00000000       0x95
 *(.stabstr)
 .stabstr       0x00000000       0x95 .build/obj_ut472_th3v3gas/common/avr/xprintf.o

.stab.excl
 *(.stab.excl)

.stab.exclstr
 *(.stab.exclstr)

.stab.index
 *(.stab.index)

.stab.indexstr
 *(.stab.indexstr)

.comment        0x00000000       0x11
 *(.comment)
 .comment       0x00000000       0x11 .build/obj_ut472_th3v3gas/keyboards/ut472/ut472.o
                                 0x12 (size before relaxing)
 .comment       0x00000011       0x12 .build/obj_ut472_th3v3gas/keyboards/ut472/keymaps/th3v3gas/keymap.o
 .comment       0x00000011       0x12 .build/obj_ut472_th3v3gas/quantum/quantum.o
 .comment       0x00000011       0x12 .build/obj_ut472_th3v3gas/quantum/keymap_common.o
 .comment       0x00000011       0x12 .build/obj_ut472_th3v3gas/quantum/keycode_config.o
 .comment       0x00000011       0x12 .build/obj_ut472_th3v3gas/quantum/matrix_common.o
 .comment       0x00000011       0x12 .build/obj_ut472_th3v3gas/quantum/matrix.o
 .comment       0x00000011       0x12 .build/obj_ut472_th3v3gas/quantum/debounce/sym_g.o
 .comment       0x00000011       0x12 .build/obj_ut472_th3v3gas/quantum/process_keycode/process_combo.o
 .comment       0x00000011       0x12 .build/obj_ut472_th3v3gas/quantum/process_keycode/process_unicode.o
 .comment       0x00000011       0x12 .build/obj_ut472_th3v3gas/quantum/process_keycode/process_unicode_common.o
 .comment       0x00000011       0x12 .build/obj_ut472_th3v3gas/quantum/color.o
 .comment       0x00000011       0x12 .build/obj_ut472_th3v3gas/quantum/rgblight.o
 .comment       0x00000011       0x12 .build/obj_ut472_th3v3gas/quantum/process_keycode/process_rgb.o
 .comment       0x00000011       0x12 .build/obj_ut472_th3v3gas/quantum/process_keycode/process_tap_dance.o
 .comment       0x00000011       0x12 .build/obj_ut472_th3v3gas/ws2812.o
 .comment       0x00000011       0x12 .build/obj_ut472_th3v3gas/quantum/led_tables.o
 .comment       0x00000011       0x12 .build/obj_ut472_th3v3gas/quantum/process_keycode/process_space_cadet.o
 .comment       0x00000011       0x12 .build/obj_ut472_th3v3gas/quantum/process_keycode/process_magic.o
 .comment       0x00000011       0x12 .build/obj_ut472_th3v3gas/quantum/process_keycode/process_grave_esc.o
 .comment       0x00000011       0x12 .build/obj_ut472_th3v3gas/common/host.o
 .comment       0x00000011       0x12 .build/obj_ut472_th3v3gas/common/keyboard.o
 .comment       0x00000011       0x12 .build/obj_ut472_th3v3gas/common/action.o
 .comment       0x00000011       0x12 .build/obj_ut472_th3v3gas/common/action_tapping.o
 .comment       0x00000011       0x12 .build/obj_ut472_th3v3gas/common/action_macro.o
 .comment       0x00000011       0x12 .build/obj_ut472_th3v3gas/common/action_layer.o
 .comment       0x00000011       0x12 .build/obj_ut472_th3v3gas/common/action_util.o
 .comment       0x00000011       0x12 .build/obj_ut472_th3v3gas/common/debug.o
 .comment       0x00000011       0x12 .build/obj_ut472_th3v3gas/common/eeconfig.o
 .comment       0x00000011       0x12 .build/obj_ut472_th3v3gas/common/report.o
 .comment       0x00000011       0x12 .build/obj_ut472_th3v3gas/common/avr/suspend.o
 .comment       0x00000011       0x12 .build/obj_ut472_th3v3gas/common/avr/timer.o
 .comment       0x00000011       0x12 .build/obj_ut472_th3v3gas/common/avr/bootloader.o
 .comment       0x00000011       0x12 .build/obj_ut472_th3v3gas/common/bootmagic.o
 .comment       0x00000011       0x12 .build/obj_ut472_th3v3gas/common/mousekey.o
 .comment       0x00000011       0x12 .build/obj_ut472_th3v3gas/lufa.o
 .comment       0x00000011       0x12 .build/obj_ut472_th3v3gas/usb_descriptor.o
 .comment       0x00000011       0x12 .build/obj_ut472_th3v3gas/outputselect.o
 .comment       0x00000011       0x12 .build/obj_ut472_th3v3gas/lib/lufa/LUFA/Drivers/USB/Core/AVR8/Device_AVR8.o
 .comment       0x00000011       0x12 .build/obj_ut472_th3v3gas/lib/lufa/LUFA/Drivers/USB/Core/AVR8/EndpointStream_AVR8.o
 .comment       0x00000011       0x12 .build/obj_ut472_th3v3gas/lib/lufa/LUFA/Drivers/USB/Core/AVR8/Endpoint_AVR8.o
 .comment       0x00000011       0x12 .build/obj_ut472_th3v3gas/lib/lufa/LUFA/Drivers/USB/Core/AVR8/USBController_AVR8.o
 .comment       0x00000011       0x12 .build/obj_ut472_th3v3gas/lib/lufa/LUFA/Drivers/USB/Core/AVR8/USBInterrupt_AVR8.o
 .comment       0x00000011       0x12 .build/obj_ut472_th3v3gas/lib/lufa/LUFA/Drivers/USB/Core/DeviceStandardReq.o
 .comment       0x00000011       0x12 .build/obj_ut472_th3v3gas/lib/lufa/LUFA/Drivers/USB/Core/Events.o
 .comment       0x00000011       0x12 .build/obj_ut472_th3v3gas/lib/lufa/LUFA/Drivers/USB/Core/USBTask.o

.note.gnu.avr.deviceinfo
                0x00000000       0x40
 .note.gnu.avr.deviceinfo
                0x00000000       0x40 c:/users/nonej/documents/keyboard/msys64/home/nonej/qmk_utils/avr8-gnu-toolchain/bin/../lib/gcc/avr/8.3.0/../../../../avr/lib/avr35/crtatmega32u2.o

.note.gnu.build-id
 *(.note.gnu.build-id)

.debug
 *(.debug)

.line
 *(.line)

.debug_srcinfo
 *(.debug_srcinfo)

.debug_sfnames
 *(.debug_sfnames)

.debug_aranges  0x00000000     0x12e0
 *(.debug_aranges)
 .debug_aranges
                0x00000000       0x28 .build/obj_ut472_th3v3gas/keyboards/ut472/ut472.o
 .debug_aranges
                0x00000028       0x48 .build/obj_ut472_th3v3gas/keyboards/ut472/keymaps/th3v3gas/keymap.o
 .debug_aranges
                0x00000070      0x130 .build/obj_ut472_th3v3gas/quantum/quantum.o
 .debug_aranges
                0x000001a0       0x40 .build/obj_ut472_th3v3gas/quantum/keymap_common.o
 .debug_aranges
                0x000001e0       0x28 .build/obj_ut472_th3v3gas/quantum/keycode_config.o
 .debug_aranges
                0x00000208       0x88 .build/obj_ut472_th3v3gas/quantum/matrix_common.o
 .debug_aranges
                0x00000290       0x28 .build/obj_ut472_th3v3gas/quantum/matrix.o
 .debug_aranges
                0x000002b8       0x30 .build/obj_ut472_th3v3gas/quantum/debounce/sym_g.o
 .debug_aranges
                0x000002e8       0x58 .build/obj_ut472_th3v3gas/quantum/process_keycode/process_combo.o
 .debug_aranges
                0x00000340       0x20 .build/obj_ut472_th3v3gas/quantum/process_keycode/process_unicode.o
 .debug_aranges
                0x00000360       0x88 .build/obj_ut472_th3v3gas/quantum/process_keycode/process_unicode_common.o
 .debug_aranges
                0x000003e8       0x20 .build/obj_ut472_th3v3gas/quantum/color.o
 .debug_aranges
                0x00000408      0x2d0 .build/obj_ut472_th3v3gas/quantum/rgblight.o
 .debug_aranges
                0x000006d8       0x38 .build/obj_ut472_th3v3gas/quantum/process_keycode/process_rgb.o
 .debug_aranges
                0x00000710       0x70 .build/obj_ut472_th3v3gas/quantum/process_keycode/process_tap_dance.o
 .debug_aranges
                0x00000780       0x38 .build/obj_ut472_th3v3gas/ws2812.o
 .debug_aranges
                0x000007b8       0x18 .build/obj_ut472_th3v3gas/quantum/led_tables.o
 .debug_aranges
                0x000007d0       0x28 .build/obj_ut472_th3v3gas/quantum/process_keycode/process_space_cadet.o
 .debug_aranges
                0x000007f8       0x20 .build/obj_ut472_th3v3gas/quantum/process_keycode/process_magic.o
 .debug_aranges
                0x00000818       0x20 .build/obj_ut472_th3v3gas/quantum/process_keycode/process_grave_esc.o
 .debug_aranges
                0x00000838       0x68 .build/obj_ut472_th3v3gas/common/host.o
 .debug_aranges
                0x000008a0       0x60 .build/obj_ut472_th3v3gas/common/keyboard.o
 .debug_aranges
                0x00000900       0xc0 .build/obj_ut472_th3v3gas/common/action.o
 .debug_aranges
                0x000009c0       0x48 .build/obj_ut472_th3v3gas/common/action_tapping.o
 .debug_aranges
                0x00000a08       0x20 .build/obj_ut472_th3v3gas/common/action_macro.o
 .debug_aranges
                0x00000a28       0xe0 .build/obj_ut472_th3v3gas/common/action_layer.o
 .debug_aranges
                0x00000b08      0x140 .build/obj_ut472_th3v3gas/common/action_util.o
 .debug_aranges
                0x00000c48       0x18 .build/obj_ut472_th3v3gas/common/debug.o
 .debug_aranges
                0x00000c60       0xe8 .build/obj_ut472_th3v3gas/common/eeconfig.o
 .debug_aranges
                0x00000d48       0x60 .build/obj_ut472_th3v3gas/common/report.o
 .debug_aranges
                0x00000da8       0x58 .build/obj_ut472_th3v3gas/common/avr/suspend.o
 .debug_aranges
                0x00000e00       0x50 .build/obj_ut472_th3v3gas/common/avr/timer.o
 .debug_aranges
                0x00000e50       0x28 .build/obj_ut472_th3v3gas/common/avr/bootloader.o
 .debug_aranges
                0x00000e78       0x30 .build/obj_ut472_th3v3gas/common/bootmagic.o
 .debug_aranges
                0x00000ea8       0x50 .build/obj_ut472_th3v3gas/common/mousekey.o
 .debug_aranges
                0x00000ef8       0x90 .build/obj_ut472_th3v3gas/lufa.o
 .debug_aranges
                0x00000f88       0x20 .build/obj_ut472_th3v3gas/usb_descriptor.o
 .debug_aranges
                0x00000fa8       0x38 .build/obj_ut472_th3v3gas/outputselect.o
 .debug_aranges
                0x00000fe0       0x20 .build/obj_ut472_th3v3gas/lib/lufa/LUFA/Drivers/USB/Core/AVR8/Device_AVR8.o
 .debug_aranges
                0x00001000       0xc8 .build/obj_ut472_th3v3gas/lib/lufa/LUFA/Drivers/USB/Core/AVR8/EndpointStream_AVR8.o
 .debug_aranges
                0x000010c8       0x40 .build/obj_ut472_th3v3gas/lib/lufa/LUFA/Drivers/USB/Core/AVR8/Endpoint_AVR8.o
 .debug_aranges
                0x00001108       0x30 .build/obj_ut472_th3v3gas/lib/lufa/LUFA/Drivers/USB/Core/AVR8/USBController_AVR8.o
 .debug_aranges
                0x00001138       0x38 .build/obj_ut472_th3v3gas/lib/lufa/LUFA/Drivers/USB/Core/AVR8/USBInterrupt_AVR8.o
 .debug_aranges
                0x00001170       0x20 .build/obj_ut472_th3v3gas/lib/lufa/LUFA/Drivers/USB/Core/DeviceStandardReq.o
 .debug_aranges
                0x00001190       0x30 .build/obj_ut472_th3v3gas/lib/lufa/LUFA/Drivers/USB/Core/Events.o
 .debug_aranges
                0x000011c0       0x20 .build/obj_ut472_th3v3gas/lib/lufa/LUFA/Drivers/USB/Core/USBTask.o
 .debug_aranges