Archive member included to satisfy reference by file (symbol)

.build/obj_crkbd_rev1_drashna/serial.a(serial.o)
                              .build/obj_crkbd_rev1_drashna/split_scomm.o (symbol from plugin) (soft_serial_initiator_init)
.build/obj_crkbd_rev1_drashna/i2c_master.a(i2c_master.o)
                              .build/obj_crkbd_rev1_drashna/oled_driver.o (symbol from plugin) (i2c_init)
c:/users/nonej/documents/keyboard/msys64/home/nonej/qmk_utils/avr8-gnu-toolchain/bin/../lib/gcc/avr/8.3.0/avr5\libgcc.a(_exit.o)
                              c:/users/nonej/documents/keyboard/msys64/home/nonej/qmk_utils/avr8-gnu-toolchain/bin/../lib/gcc/avr/8.3.0/../../../../avr/lib/avr5/crtatmega32u4.o (exit)
c:/users/nonej/documents/keyboard/msys64/home/nonej/qmk_utils/avr8-gnu-toolchain/bin/../lib/gcc/avr/8.3.0/avr5\libgcc.a(_clear_bss.o)
                              .build/obj_crkbd_rev1_drashna/serial.a(serial.o) (__do_clear_bss)
c:/users/nonej/documents/keyboard/msys64/home/nonej/qmk_utils/avr8-gnu-toolchain/bin/../lib/gcc/avr/8.3.0/../../../../avr/lib/avr5\libc.a(memcpy_P.o)
                              .build/obj_crkbd_rev1_drashna/oled_driver.o (symbol from plugin) (memcpy_P)
c:/users/nonej/documents/keyboard/msys64/home/nonej/qmk_utils/avr8-gnu-toolchain/bin/../lib/gcc/avr/8.3.0/../../../../avr/lib/avr5\libatmega32u4.a(eerd_block.o)
                              .build/obj_crkbd_rev1_drashna/quantum/rgb_matrix.o (symbol from plugin) (eeprom_read_block)
c:/users/nonej/documents/keyboard/msys64/home/nonej/qmk_utils/avr8-gnu-toolchain/bin/../lib/gcc/avr/8.3.0/../../../../avr/lib/avr5\libatmega32u4.a(eerd_byte.o)
                              .build/obj_crkbd_rev1_drashna/common/eeconfig.o (symbol from plugin) (eeprom_read_byte)
c:/users/nonej/documents/keyboard/msys64/home/nonej/qmk_utils/avr8-gnu-toolchain/bin/../lib/gcc/avr/8.3.0/../../../../avr/lib/avr5\libatmega32u4.a(eerd_dword.o)
                              .build/obj_crkbd_rev1_drashna/common/eeconfig.o (symbol from plugin) (eeprom_read_dword)
c:/users/nonej/documents/keyboard/msys64/home/nonej/qmk_utils/avr8-gnu-toolchain/bin/../lib/gcc/avr/8.3.0/../../../../avr/lib/avr5\libatmega32u4.a(eerd_word.o)
                              .build/obj_crkbd_rev1_drashna/common/eeconfig.o (symbol from plugin) (eeprom_read_word)
c:/users/nonej/documents/keyboard/msys64/home/nonej/qmk_utils/avr8-gnu-toolchain/bin/../lib/gcc/avr/8.3.0/../../../../avr/lib/avr5\libatmega32u4.a(eeupd_block.o)
                              .build/obj_crkbd_rev1_drashna/quantum/rgb_matrix.o (symbol from plugin) (eeprom_update_block)
c:/users/nonej/documents/keyboard/msys64/home/nonej/qmk_utils/avr8-gnu-toolchain/bin/../lib/gcc/avr/8.3.0/../../../../avr/lib/avr5\libatmega32u4.a(eeupd_byte.o)
                              .build/obj_crkbd_rev1_drashna/drashna.o (symbol from plugin) (eeprom_update_byte)
c:/users/nonej/documents/keyboard/msys64/home/nonej/qmk_utils/avr8-gnu-toolchain/bin/../lib/gcc/avr/8.3.0/../../../../avr/lib/avr5\libatmega32u4.a(eeupd_dword.o)
                              .build/obj_crkbd_rev1_drashna/common/eeconfig.o (symbol from plugin) (eeprom_update_dword)
c:/users/nonej/documents/keyboard/msys64/home/nonej/qmk_utils/avr8-gnu-toolchain/bin/../lib/gcc/avr/8.3.0/../../../../avr/lib/avr5\libatmega32u4.a(eeupd_word.o)
                              .build/obj_crkbd_rev1_drashna/common/eeconfig.o (symbol from plugin) (eeprom_update_word)
c:/users/nonej/documents/keyboard/msys64/home/nonej/qmk_utils/avr8-gnu-toolchain/bin/../lib/gcc/avr/8.3.0/avr5\libgcc.a(_udivmodqi4.o)
                              C:\Users\nonej\Documents\Keyboard\msys64\tmp\ccqVG4ak.ltrans0.ltrans.o (__udivmodqi4)
c:/users/nonej/documents/keyboard/msys64/home/nonej/qmk_utils/avr8-gnu-toolchain/bin/../lib/gcc/avr/8.3.0/avr5\libgcc.a(_udivmodhi4.o)
                              C:\Users\nonej\Documents\Keyboard\msys64\tmp\ccqVG4ak.ltrans0.ltrans.o (__udivmodhi4)
c:/users/nonej/documents/keyboard/msys64/home/nonej/qmk_utils/avr8-gnu-toolchain/bin/../lib/gcc/avr/8.3.0/avr5\libgcc.a(_tablejump2.o)
                              C:\Users\nonej\Documents\Keyboard\msys64\tmp\ccqVG4ak.ltrans0.ltrans.o (__tablejump2__)
c:/users/nonej/documents/keyboard/msys64/home/nonej/qmk_utils/avr8-gnu-toolchain/bin/../lib/gcc/avr/8.3.0/avr5\libgcc.a(_copy_data.o)
                              C:\Users\nonej\Documents\Keyboard\msys64\tmp\ccqVG4ak.ltrans0.ltrans.o (__do_copy_data)
c:/users/nonej/documents/keyboard/msys64/home/nonej/qmk_utils/avr8-gnu-toolchain/bin/../lib/gcc/avr/8.3.0/../../../../avr/lib/avr5\libc.a(memcmp.o)
                              C:\Users\nonej\Documents\Keyboard\msys64\tmp\ccqVG4ak.ltrans0.ltrans.o (memcmp)
c:/users/nonej/documents/keyboard/msys64/home/nonej/qmk_utils/avr8-gnu-toolchain/bin/../lib/gcc/avr/8.3.0/../../../../avr/lib/avr5\libc.a(memcpy.o)
                              C:\Users\nonej\Documents\Keyboard\msys64\tmp\ccqVG4ak.ltrans0.ltrans.o (memcpy)

Allocating common symbols
[...]
Memory Configuration

Name             Origin             Length             Attributes
text             0x00000000         0x00020000         xr
data             0x00800060         0x0000ffa0         rw !x
eeprom           0x00810000         0x00010000         rw !x
fuse             0x00820000         0x00000400         rw !x
lock             0x00830000         0x00000400         rw !x
signature        0x00840000         0x00000400         rw !x
user_signatures  0x00850000         0x00000400         rw !x
*default*        0x00000000         0xffffffff

Linker script and memory map

Address of section .data set to 0x800100
LOAD c:/users/nonej/documents/keyboard/msys64/home/nonej/qmk_utils/avr8-gnu-toolchain/bin/../lib/gcc/avr/8.3.0/../../../../avr/lib/avr5/crtatmega32u4.o
LOAD C:\Users\nonej\Documents\Keyboard\msys64\tmp\cc0lu1lZdebugobj
LOAD C:\Users\nonej\Documents\Keyboard\msys64\tmp\ccqVG4ak.ltrans0.ltrans.o
LOAD .build/obj_crkbd_rev1_drashna/i2c.a
LOAD .build/obj_crkbd_rev1_drashna/serial.a
LOAD .build/obj_crkbd_rev1_drashna/i2c_master.a
LOAD .build/obj_crkbd_rev1_drashna/common/avr/xprintf.o
LOAD c:/users/nonej/documents/keyboard/msys64/home/nonej/qmk_utils/avr8-gnu-toolchain/bin/../lib/gcc/avr/8.3.0/../../../../avr/lib/avr5\libm.a
START GROUP
LOAD c:/users/nonej/documents/keyboard/msys64/home/nonej/qmk_utils/avr8-gnu-toolchain/bin/../lib/gcc/avr/8.3.0/avr5\libgcc.a
LOAD c:/users/nonej/documents/keyboard/msys64/home/nonej/qmk_utils/avr8-gnu-toolchain/bin/../lib/gcc/avr/8.3.0/../../../../avr/lib/avr5\libm.a
LOAD c:/users/nonej/documents/keyboard/msys64/home/nonej/qmk_utils/avr8-gnu-toolchain/bin/../lib/gcc/avr/8.3.0/../../../../avr/lib/avr5\libc.a
LOAD c:/users/nonej/documents/keyboard/msys64/home/nonej/qmk_utils/avr8-gnu-toolchain/bin/../lib/gcc/avr/8.3.0/../../../../avr/lib/avr5\libatmega32u4.a
END GROUP
                0x00020000                __TEXT_REGION_LENGTH__ = DEFINED (__TEXT_REGION_LENGTH__)?__TEXT_REGION_LENGTH__:0x20000
                0x0000ffa0                __DATA_REGION_LENGTH__ = DEFINED (__DATA_REGION_LENGTH__)?__DATA_REGION_LENGTH__:0xffa0
                0x00010000                __EEPROM_REGION_LENGTH__ = DEFINED (__EEPROM_REGION_LENGTH__)?__EEPROM_REGION_LENGTH__:0x10000
                0x00000400                __FUSE_REGION_LENGTH__ = DEFINED (__FUSE_REGION_LENGTH__)?__FUSE_REGION_LENGTH__:0x400
                0x00000400                __LOCK_REGION_LENGTH__ = DEFINED (__LOCK_REGION_LENGTH__)?__LOCK_REGION_LENGTH__:0x400
                0x00000400                __SIGNATURE_REGION_LENGTH__ = DEFINED (__SIGNATURE_REGION_LENGTH__)?__SIGNATURE_REGION_LENGTH__:0x400
                0x00000400                __USER_SIGNATURE_REGION_LENGTH__ = DEFINED (__USER_SIGNATURE_REGION_LENGTH__)?__USER_SIGNATURE_REGION_LENGTH__:0x400

.hash
 *(.hash)

.dynsym
 *(.dynsym)

.dynstr
 *(.dynstr)

.gnu.version
 *(.gnu.version)

.gnu.version_d
 *(.gnu.version_d)

.gnu.version_r
 *(.gnu.version_r)

.rel.init
 *(.rel.init)

.rela.init
 *(.rela.init)

.rel.text
 *(.rel.text)
 *(.rel.text.*)
 *(.rel.gnu.linkonce.t*)

.rela.text
 *(.rela.text)
 *(.rela.text.*)
 *(.rela.gnu.linkonce.t*)

.rel.fini
 *(.rel.fini)

.rela.fini
 *(.rela.fini)

.rel.rodata
 *(.rel.rodata)
 *(.rel.rodata.*)
 *(.rel.gnu.linkonce.r*)

.rela.rodata
 *(.rela.rodata)
 *(.rela.rodata.*)
 *(.rela.gnu.linkonce.r*)

.rel.data
 *(.rel.data)
 *(.rel.data.*)
 *(.rel.gnu.linkonce.d*)

.rela.data
 *(.rela.data)
 *(.rela.data.*)
 *(.rela.gnu.linkonce.d*)

.rel.ctors
 *(.rel.ctors)

.rela.ctors
 *(.rela.ctors)

.rel.dtors
 *(.rel.dtors)

.rela.dtors
 *(.rela.dtors)

.rel.got
 *(.rel.got)

.rela.got
 *(.rela.got)

.rel.bss
 *(.rel.bss)

.rela.bss
 *(.rela.bss)

.rel.plt
 *(.rel.plt)

.rela.plt
 *(.rela.plt)

.text           0x00000000     0x6420
 *(.vectors)
 .vectors       0x00000000       0xac c:/users/nonej/documents/keyboard/msys64/home/nonej/qmk_utils/avr8-gnu-toolchain/bin/../lib/gcc/avr/8.3.0/../../../../avr/lib/avr5/crtatmega32u4.o
                0x00000000                __vector_default
                0x00000000                __vectors
 *(.vectors)
 *(.progmem.gcc*)
                0x000000ac                . = ALIGN (0x2)
                0x000000ac                __trampolines_start = .
 *(.trampolines)
 .trampolines   0x000000ac        0x0 linker stubs
 *(.trampolines*)
                0x000000ac                __trampolines_end = .
 *libprintf_flt.a:*(.progmem.data)
 *libc.a:*(.progmem.data)
 *(.progmem.*)
 .progmem.data.__c.6406
                0x000000ac        0x6 C:\Users\nonej\Documents\Keyboard\msys64\tmp\ccqVG4ak.ltrans0.ltrans.o
 .progmem.data.__c.6403
                0x000000b2        0x6 C:\Users\nonej\Documents\Keyboard\msys64\tmp\ccqVG4ak.ltrans0.ltrans.o
 .progmem.data.__c.6400
                0x000000b8        0x6 C:\Users\nonej\Documents\Keyboard\msys64\tmp\ccqVG4ak.ltrans0.ltrans.o
 .progmem.data.__c.6397
                0x000000be        0x6 C:\Users\nonej\Documents\Keyboard\msys64\tmp\ccqVG4ak.ltrans0.ltrans.o
 .progmem.data.__c.6394
                0x000000c4        0x6 C:\Users\nonej\Documents\Keyboard\msys64\tmp\ccqVG4ak.ltrans0.ltrans.o
 .progmem.data.__c.6391.lto_priv.36
                0x000000ca        0x6 C:\Users\nonej\Documents\Keyboard\msys64\tmp\ccqVG4ak.ltrans0.ltrans.o
 .progmem.data.__c.6388
                0x000000d0        0x6 C:\Users\nonej\Documents\Keyboard\msys64\tmp\ccqVG4ak.ltrans0.ltrans.o
 .progmem.data.__c.6384
                0x000000d6        0x6 C:\Users\nonej\Documents\Keyboard\msys64\tmp\ccqVG4ak.ltrans0.ltrans.o
 .progmem.data.__c.6381
                0x000000dc        0x6 C:\Users\nonej\Documents\Keyboard\msys64\tmp\ccqVG4ak.ltrans0.ltrans.o
 .progmem.data.keymaps
                0x000000e2      0x600 C:\Users\nonej\Documents\Keyboard\msys64\tmp\ccqVG4ak.ltrans0.ltrans.o
 .progmem.data.CIE1931_CURVE
                0x000006e2      0x100 C:\Users\nonej\Documents\Keyboard\msys64\tmp\ccqVG4ak.ltrans0.ltrans.o
 .progmem.data.font
                0x000007e2      0x540 C:\Users\nonej\Documents\Keyboard\msys64\tmp\ccqVG4ak.ltrans0.ltrans.o
 .progmem.data.display_on.2138
                0x00000d22        0x2 C:\Users\nonej\Documents\Keyboard\msys64\tmp\ccqVG4ak.ltrans0.ltrans.o
 .progmem.data.display_setup2.2006
                0x00000d24        0xd C:\Users\nonej\Documents\Keyboard\msys64\tmp\ccqVG4ak.ltrans0.ltrans.o
 .progmem.data.display_flipped.2005
                0x00000d31        0x3 C:\Users\nonej\Documents\Keyboard\msys64\tmp\ccqVG4ak.ltrans0.ltrans.o
 .progmem.data.display_normal.2004
                0x00000d34        0x3 C:\Users\nonej\Documents\Keyboard\msys64\tmp\ccqVG4ak.ltrans0.ltrans.o
 .progmem.data.display_setup1.2003
                0x00000d37        0xd C:\Users\nonej\Documents\Keyboard\msys64\tmp\ccqVG4ak.ltrans0.ltrans.o
 .progmem.data.__c.6398
                0x00000d44       0x4d C:\Users\nonej\Documents\Keyboard\msys64\tmp\ccqVG4ak.ltrans0.ltrans.o
 .progmem.data.__c.6395
                0x00000d91        0x3 C:\Users\nonej\Documents\Keyboard\msys64\tmp\ccqVG4ak.ltrans0.ltrans.o
 .progmem.data.__c.6393
                0x00000d94       0x13 C:\Users\nonej\Documents\Keyboard\msys64\tmp\ccqVG4ak.ltrans0.ltrans.o
 .progmem.data.__c.6391.lto_priv.35
                0x00000da7        0x7 C:\Users\nonej\Documents\Keyboard\msys64\tmp\ccqVG4ak.ltrans0.ltrans.o
 .progmem.data.__c.6389
                0x00000dae       0x18 C:\Users\nonej\Documents\Keyboard\msys64\tmp\ccqVG4ak.ltrans0.ltrans.o
 .progmem.data.display_off.2142
                0x00000dc6        0x2 C:\Users\nonej\Documents\Keyboard\msys64\tmp\ccqVG4ak.ltrans0.ltrans.o
 .progmem.data.__c.6430
                0x00000dc8        0x2 C:\Users\nonej\Documents\Keyboard\msys64\tmp\ccqVG4ak.ltrans0.ltrans.o
 .progmem.data.__c.6428
                0x00000dca        0x2 C:\Users\nonej\Documents\Keyboard\msys64\tmp\ccqVG4ak.ltrans0.ltrans.o
 .progmem.data.__c.6426
                0x00000dcc        0x2 C:\Users\nonej\Documents\Keyboard\msys64\tmp\ccqVG4ak.ltrans0.ltrans.o
 .progmem.data.__c.6424
                0x00000dce        0x2 C:\Users\nonej\Documents\Keyboard\msys64\tmp\ccqVG4ak.ltrans0.ltrans.o
 .progmem.data.__c.6422
                0x00000dd0        0x6 C:\Users\nonej\Documents\Keyboard\msys64\tmp\ccqVG4ak.ltrans0.ltrans.o
 .progmem.data.__c.6457
                0x00000dd6        0x6 C:\Users\nonej\Documents\Keyboard\msys64\tmp\ccqVG4ak.ltrans0.ltrans.o
 .progmem.data.__c.6455
                0x00000ddc        0x2 C:\Users\nonej\Documents\Keyboard\msys64\tmp\ccqVG4ak.ltrans0.ltrans.o
 .progmem.data.logo.6450
                0x00000dde        0xc C:\Users\nonej\Documents\Keyboard\msys64\tmp\ccqVG4ak.ltrans0.ltrans.o
 .progmem.data.__c.6453
                0x00000dea        0x2 C:\Users\nonej\Documents\Keyboard\msys64\tmp\ccqVG4ak.ltrans0.ltrans.o
 .progmem.data.__c.6451
                0x00000dec        0x6 C:\Users\nonej\Documents\Keyboard\msys64\tmp\ccqVG4ak.ltrans0.ltrans.o
 .progmem.data.__c.6468
                0x00000df2        0x6 C:\Users\nonej\Documents\Keyboard\msys64\tmp\ccqVG4ak.ltrans0.ltrans.o
 .progmem.data.__c.6466
                0x00000df8        0x6 C:\Users\nonej\Documents\Keyboard\msys64\tmp\ccqVG4ak.ltrans0.ltrans.o
 .progmem.data.__c.6464
                0x00000dfe        0x6 C:\Users\nonej\Documents\Keyboard\msys64\tmp\ccqVG4ak.ltrans0.ltrans.o
 .progmem.data.__c.6462
                0x00000e04        0x6 C:\Users\nonej\Documents\Keyboard\msys64\tmp\ccqVG4ak.ltrans0.ltrans.o
 .progmem.data.__c.6417
                0x00000e0a        0x6 C:\Users\nonej\Documents\Keyboard\msys64\tmp\ccqVG4ak.ltrans0.ltrans.o
 .progmem.data.__c.6415
                0x00000e10        0x6 C:\Users\nonej\Documents\Keyboard\msys64\tmp\ccqVG4ak.ltrans0.ltrans.o
 .progmem.data.__c.6413
                0x00000e16        0x6 C:\Users\nonej\Documents\Keyboard\msys64\tmp\ccqVG4ak.ltrans0.ltrans.o
 .progmem.data.__c.6411
                0x00000e1c        0x6 C:\Users\nonej\Documents\Keyboard\msys64\tmp\ccqVG4ak.ltrans0.ltrans.o
 .progmem.data.__c.6445
                0x00000e22        0x2 C:\Users\nonej\Documents\Keyboard\msys64\tmp\ccqVG4ak.ltrans0.ltrans.o
 .progmem.data.__c.6443
                0x00000e24        0x2 C:\Users\nonej\Documents\Keyboard\msys64\tmp\ccqVG4ak.ltrans0.ltrans.o
 .progmem.data.__c.6441
                0x00000e26        0x2 C:\Users\nonej\Documents\Keyboard\msys64\tmp\ccqVG4ak.ltrans0.ltrans.o
 .progmem.data.__c.6439
                0x00000e28        0x2 C:\Users\nonej\Documents\Keyboard\msys64\tmp\ccqVG4ak.ltrans0.ltrans.o
 .progmem.data.__c.6437
                0x00000e2a        0x2 C:\Users\nonej\Documents\Keyboard\msys64\tmp\ccqVG4ak.ltrans0.ltrans.o
 .progmem.data.__c.6435
                0x00000e2c        0x6 C:\Users\nonej\Documents\Keyboard\msys64\tmp\ccqVG4ak.ltrans0.ltrans.o
 .progmem.data.SharedReport
                0x00000e32       0x71 C:\Users\nonej\Documents\Keyboard\msys64\tmp\ccqVG4ak.ltrans0.ltrans.o
 .progmem.data.KeyboardReport
                0x00000ea3       0x40 C:\Users\nonej\Documents\Keyboard\msys64\tmp\ccqVG4ak.ltrans0.ltrans.o
 .progmem.data.ConfigurationDescriptor
                0x00000ee3       0x3b C:\Users\nonej\Documents\Keyboard\msys64\tmp\ccqVG4ak.ltrans0.ltrans.o
 .progmem.data.DeviceDescriptor
                0x00000f1e       0x12 C:\Users\nonej\Documents\Keyboard\msys64\tmp\ccqVG4ak.ltrans0.ltrans.o
 .progmem.data.SerialNumberString
                0x00000f30        0x6 C:\Users\nonej\Documents\Keyboard\msys64\tmp\ccqVG4ak.ltrans0.ltrans.o
 .progmem.data.ProductString
                0x00000f36       0x3e C:\Users\nonej\Documents\Keyboard\msys64\tmp\ccqVG4ak.ltrans0.ltrans.o
 .progmem.data.ManufacturerString
                0x00000f74       0x12 C:\Users\nonej\Documents\Keyboard\msys64\tmp\ccqVG4ak.ltrans0.ltrans.o
 .progmem.data.LanguageString
                0x00000f86        0x4 C:\Users\nonej\Documents\Keyboard\msys64\tmp\ccqVG4ak.ltrans0.ltrans.o
 .progmem.data.ascii_to_altgr_lut
                0x00000f8a       0x80 C:\Users\nonej\Documents\Keyboard\msys64\tmp\ccqVG4ak.ltrans0.ltrans.o
 .progmem.data.ascii_to_shift_lut
                0x0000100a       0x80 C:\Users\nonej\Documents\Keyboard\msys64\tmp\ccqVG4ak.ltrans0.ltrans.o
 .progmem.data.ascii_to_keycode_lut
                0x0000108a       0x80 C:\Users\nonej\Documents\Keyboard\msys64\tmp\ccqVG4ak.ltrans0.ltrans.o
                0x0000110a                . = ALIGN (0x2)
 *(.lowtext)
 *(.lowtext*)
                0x0000110a                __ctors_start = .
 *(.ctors)
                0x0000110a                __ctors_end = .
                0x0000110a                __dtors_start = .
 *(.dtors)
                0x0000110a                __dtors_end = .
 SORT_BY_NAME(*)(.ctors)
 SORT_BY_NAME(*)(.dtors)
 *(.init0)
 .init0         0x0000110a        0x0 c:/users/nonej/documents/keyboard/msys64/home/nonej/qmk_utils/avr8-gnu-toolchain/bin/../lib/gcc/avr/8.3.0/../../../../avr/lib/avr5/crtatmega32u4.o
                0x0000110a                __init
 *(.init0)
 *(.init1)
 *(.init1)
 *(.init2)
 .init2         0x0000110a        0xc c:/users/nonej/documents/keyboard/msys64/home/nonej/qmk_utils/avr8-gnu-toolchain/bin/../lib/gcc/avr/8.3.0/../../../../avr/lib/avr5/crtatmega32u4.o
 *(.init2)
 *(.init3)
 .init3         0x00001116       0x54 C:\Users\nonej\Documents\Keyboard\msys64\tmp\ccqVG4ak.ltrans0.ltrans.o
                0x00001116                bootloader_jump_after_watchdog_reset
 *(.init3)
 *(.init4)
 .init4         0x0000116a       0x10 c:/users/nonej/documents/keyboard/msys64/home/nonej/qmk_utils/avr8-gnu-toolchain/bin/../lib/gcc/avr/8.3.0/avr5\libgcc.a(_clear_bss.o)
                0x0000116a                __do_clear_bss
 .init4         0x0000117a       0x16 c:/users/nonej/documents/keyboard/msys64/home/nonej/qmk_utils/avr8-gnu-toolchain/bin/../lib/gcc/avr/8.3.0/avr5\libgcc.a(_copy_data.o)
                0x0000117a                __do_copy_data
 *(.init4)
 *(.init5)
 *(.init5)
 *(.init6)
 *(.init6)
 *(.init7)
 *(.init7)
 *(.init8)
 *(.init8)
 *(.init9)
 .init9         0x00001190        0x8 c:/users/nonej/documents/keyboard/msys64/home/nonej/qmk_utils/avr8-gnu-toolchain/bin/../lib/gcc/avr/8.3.0/../../../../avr/lib/avr5/crtatmega32u4.o
 *(.init9)
 *(.text)
 .text          0x00001198        0x4 c:/users/nonej/documents/keyboard/msys64/home/nonej/qmk_utils/avr8-gnu-toolchain/bin/../lib/gcc/avr/8.3.0/../../../../avr/lib/avr5/crtatmega32u4.o
                0x00001198                __vector_38
                0x00001198                __vector_22
                0x00001198                __vector_28
                0x00001198                __vector_1
                0x00001198                __vector_32
                0x00001198                __vector_34
                0x00001198                __vector_24
                0x00001198                __bad_interrupt
                0x00001198                __vector_6
                0x00001198                __vector_31
                0x00001198                __vector_35
                0x00001198                __vector_39
                0x00001198                __vector_23
                0x00001198                __vector_30
                0x00001198                __vector_25
                0x00001198                __vector_13
                0x00001198                __vector_17
                0x00001198                __vector_19
                0x00001198                __vector_7
                0x00001198                __vector_41
                0x00001198                __vector_27
                0x00001198                __vector_5
                0x00001198                __vector_33
                0x00001198                __vector_37
                0x00001198                __vector_4
                0x00001198                __vector_9
                0x00001198                __vector_2
                0x00001198                __vector_15
                0x00001198                __vector_36
                0x00001198                __vector_29
                0x00001198                __vector_40
                0x00001198                __vector_8
                0x00001198                __vector_26
                0x00001198                __vector_14
                0x00001198                __vector_16
                0x00001198                __vector_18
                0x00001198                __vector_20
                0x00001198                __vector_42
                0x0000119c                . = ALIGN (0x2)
 *(.text.*)
 .text.USB_Disable
                0x0000119c       0x3e C:\Users\nonej\Documents\Keyboard\msys64\tmp\ccqVG4ak.ltrans0.ltrans.o
 .text.Endpoint_WaitUntilReady
                0x000011da       0x62 C:\Users\nonej\Documents\Keyboard\msys64\tmp\ccqVG4ak.ltrans0.ltrans.o
 .text.Endpoint_Write_Stream_LE.constprop.0
                0x0000123c       0x54 C:\Users\nonej\Documents\Keyboard\msys64\tmp\ccqVG4ak.ltrans0.ltrans.o
 .text.Endpoint_ClearStatusStage
                0x00001290       0x3e C:\Users\nonej\Documents\Keyboard\msys64\tmp\ccqVG4ak.ltrans0.ltrans.o
 .text.Endpoint_ConfigureEndpoint_Prv
                0x000012ce       0x64 C:\Users\nonej\Documents\Keyboard\msys64\tmp\ccqVG4ak.ltrans0.ltrans.o
 .text.USB_Init
                0x00001332       0xc2 C:\Users\nonej\Documents\Keyboard\msys64\tmp\ccqVG4ak.ltrans0.ltrans.o
 .text.Endpoint_Write_Control_Stream_LE
                0x000013f4       0xbc C:\Users\nonej\Documents\Keyboard\msys64\tmp\ccqVG4ak.ltrans0.ltrans.o
 .text.send_mouse
                0x000014b0        0x2 C:\Users\nonej\Documents\Keyboard\msys64\tmp\ccqVG4ak.ltrans0.ltrans.o
 .text.keyboard_leds
                0x000014b2        0x6 C:\Users\nonej\Documents\Keyboard\msys64\tmp\ccqVG4ak.ltrans0.ltrans.o
 .text.timer_elapsed32
                0x000014b8       0x3a C:\Users\nonej\Documents\Keyboard\msys64\tmp\ccqVG4ak.ltrans0.ltrans.o
 .text.timer_elapsed
                0x000014f2       0x54 C:\Users\nonej\Documents\Keyboard\msys64\tmp\ccqVG4ak.ltrans0.ltrans.o
 .text.del_key_from_report
                0x00001546       0x54 C:\Users\nonej\Documents\Keyboard\msys64\tmp\ccqVG4ak.ltrans0.ltrans.o
 .text.add_key_to_report
                0x0000159a       0x6a C:\Users\nonej\Documents\Keyboard\msys64\tmp\ccqVG4ak.ltrans0.ltrans.o
 .text.clear_oneshot_mods
                0x00001604       0x16 C:\Users\nonej\Documents\Keyboard\msys64\tmp\ccqVG4ak.ltrans0.ltrans.o
 .text.del_mods
                0x0000161a        0xe C:\Users\nonej\Documents\Keyboard\msys64\tmp\ccqVG4ak.ltrans0.ltrans.o
 .text.reset_oneshot_layer
                0x00001628        0xe C:\Users\nonej\Documents\Keyboard\msys64\tmp\ccqVG4ak.ltrans0.ltrans.o
 .text.clear_oneshot_locked_mods
                0x00001636        0xc C:\Users\nonej\Documents\Keyboard\msys64\tmp\ccqVG4ak.ltrans0.ltrans.o
 .text.read_source_layers_cache
                0x00001642       0x52 C:\Users\nonej\Documents\Keyboard\msys64\tmp\ccqVG4ak.ltrans0.ltrans.o
 .text.update_source_layers_cache
                0x00001694       0x5c C:\Users\nonej\Documents\Keyboard\msys64\tmp\ccqVG4ak.ltrans0.ltrans.o
 .text.layer_state_is
                0x000016f0       0x30 C:\Users\nonej\Documents\Keyboard\msys64\tmp\ccqVG4ak.ltrans0.ltrans.o
 .text.waiting_buffer_typed.isra.1
                0x00001720       0x40 C:\Users\nonej\Documents\Keyboard\msys64\tmp\ccqVG4ak.ltrans0.ltrans.o
 .text.IS_NOEVENT.isra.0.lto_priv.33
                0x00001760       0x16 C:\Users\nonej\Documents\Keyboard\msys64\tmp\ccqVG4ak.ltrans0.ltrans.o
 .text.debug_waiting_buffer
                0x00001776       0x14 C:\Users\nonej\Documents\Keyboard\msys64\tmp\ccqVG4ak.ltrans0.ltrans.o
 .text.host_consumer_send
                0x0000178a       0x2c C:\Users\nonej\Documents\Keyboard\msys64\tmp\ccqVG4ak.ltrans0.ltrans.o
 .text.host_system_send
                0x000017b6       0x2c C:\Users\nonej\Documents\Keyboard\msys64\tmp\ccqVG4ak.ltrans0.ltrans.o
 .text.host_keyboard_leds
                0x000017e2       0x18 C:\Users\nonej\Documents\Keyboard\msys64\tmp\ccqVG4ak.ltrans0.ltrans.o
 .text.handleKeycodeRGB
                0x000017fa        0xa C:\Users\nonej\Documents\Keyboard\msys64\tmp\ccqVG4ak.ltrans0.ltrans.o
 .text.setled_all
                0x00001804       0x16 C:\Users\nonej\Documents\Keyboard\msys64\tmp\ccqVG4ak.ltrans0.ltrans.o
 .text.setled   0x0000181a       0x16 C:\Users\nonej\Documents\Keyboard\msys64\tmp\ccqVG4ak.ltrans0.ltrans.o
 .text.rgb_matrix_set_color_all
                0x00001830        0x4 C:\Users\nonej\Documents\Keyboard\msys64\tmp\ccqVG4ak.ltrans0.ltrans.o
 .text.rgb_matrix_set_color
                0x00001834        0x4 C:\Users\nonej\Documents\Keyboard\msys64\tmp\ccqVG4ak.ltrans0.ltrans.o
 .text.CYCLE_OUT_IN_DUAL_math
                0x00001838       0x9a C:\Users\nonej\Documents\Keyboard\msys64\tmp\ccqVG4ak.ltrans0.ltrans.o
 .text.hsv_to_rgb
                0x000018d2      0x124 C:\Users\nonej\Documents\Keyboard\msys64\tmp\ccqVG4ak.ltrans0.ltrans.o
 .text.mod_config
                0x000019f6       0x86 C:\Users\nonej\Documents\Keyboard\msys64\tmp\ccqVG4ak.ltrans0.ltrans.o
 .text.action_for_key
                0x00001a7c      0x316 C:\Users\nonej\Documents\Keyboard\msys64\tmp\ccqVG4ak.ltrans0.ltrans.o
 .text.layer_switch_get_layer
                0x00001d92       0x84 C:\Users\nonej\Documents\Keyboard\msys64\tmp\ccqVG4ak.ltrans0.ltrans.o
 .text.layer_switch_get_action
                0x00001e16       0x14 C:\Users\nonej\Documents\Keyboard\msys64\tmp\ccqVG4ak.ltrans0.ltrans.o
 .text.is_tap_key
                0x00001e2a       0x48 C:\Users\nonej\Documents\Keyboard\msys64\tmp\ccqVG4ak.ltrans0.ltrans.o
 .text.get_event_keycode
                0x00001e72       0x6c C:\Users\nonej\Documents\Keyboard\msys64\tmp\ccqVG4ak.ltrans0.ltrans.o
 .text.unselect_rows
                0x00001ede       0x42 C:\Users\nonej\Documents\Keyboard\msys64\tmp\ccqVG4ak.ltrans0.ltrans.o
 .text.i2c_transmit_P.constprop.31
                0x00001f20       0x60 C:\Users\nonej\Documents\Keyboard\msys64\tmp\ccqVG4ak.ltrans0.ltrans.o
 .text.oled_on  0x00001f80       0x26 C:\Users\nonej\Documents\Keyboard\msys64\tmp\ccqVG4ak.ltrans0.ltrans.o
 .text.send_extra
                0x00001fa6       0x66 C:\Users\nonej\Documents\Keyboard\msys64\tmp\ccqVG4ak.ltrans0.ltrans.o
 .text.send_consumer
                0x0000200c       0x12 C:\Users\nonej\Documents\Keyboard\msys64\tmp\ccqVG4ak.ltrans0.ltrans.o
 .text.send_system
                0x0000201e        0xc C:\Users\nonej\Documents\Keyboard\msys64\tmp\ccqVG4ak.ltrans0.ltrans.o
 .text.send_keyboard
                0x0000202a       0x88 C:\Users\nonej\Documents\Keyboard\msys64\tmp\ccqVG4ak.ltrans0.ltrans.o
 .text.flush    0x000020b2       0x4e C:\Users\nonej\Documents\Keyboard\msys64\tmp\ccqVG4ak.ltrans0.ltrans.o
 .text.has_usb  0x00002100       0x38 C:\Users\nonej\Documents\Keyboard\msys64\tmp\ccqVG4ak.ltrans0.ltrans.o
 .text._matrix_scan
                0x00002138      0x12a C:\Users\nonej\Documents\Keyboard\msys64\tmp\ccqVG4ak.ltrans0.ltrans.o
 .text.matrix_scan_quantum
                0x00002262      0x54e C:\Users\nonej\Documents\Keyboard\msys64\tmp\ccqVG4ak.ltrans0.ltrans.o
 .text.eeconfig_update_haptic
                0x000027b0        0xc C:\Users\nonej\Documents\Keyboard\msys64\tmp\ccqVG4ak.ltrans0.ltrans.o
 .text.haptic_reset
                0x000027bc       0x2e C:\Users\nonej\Documents\Keyboard\msys64\tmp\ccqVG4ak.ltrans0.ltrans.o
 .text.haptic_disable
                0x000027ea       0x16 C:\Users\nonej\Documents\Keyboard\msys64\tmp\ccqVG4ak.ltrans0.ltrans.o
 .text.haptic_enable
                0x00002800       0x16 C:\Users\nonej\Documents\Keyboard\msys64\tmp\ccqVG4ak.ltrans0.ltrans.o
 .text.eeconfig_read_keymap
                0x00002816       0x1c C:\Users\nonej\Documents\Keyboard\msys64\tmp\ccqVG4ak.ltrans0.ltrans.o
 .text.eeconfig_is_enabled
                0x00002832       0x16 C:\Users\nonej\Documents\Keyboard\msys64\tmp\ccqVG4ak.ltrans0.ltrans.o
 .text.oled_write_char
                0x00002848      0x11e C:\Users\nonej\Documents\Keyboard\msys64\tmp\ccqVG4ak.ltrans0.ltrans.o
 .text.oled_write_P
                0x00002966       0x24 C:\Users\nonej\Documents\Keyboard\msys64\tmp\ccqVG4ak.ltrans0.ltrans.o
 .text.render_default_layer_state
                0x0000298a       0xe4 C:\Users\nonej\Documents\Keyboard\msys64\tmp\ccqVG4ak.ltrans0.ltrans.o
 .text.oled_advance_page
                0x00002a6e       0x66 C:\Users\nonej\Documents\Keyboard\msys64\tmp\ccqVG4ak.ltrans0.ltrans.o
 .text.eeconfig_update_rgb_matrix
                0x00002ad4       0x10 C:\Users\nonej\Documents\Keyboard\msys64\tmp\ccqVG4ak.ltrans0.ltrans.o
 .text.rgb_matrix_step
                0x00002ae4       0x2a C:\Users\nonej\Documents\Keyboard\msys64\tmp\ccqVG4ak.ltrans0.ltrans.o
 .text.rgb_matrix_step_reverse
                0x00002b0e       0x20 C:\Users\nonej\Documents\Keyboard\msys64\tmp\ccqVG4ak.ltrans0.ltrans.o
 .text.rgb_matrix_increase_hue
                0x00002b2e        0xe C:\Users\nonej\Documents\Keyboard\msys64\tmp\ccqVG4ak.ltrans0.ltrans.o
 .text.rgb_matrix_decrease_hue
                0x00002b3c        0xe C:\Users\nonej\Documents\Keyboard\msys64\tmp\ccqVG4ak.ltrans0.ltrans.o
 .text.rgb_matrix_increase_sat
                0x00002b4a       0x14 C:\Users\nonej\Documents\Keyboard\msys64\tmp\ccqVG4ak.ltrans0.ltrans.o
 .text.rgb_matrix_decrease_sat
                0x00002b5e       0x14 C:\Users\nonej\Documents\Keyboard\msys64\tmp\ccqVG4ak.ltrans0.ltrans.o
 .text.rgb_matrix_increase_val
                0x00002b72       0x20 C:\Users\nonej\Documents\Keyboard\msys64\tmp\ccqVG4ak.ltrans0.ltrans.o
 .text.rgb_matrix_decrease_val
                0x00002b92       0x14 C:\Users\nonej\Documents\Keyboard\msys64\tmp\ccqVG4ak.ltrans0.ltrans.o
 .text.rgb_matrix_increase_speed
                0x00002ba6       0x14 C:\Users\nonej\Documents\Keyboard\msys64\tmp\ccqVG4ak.ltrans0.ltrans.o
 .text.rgb_matrix_decrease_speed
                0x00002bba       0x14 C:\Users\nonej\Documents\Keyboard\msys64\tmp\ccqVG4ak.ltrans0.ltrans.o
 .text.eeconfig_update_rgb_matrix_default
                0x00002bce       0x22 C:\Users\nonej\Documents\Keyboard\msys64\tmp\ccqVG4ak.ltrans0.ltrans.o
 .text.matrix_scan
                0x00002bf0      0x1aa C:\Users\nonej\Documents\Keyboard\msys64\tmp\ccqVG4ak.ltrans0.ltrans.o
 .text.__vector_21
                0x00002d9a       0x48 C:\Users\nonej\Documents\Keyboard\msys64\tmp\ccqVG4ak.ltrans0.ltrans.o
                0x00002d9a                __vector_21
 .text.timer_read
                0x00002de2       0x18 C:\Users\nonej\Documents\Keyboard\msys64\tmp\ccqVG4ak.ltrans0.ltrans.o
                0x00002de2                timer_read
 .text.has_oneshot_mods_timed_out
                0x00002dfa       0x46 C:\Users\nonej\Documents\Keyboard\msys64\tmp\ccqVG4ak.ltrans0.ltrans.o
 .text.send_keyboard_report
                0x00002e40       0x9c C:\Users\nonej\Documents\Keyboard\msys64\tmp\ccqVG4ak.ltrans0.ltrans.o
 .text.clear_keyboard_but_mods_and_keys
                0x00002edc       0x1c C:\Users\nonej\Documents\Keyboard\msys64\tmp\ccqVG4ak.ltrans0.ltrans.o
 .text.layer_state_set
                0x00002ef8       0x38 C:\Users\nonej\Documents\Keyboard\msys64\tmp\ccqVG4ak.ltrans0.ltrans.o
 .text.layer_off
                0x00002f30       0x46 C:\Users\nonej\Documents\Keyboard\msys64\tmp\ccqVG4ak.ltrans0.ltrans.o
 .text.clear_oneshot_layer_state
                0x00002f76       0x30 C:\Users\nonej\Documents\Keyboard\msys64\tmp\ccqVG4ak.ltrans0.ltrans.o
 .text.layer_on
                0x00002fa6       0x42 C:\Users\nonej\Documents\Keyboard\msys64\tmp\ccqVG4ak.ltrans0.ltrans.o
 .text.set_oneshot_layer
                0x00002fe8       0x20 C:\Users\nonej\Documents\Keyboard\msys64\tmp\ccqVG4ak.ltrans0.ltrans.o
 .text.default_layer_state_set
                0x00003008       0x14 C:\Users\nonej\Documents\Keyboard\msys64\tmp\ccqVG4ak.ltrans0.ltrans.o
 .text.set_single_persistent_default_layer
                0x0000301c       0x2a C:\Users\nonej\Documents\Keyboard\msys64\tmp\ccqVG4ak.ltrans0.ltrans.o
 .text.clear_keyboard
                0x00003046       0x2a C:\Users\nonej\Documents\Keyboard\msys64\tmp\ccqVG4ak.ltrans0.ltrans.o
 .text.USB_Device_ProcessControlRequest
                0x00003070      0x58a C:\Users\nonej\Documents\Keyboard\msys64\tmp\ccqVG4ak.ltrans0.ltrans.o
 .text.__vector_11
                0x000035fa       0x88 C:\Users\nonej\Documents\Keyboard\msys64\tmp\ccqVG4ak.ltrans0.ltrans.o
                0x000035fa                __vector_11
 .text.__vector_10
                0x00003682      0x1b6 C:\Users\nonej\Documents\Keyboard\msys64\tmp\ccqVG4ak.ltrans0.ltrans.o
                0x00003682                __vector_10
 .text.unregister_weak_mods
                0x00003838       0x16 C:\Users\nonej\Documents\Keyboard\msys64\tmp\ccqVG4ak.ltrans0.ltrans.o
 .text.register_weak_mods
                0x0000384e       0x14 C:\Users\nonej\Documents\Keyboard\msys64\tmp\ccqVG4ak.ltrans0.ltrans.o
 .text.unregister_mods
                0x00003862        0xe C:\Users\nonej\Documents\Keyboard\msys64\tmp\ccqVG4ak.ltrans0.ltrans.o
 .text.register_mods
                0x00003870       0x14 C:\Users\nonej\Documents\Keyboard\msys64\tmp\ccqVG4ak.ltrans0.ltrans.o
 .text.unregister_code
                0x00003884       0x56 C:\Users\nonej\Documents\Keyboard\msys64\tmp\ccqVG4ak.ltrans0.ltrans.o
 .text.register_code
                0x000038da       0x6e C:\Users\nonej\Documents\Keyboard\msys64\tmp\ccqVG4ak.ltrans0.ltrans.o
 .text.send_string_with_delay_P.constprop.18
                0x00003948      0x108 C:\Users\nonej\Documents\Keyboard\msys64\tmp\ccqVG4ak.ltrans0.ltrans.o
 .text.solenoid_fire
                0x00003a50       0x36 C:\Users\nonej\Documents\Keyboard\msys64\tmp\ccqVG4ak.ltrans0.ltrans.o
 .text.keyboard_init
                0x00003a86      0x294 C:\Users\nonej\Documents\Keyboard\msys64\tmp\ccqVG4ak.ltrans0.ltrans.o
 .text.eeconfig_init_quantum
                0x00003d1a       0xf6 C:\Users\nonej\Documents\Keyboard\msys64\tmp\ccqVG4ak.ltrans0.ltrans.o
 .text.process_record
                0x00003e10     0x12c4 C:\Users\nonej\Documents\Keyboard\msys64\tmp\ccqVG4ak.ltrans0.ltrans.o
 .text.waiting_buffer_scan_tap
                0x000050d4       0xfc C:\Users\nonej\Documents\Keyboard\msys64\tmp\ccqVG4ak.ltrans0.ltrans.o
 .text.process_tapping
                0x000051d0      0x3e0 C:\Users\nonej\Documents\Keyboard\msys64\tmp\ccqVG4ak.ltrans0.ltrans.o
 .text.action_exec
                0x000055b0      0x16a C:\Users\nonej\Documents\Keyboard\msys64\tmp\ccqVG4ak.ltrans0.ltrans.o
 .text.startup.main
                0x0000571a      0x5a2 C:\Users\nonej\Documents\Keyboard\msys64\tmp\ccqVG4ak.ltrans0.ltrans.o
                0x0000571a                main
 .text.__vector_12
                0x00005cbc       0x4e C:\Users\nonej\Documents\Keyboard\msys64\tmp\ccqVG4ak.ltrans0.ltrans.o
                0x00005cbc                __vector_12
 .text.sync_recv
                0x00005d0a       0x10 .build/obj_crkbd_rev1_drashna/serial.a(serial.o)
 .text.sync_send
                0x00005d1a        0xc .build/obj_crkbd_rev1_drashna/serial.a(serial.o)
 .text.serial_read_chunk
                0x00005d26       0x5a .build/obj_crkbd_rev1_drashna/serial.a(serial.o)
 .text.serial_recive_packet
                0x00005d80       0x50 .build/obj_crkbd_rev1_drashna/serial.a(serial.o)
 .text.soft_serial_initiator_init
                0x00005dd0       0x12 .build/obj_crkbd_rev1_drashna/serial.a(serial.o)
                0x00005dd0                soft_serial_initiator_init
 .text.soft_serial_target_init
                0x00005de2       0x1e .build/obj_crkbd_rev1_drashna/serial.a(serial.o)
                0x00005de2                soft_serial_target_init
 .text.serial_write_chunk
                0x00005e00       0x42 .build/obj_crkbd_rev1_drashna/serial.a(serial.o)
                0x00005e00                serial_write_chunk
 .text.serial_send_packet
                0x00005e42       0x34 .build/obj_crkbd_rev1_drashna/serial.a(serial.o)
 .text.__vector_3
                0x00005e76      0x11e .build/obj_crkbd_rev1_drashna/serial.a(serial.o)
                0x00005e76                __vector_3
 .text.soft_serial_transaction
                0x00005f94       0xfc .build/obj_crkbd_rev1_drashna/serial.a(serial.o)
                0x00005f94                soft_serial_transaction
 .text.i2c_init
                0x00006090        0xc .build/obj_crkbd_rev1_drashna/i2c_master.a(i2c_master.o)
                0x00006090                i2c_init
 .text.i2c_start
                0x0000609c       0xb8 .build/obj_crkbd_rev1_drashna/i2c_master.a(i2c_master.o)
                0x0000609c                i2c_start
 .text.i2c_write
                0x00006154       0x5e .build/obj_crkbd_rev1_drashna/i2c_master.a(i2c_master.o)
                0x00006154                i2c_write
 .text.i2c_transmit
                0x000061b2       0x4e .build/obj_crkbd_rev1_drashna/i2c_master.a(i2c_master.o)
                0x000061b2                i2c_transmit
 .text.i2c_writeReg
                0x00006200       0x5a .build/obj_crkbd_rev1_drashna/i2c_master.a(i2c_master.o)
                0x00006200                i2c_writeReg
 .text.i2c_stop
                0x0000625a        0x8 .build/obj_crkbd_rev1_drashna/i2c_master.a(i2c_master.o)
                0x0000625a                i2c_stop
 .text.libgcc.div
                0x00006262       0x18 c:/users/nonej/documents/keyboard/msys64/home/nonej/qmk_utils/avr8-gnu-toolchain/bin/../lib/gcc/avr/8.3.0/avr5\libgcc.a(_udivmodqi4.o)
                0x00006262                __udivmodqi4
 .text.libgcc.div
                0x0000627a       0x28 c:/users/nonej/documents/keyboard/msys64/home/nonej/qmk_utils/avr8-gnu-toolchain/bin/../lib/gcc/avr/8.3.0/avr5\libgcc.a(_udivmodhi4.o)
                0x0000627a                __udivmodhi4
 .text.libgcc   0x000062a2        0xc c:/users/nonej/documents/keyboard/msys64/home/nonej/qmk_utils/avr8-gnu-toolchain/bin/../lib/gcc/avr/8.3.0/avr5\libgcc.a(_tablejump2.o)
                0x000062a2                __tablejump2__
 .text.avr-libc
                0x000062ae       0x12 c:/users/nonej/documents/keyboard/msys64/home/nonej/qmk_utils/avr8-gnu-toolchain/bin/../lib/gcc/avr/8.3.0/../../../../avr/lib/avr5\libc.a(memcpy_P.o)
                0x000062ae                memcpy_P
 .text.avr-libc
                0x000062c0       0x1a c:/users/nonej/documents/keyboard/msys64/home/nonej/qmk_utils/avr8-gnu-toolchain/bin/../lib/gcc/avr/8.3.0/../../../../avr/lib/avr5\libc.a(memcmp.o)
                0x000062c0                memcmp
 .text.avr-libc
                0x000062da       0x12 c:/users/nonej/documents/keyboard/msys64/home/nonej/qmk_utils/avr8-gnu-toolchain/bin/../lib/gcc/avr/8.3.0/../../../../avr/lib/avr5\libc.a(memcpy.o)
                0x000062da                memcpy
 .text.avr-libc
                0x000062ec       0x20 c:/users/nonej/documents/keyboard/msys64/home/nonej/qmk_utils/avr8-gnu-toolchain/bin/../lib/gcc/avr/8.3.0/../../../../avr/lib/avr5\libatmega32u4.a(eerd_block.o)
                0x000062ec                eeprom_read_block
                0x000062f0                eeprom_read_blraw
 .text.avr-libc
                0x0000630c       0x10 c:/users/nonej/documents/keyboard/msys64/home/nonej/qmk_utils/avr8-gnu-toolchain/bin/../lib/gcc/avr/8.3.0/../../../../avr/lib/avr5\libatmega32u4.a(eerd_byte.o)
                0x0000630c                eeprom_read_byte
 .text.avr-libc
                0x0000631c        0xc c:/users/nonej/documents/keyboard/msys64/home/nonej/qmk_utils/avr8-gnu-toolchain/bin/../lib/gcc/avr/8.3.0/../../../../avr/lib/avr5\libatmega32u4.a(eerd_dword.o)
                0x0000631c                eeprom_read_float
                0x0000631c                eeprom_read_dword
 .text.avr-libc
                0x00006328        0xc c:/users/nonej/documents/keyboard/msys64/home/nonej/qmk_utils/avr8-gnu-toolchain/bin/../lib/gcc/avr/8.3.0/../../../../avr/lib/avr5\libatmega32u4.a(eerd_word.o)
                0x00006328                eeprom_read_word
 .text.avr-libc
                0x00006334       0x20 c:/users/nonej/documents/keyboard/msys64/home/nonej/qmk_utils/avr8-gnu-toolchain/bin/../lib/gcc/avr/8.3.0/../../../../avr/lib/avr5\libatmega32u4.a(eeupd_block.o)
                0x00006334                eeprom_update_block
 .text.avr-libc
                0x00006354       0x24 c:/users/nonej/documents/keyboard/msys64/home/nonej/qmk_utils/avr8-gnu-toolchain/bin/../lib/gcc/avr/8.3.0/../../../../avr/lib/avr5\libatmega32u4.a(eeupd_byte.o)
                0x00006354                eeprom_update_byte
                0x00006356                eeprom_update_r18
 .text.avr-libc
                0x00006378       0x18 c:/users/nonej/documents/keyboard/msys64/home/nonej/qmk_utils/avr8-gnu-toolchain/bin/../lib/gcc/avr/8.3.0/../../../../avr/lib/avr5\libatmega32u4.a(eeupd_dword.o)
                0x00006378                eeprom_update_float
                0x00006378                eeprom_update_dword
 .text.avr-libc
                0x00006390        0xc c:/users/nonej/documents/keyboard/msys64/home/nonej/qmk_utils/avr8-gnu-toolchain/bin/../lib/gcc/avr/8.3.0/../../../../avr/lib/avr5\libatmega32u4.a(eeupd_word.o)
                0x00006390                eeprom_update_word
                0x0000639c                . = ALIGN (0x2)
 *(.fini9)
 .fini9         0x0000639c        0x0 c:/users/nonej/documents/keyboard/msys64/home/nonej/qmk_utils/avr8-gnu-toolchain/bin/../lib/gcc/avr/8.3.0/avr5\libgcc.a(_exit.o)
                0x0000639c                _exit
                0x0000639c                exit
 *(.fini9)
 *(.fini8)
 *(.fini8)
 *(.fini7)
 *(.fini7)
 *(.fini6)
 *(.fini6)
 *(.fini5)
 *(.fini5)
 *(.fini4)
 *(.fini4)
 *(.fini3)
 *(.fini3)
 *(.fini2)
 *(.fini2)
 *(.fini1)
 *(.fini1)
 *(.fini0)
 .fini0         0x0000639c        0x4 c:/users/nonej/documents/keyboard/msys64/home/nonej/qmk_utils/avr8-gnu-toolchain/bin/../lib/gcc/avr/8.3.0/avr5\libgcc.a(_exit.o)
 *(.fini0)
 *(.hightext)
 *(.hightext*)
 *(.progmemx.*)
                0x000063a0                . = ALIGN (0x2)
 *(.jumptables)
 *(.jumptables*)
 .jumptables.gcc.is_tap_key
                0x000063a0       0x1c C:\Users\nonej\Documents\Keyboard\msys64\tmp\ccqVG4ak.ltrans0.ltrans.o
 .jumptables.gcc.render_default_layer_state
                0x000063bc       0x10 C:\Users\nonej\Documents\Keyboard\msys64\tmp\ccqVG4ak.ltrans0.ltrans.o
 .jumptables.gcc.USB_Device_ProcessControlRequest
                0x000063cc       0x14 C:\Users\nonej\Documents\Keyboard\msys64\tmp\ccqVG4ak.ltrans0.ltrans.o
 .jumptables.gcc.process_record
                0x000063e0       0x40 C:\Users\nonej\Documents\Keyboard\msys64\tmp\ccqVG4ak.ltrans0.ltrans.o
                0x00006420                _etext = .

.data           0x00800100      0x224 load address 0x00006420
                0x00800100                PROVIDE (__data_start = .)
 *(.data)
 *(.data*)
 .data.debouncing
                0x00800100        0x1 C:\Users\nonej\Documents\Keyboard\msys64\tmp\ccqVG4ak.ltrans0.ltrans.o
 .data.s_change_new
                0x00800101        0x1 C:\Users\nonej\Documents\Keyboard\msys64\tmp\ccqVG4ak.ltrans0.ltrans.o
 .data.s_change_old
                0x00800102        0x1 C:\Users\nonej\Documents\Keyboard\msys64\tmp\ccqVG4ak.ltrans0.ltrans.o
 .data.rgb_effect_params
                0x00800103        0x3 C:\Users\nonej\Documents\Keyboard\msys64\tmp\ccqVG4ak.ltrans0.ltrans.o
 .data.rgb_last_enable
                0x00800106        0x1 C:\Users\nonej\Documents\Keyboard\msys64\tmp\ccqVG4ak.ltrans0.ltrans.o
 .data.rgb_last_effect
                0x00800107        0x1 C:\Users\nonej\Documents\Keyboard\msys64\tmp\ccqVG4ak.ltrans0.ltrans.o
 .data.transactions
                0x00800108       0x18 C:\Users\nonej\Documents\Keyboard\msys64\tmp\ccqVG4ak.ltrans0.ltrans.o
 .data.isLeftHand
                0x00800120        0x1 C:\Users\nonej\Documents\Keyboard\msys64\tmp\ccqVG4ak.ltrans0.ltrans.o
 .data.solenoid_dwell
                0x00800121        0x1 C:\Users\nonej\Documents\Keyboard\msys64\tmp\ccqVG4ak.ltrans0.ltrans.o
 .data.g_led_config
                0x00800122       0xd2 C:\Users\nonej\Documents\Keyboard\msys64\tmp\ccqVG4ak.ltrans0.ltrans.o
 .data.rgb_task_state
                0x008001f4        0x1 C:\Users\nonej\Documents\Keyboard\msys64\tmp\ccqVG4ak.ltrans0.ltrans.o
 .data.display_start.2049
                0x008001f5        0x7 C:\Users\nonej\Documents\Keyboard\msys64\tmp\ccqVG4ak.ltrans0.ltrans.o
 .data.lufa_driver
                0x008001fc        0xa C:\Users\nonej\Documents\Keyboard\msys64\tmp\ccqVG4ak.ltrans0.ltrans.o
 .data.keyboard_protocol
                0x00800206        0x1 C:\Users\nonej\Documents\Keyboard\msys64\tmp\ccqVG4ak.ltrans0.ltrans.o
 *(.gnu.linkonce.d*)
 *(.rodata)
 .rodata        0x00800207       0xd5 C:\Users\nonej\Documents\Keyboard\msys64\tmp\ccqVG4ak.ltrans0.ltrans.o
 *(.rodata*)
 .rodata.row_pins
                0x008002dc        0x8 C:\Users\nonej\Documents\Keyboard\msys64\tmp\ccqVG4ak.ltrans0.ltrans.o
 .rodata.col_pins
                0x008002e4        0x6 C:\Users\nonej\Documents\Keyboard\msys64\tmp\ccqVG4ak.ltrans0.ltrans.o
 .rodata.CSWTCH.0
                0x008002ea        0x3 C:\Users\nonej\Documents\Keyboard\msys64\tmp\ccqVG4ak.ltrans0.ltrans.o
 .rodata.CSWTCH.1
                0x008002ed       0x2e C:\Users\nonej\Documents\Keyboard\msys64\tmp\ccqVG4ak.ltrans0.ltrans.o
 .rodata.source_map.2050
                0x0080031b        0x4 C:\Users\nonej\Documents\Keyboard\msys64\tmp\ccqVG4ak.ltrans0.ltrans.o
 .rodata.target_map.2051
                0x0080031f        0x4 C:\Users\nonej\Documents\Keyboard\msys64\tmp\ccqVG4ak.ltrans0.ltrans.o
 *(.gnu.linkonce.r*)
                0x00800324                . = ALIGN (0x2)
 *fill*         0x00800323        0x1 
                0x00800324                _edata = .
                0x00800324                PROVIDE (__data_end = .)

.bss            0x00800324      0x441
                0x00800324                PROVIDE (__bss_start = .)
 *(.bss)
 *(.bss*)
 .bss.status1   0x00800324        0x1 C:\Users\nonej\Documents\Keyboard\msys64\tmp\ccqVG4ak.ltrans0.ltrans.o
 .bss.status_com
                0x00800325        0x1 C:\Users\nonej\Documents\Keyboard\msys64\tmp\ccqVG4ak.ltrans0.ltrans.o
 .bss.__compound_literal.0
                0x00800326       0x20 C:\Users\nonej\Documents\Keyboard\msys64\tmp\ccqVG4ak.ltrans0.ltrans.o
 .bss.need_retry.1591
                0x00800346        0x2 C:\Users\nonej\Documents\Keyboard\msys64\tmp\ccqVG4ak.ltrans0.ltrans.o
 .bss.error_count
                0x00800348        0x1 C:\Users\nonej\Documents\Keyboard\msys64\tmp\ccqVG4ak.ltrans0.ltrans.o
 .bss.slave_buffer_change_count
                0x00800349        0x1 C:\Users\nonej\Documents\Keyboard\msys64\tmp\ccqVG4ak.ltrans0.ltrans.o
 .bss.serial_slave_buffer
                0x0080034a        0x4 C:\Users\nonej\Documents\Keyboard\msys64\tmp\ccqVG4ak.ltrans0.ltrans.o
 .bss.serial_master_buffer
                0x0080034e        0x4 C:\Users\nonej\Documents\Keyboard\msys64\tmp\ccqVG4ak.ltrans0.ltrans.o
 .bss.usbstate.1902
                0x00800352        0x1 C:\Users\nonej\Documents\Keyboard\msys64\tmp\ccqVG4ak.ltrans0.ltrans.o
 .bss.rgb_counters_buffer
                0x00800353        0x4 C:\Users\nonej\Documents\Keyboard\msys64\tmp\ccqVG4ak.ltrans0.ltrans.o
 .bss.has_ran_yet.6430
                0x00800357        0x1 C:\Users\nonej\Documents\Keyboard\msys64\tmp\ccqVG4ak.ltrans0.ltrans.o
 .bss.led       0x00800358       0xa2 C:\Users\nonej\Documents\Keyboard\msys64\tmp\ccqVG4ak.ltrans0.ltrans.o
 .bss.solenoid_start
                0x008003fa        0x2 C:\Users\nonej\Documents\Keyboard\msys64\tmp\ccqVG4ak.ltrans0.ltrans.o
 .bss.solenoid_buzzing
                0x008003fc        0x1 C:\Users\nonej\Documents\Keyboard\msys64\tmp\ccqVG4ak.ltrans0.ltrans.o
 .bss.solenoid_on
                0x008003fd        0x1 C:\Users\nonej\Documents\Keyboard\msys64\tmp\ccqVG4ak.ltrans0.ltrans.o
 .bss.oled_temp_buffer.2079
                0x008003fe        0x6 C:\Users\nonej\Documents\Keyboard\msys64\tmp\ccqVG4ak.ltrans0.ltrans.o
 .bss.last_system_report
                0x00800404        0x2 C:\Users\nonej\Documents\Keyboard\msys64\tmp\ccqVG4ak.ltrans0.ltrans.o
 .bss.last_consumer_report
                0x00800406        0x2 C:\Users\nonej\Documents\Keyboard\msys64\tmp\ccqVG4ak.ltrans0.ltrans.o
 .bss.matrix_debouncing
                0x00800408        0x8 C:\Users\nonej\Documents\Keyboard\msys64\tmp\ccqVG4ak.ltrans0.ltrans.o
 .bss.haptic_config
                0x00800410        0x5 C:\Users\nonej\Documents\Keyboard\msys64\tmp\ccqVG4ak.ltrans0.ltrans.o
 .bss.rgb_frame_buffer
                0x00800415       0x30 C:\Users\nonej\Documents\Keyboard\msys64\tmp\ccqVG4ak.ltrans0.ltrans.o
 .bss.last_hit_buffer
                0x00800445       0x29 C:\Users\nonej\Documents\Keyboard\msys64\tmp\ccqVG4ak.ltrans0.ltrans.o
 .bss.g_rgb_counters
                0x0080046e        0x8 C:\Users\nonej\Documents\Keyboard\msys64\tmp\ccqVG4ak.ltrans0.ltrans.o
 .bss.hypno_timer
                0x00800476        0x4 C:\Users\nonej\Documents\Keyboard\msys64\tmp\ccqVG4ak.ltrans0.ltrans.o
 .bss.copy_paste_timer
                0x0080047a        0x2 C:\Users\nonej\Documents\Keyboard\msys64\tmp\ccqVG4ak.ltrans0.ltrans.o
 .bss.grave_esc_was_shifted
                0x0080047c        0x1 C:\Users\nonej\Documents\Keyboard\msys64\tmp\ccqVG4ak.ltrans0.ltrans.o
 .bss.rgb_matrix_config
                0x0080047d        0x5 C:\Users\nonej\Documents\Keyboard\msys64\tmp\ccqVG4ak.ltrans0.ltrans.o
 .bss.tapping_key
                0x00800482        0x6 C:\Users\nonej\Documents\Keyboard\msys64\tmp\ccqVG4ak.ltrans0.ltrans.o
 .bss.waiting_buffer_head
                0x00800488        0x1 C:\Users\nonej\Documents\Keyboard\msys64\tmp\ccqVG4ak.ltrans0.ltrans.o
 .bss.waiting_buffer
                0x00800489       0x30 C:\Users\nonej\Documents\Keyboard\msys64\tmp\ccqVG4ak.ltrans0.ltrans.o
 .bss.waiting_buffer_tail
                0x008004b9        0x1 C:\Users\nonej\Documents\Keyboard\msys64\tmp\ccqVG4ak.ltrans0.ltrans.o
 .bss.source_layers_cache
                0x008004ba       0x1e C:\Users\nonej\Documents\Keyboard\msys64\tmp\ccqVG4ak.ltrans0.ltrans.o
 .bss.layer_state
                0x008004d8        0x4 C:\Users\nonej\Documents\Keyboard\msys64\tmp\ccqVG4ak.ltrans0.ltrans.o
 .bss.oneshot_locked_mods
                0x008004dc        0x1 C:\Users\nonej\Documents\Keyboard\msys64\tmp\ccqVG4ak.ltrans0.ltrans.o
 .bss.oneshot_layer_time
                0x008004dd        0x2 C:\Users\nonej\Documents\Keyboard\msys64\tmp\ccqVG4ak.ltrans0.ltrans.o
 .bss.oneshot_layer_data
                0x008004df        0x1 C:\Users\nonej\Documents\Keyboard\msys64\tmp\ccqVG4ak.ltrans0.ltrans.o
 .bss.macro_mods
                0x008004e0        0x1 C:\Users\nonej\Documents\Keyboard\msys64\tmp\ccqVG4ak.ltrans0.ltrans.o
 .bss.weak_mods
                0x008004e1        0x1 C:\Users\nonej\Documents\Keyboard\msys64\tmp\ccqVG4ak.ltrans0.ltrans.o
 .bss.oneshot_time
                0x008004e2        0x2 C:\Users\nonej\Documents\Keyboard\msys64\tmp\ccqVG4ak.ltrans0.ltrans.o
 .bss.default_layer_state
                0x008004e4        0x4 C:\Users\nonej\Documents\Keyboard\msys64\tmp\ccqVG4ak.ltrans0.ltrans.o
 .bss.timer_count
                0x008004e8        0x4 C:\Users\nonej\Documents\Keyboard\msys64\tmp\ccqVG4ak.ltrans0.ltrans.o
 .bss.driver    0x008004ec        0x2 C:\Users\nonej\Documents\Keyboard\msys64\tmp\ccqVG4ak.ltrans0.ltrans.o
 .bss.wdt_timeout
                0x008004ee        0x1 C:\Users\nonej\Documents\Keyboard\msys64\tmp\ccqVG4ak.ltrans0.ltrans.o
 .bss.matrix    0x008004ef        0x8 C:\Users\nonej\Documents\Keyboard\msys64\tmp\ccqVG4ak.ltrans0.ltrans.o
 .bss.oled_cursor
                0x008004f7        0x2 C:\Users\nonej\Documents\Keyboard\msys64\tmp\ccqVG4ak.ltrans0.ltrans.o
 .bss.oled_rotation_width
                0x008004f9        0x1 C:\Users\nonej\Documents\Keyboard\msys64\tmp\ccqVG4ak.ltrans0.ltrans.o
 .bss.oled_active
                0x008004fa        0x1 C:\Users\nonej\Documents\Keyboard\msys64\tmp\ccqVG4ak.ltrans0.ltrans.o
 .bss.keymap_config
                0x008004fb        0x2 C:\Users\nonej\Documents\Keyboard\msys64\tmp\ccqVG4ak.ltrans0.ltrans.o
 .bss.userspace_config
                0x008004fd        0x4 C:\Users\nonej\Documents\Keyboard\msys64\tmp\ccqVG4ak.ltrans0.ltrans.o
 .bss.real_mods
                0x00800501        0x1 C:\Users\nonej\Documents\Keyboard\msys64\tmp\ccqVG4ak.ltrans0.ltrans.o
 .bss.oneshot_mods
                0x00800502        0x1 C:\Users\nonej\Documents\Keyboard\msys64\tmp\ccqVG4ak.ltrans0.ltrans.o
 .bss.is_master
                0x00800503        0x1 C:\Users\nonej\Documents\Keyboard\msys64\tmp\ccqVG4ak.ltrans0.ltrans.o
 .bss.temp_buffer.2052
                0x00800504       0x20 C:\Users\nonej\Documents\Keyboard\msys64\tmp\ccqVG4ak.ltrans0.ltrans.o
 .bss.oled_buffer
                0x00800524      0x200 C:\Users\nonej\Documents\Keyboard\msys64\tmp\ccqVG4ak.ltrans0.ltrans.o
 .bss.oled_rotation
                0x00800724        0x1 C:\Users\nonej\Documents\Keyboard\msys64\tmp\ccqVG4ak.ltrans0.ltrans.o
 .bss.oled_scrolling
                0x00800725        0x1 C:\Users\nonej\Documents\Keyboard\msys64\tmp\ccqVG4ak.ltrans0.ltrans.o
 .bss.oled_dirty
                0x00800726        0x2 C:\Users\nonej\Documents\Keyboard\msys64\tmp\ccqVG4ak.ltrans0.ltrans.o
 .bss.oled_initialized
                0x00800728        0x1 C:\Users\nonej\Documents\Keyboard\msys64\tmp\ccqVG4ak.ltrans0.ltrans.o
 .bss.led_status.5639
                0x00800729        0x1 C:\Users\nonej\Documents\Keyboard\msys64\tmp\ccqVG4ak.ltrans0.ltrans.o
 .bss.debug_config
                0x0080072a        0x1 C:\Users\nonej\Documents\Keyboard\msys64\tmp\ccqVG4ak.ltrans0.ltrans.o
 .bss.matrix_prev.5638
                0x0080072b        0x8 C:\Users\nonej\Documents\Keyboard\msys64\tmp\ccqVG4ak.ltrans0.ltrans.o
 .bss.USB_IsInitialized
                0x00800733        0x1 C:\Users\nonej\Documents\Keyboard\msys64\tmp\ccqVG4ak.ltrans0.ltrans.o
 .bss.keyboard_idle
                0x00800734        0x1 C:\Users\nonej\Documents\Keyboard\msys64\tmp\ccqVG4ak.ltrans0.ltrans.o
 .bss.keyboard_led_stats
                0x00800735        0x1 C:\Users\nonej\Documents\Keyboard\msys64\tmp\ccqVG4ak.ltrans0.ltrans.o
 .bss.keyboard_report_sent
                0x00800736       0x20 C:\Users\nonej\Documents\Keyboard\msys64\tmp\ccqVG4ak.ltrans0.ltrans.o
 .bss.USB_Device_CurrentlySelfPowered
                0x00800756        0x1 C:\Users\nonej\Documents\Keyboard\msys64\tmp\ccqVG4ak.ltrans0.ltrans.o
 .bss.USB_Device_RemoteWakeupEnabled
                0x00800757        0x1 C:\Users\nonej\Documents\Keyboard\msys64\tmp\ccqVG4ak.ltrans0.ltrans.o
 .bss.USB_DeviceState
                0x00800758        0x1 C:\Users\nonej\Documents\Keyboard\msys64\tmp\ccqVG4ak.ltrans0.ltrans.o
 .bss.USB_Device_ConfigurationNumber
                0x00800759        0x1 C:\Users\nonej\Documents\Keyboard\msys64\tmp\ccqVG4ak.ltrans0.ltrans.o
 .bss.USB_ControlRequest
                0x0080075a        0x8 C:\Users\nonej\Documents\Keyboard\msys64\tmp\ccqVG4ak.ltrans0.ltrans.o
 .bss.Transaction_table_size
                0x00800762        0x1 .build/obj_crkbd_rev1_drashna/serial.a(serial.o)
 .bss.Transaction_table
                0x00800763        0x2 .build/obj_crkbd_rev1_drashna/serial.a(serial.o)
 *(COMMON)
                0x00800765                PROVIDE (__bss_end = .)
                0x00006420                __data_load_start = LOADADDR (.data)
                0x00006644                __data_load_end = (__data_load_start + SIZEOF (.data))

.noinit         0x00800765        0x4
                [!provide]                PROVIDE (__noinit_start = .)
 *(.noinit*)
 .noinit        0x00800765        0x4 C:\Users\nonej\Documents\Keyboard\msys64\tmp\ccqVG4ak.ltrans0.ltrans.o
                [!provide]                PROVIDE (__noinit_end = .)
                0x00800769                _end = .
                [!provide]                PROVIDE (__heap_start = .)

.eeprom         0x00810000        0x0
 *(.eeprom*)
                0x00810000                __eeprom_end = .

.fuse
 *(.fuse)
 *(.lfuse)
 *(.hfuse)
 *(.efuse)

.lock
 *(.lock*)

.signature
 *(.signature*)

.stab
 *(.stab)

.stabstr        0x00000000       0x95
 *(.stabstr)
 .stabstr       0x00000000       0x95 .build/obj_crkbd_rev1_drashna/common/avr/xprintf.o

.stab.excl
 *(.stab.excl)

.stab.exclstr
 *(.stab.exclstr)

.stab.index
 *(.stab.index)

.stab.indexstr
 *(.stab.indexstr)

.comment        0x00000000       0x11
 *(.comment)
 .comment       0x00000000       0x12 C:\Users\nonej\Documents\Keyboard\msys64\tmp\ccqVG4ak.ltrans0.ltrans.o
 .comment       0x00000000       0x11 .build/obj_crkbd_rev1_drashna/serial.a(serial.o)
                                 0x12 (size before relaxing)
 .comment       0x00000011       0x12 .build/obj_crkbd_rev1_drashna/i2c_master.a(i2c_master.o)

.note.gnu.avr.deviceinfo
                0x00000000       0x40
 .note.gnu.avr.deviceinfo
                0x00000000       0x40 c:/users/nonej/documents/keyboard/msys64/home/nonej/qmk_utils/avr8-gnu-toolchain/bin/../lib/gcc/avr/8.3.0/../../../../avr/lib/avr5/crtatmega32u4.o

.note.gnu.build-id
 *(.note.gnu.build-id)

.debug
 *(.debug)

.line
 *(.line)

.debug_srcinfo
 *(.debug_srcinfo)

.debug_sfnames
 *(.debug_sfnames)

.debug_aranges  0x00000000      0x510
 *(.debug_aranges)
 .debug_aranges
                0x00000000      0x378 C:\Users\nonej\Documents\Keyboard\msys64\tmp\ccqVG4ak.ltrans0.ltrans.o
 .debug_aranges
                0x00000378       0x70 .build/obj_crkbd_rev1_drashna/serial.a(serial.o)
 .debug_aranges
                0x000003e8       0x68 .build/obj_crkbd_rev1_drashna/i2c_master.a(i2c_master.o)
 .debug_aranges
                0x00000450       0x20 c:/users/nonej/documents/keyboard/msys64/home/nonej/qmk_utils/avr8-gnu-toolchain/bin/../lib/gcc/avr/8.3.0/avr5\libgcc.a(_exit.o)
 .debug_aranges
                0x00000470       0x20 c:/users/nonej/documents/keyboard/msys64/home/nonej/qmk_utils/avr8-gnu-toolchain/bin/../lib/gcc/avr/8.3.0/avr5\libgcc.a(_clear_bss.o)
 .debug_aranges
                0x00000490       0x20 c:/users/nonej/documents/keyboard/msys64/home/nonej/qmk_utils/avr8-gnu-toolchain/bin/../lib/gcc/avr/8.3.0/avr5\libgcc.a(_udivmodqi4.o)
 .debug_aranges
                0x000004b0       0x20 c:/users/nonej/documents/keyboard/msys64/home/nonej/qmk_utils/avr8-gnu-toolchain/bin/../lib/gcc/avr/8.3.0/avr5\libgcc.a(_udivmodhi4.o)
 .debug_aranges
                0x000004d0       0x20 c:/users/nonej/documents/keyboard/msys64/home/nonej/qmk_utils/avr8-gnu-toolchain/bin/../lib/gcc/avr/8.3.0/avr5\libgcc.a(_tablejump2.o)
 .debug_aranges
                0x000004f0       0x20 c:/users/nonej/documents/keyboard/msys64/home/nonej/qmk_utils/avr8-gnu-toolchain/bin/../lib/gcc/avr/8.3.0/avr5\libgcc.a(_copy_data.o)

.debug_pubnames
 *(.debug_pubnames)

.debug_info     0x00000000    0x2d3df
 *(.debug_info .gnu.linkonce.wi.*)
 .debug_info    0x00000000      0x9f4 c:/users/nonej/documents/keyboard/msys64/home/nonej/qmk_utils/avr8-gnu-toolchain/bin/../lib/gcc/avr/8.3.0/../../../../avr/lib/avr5/crtatmega32u4.o
 .debug_info    0x000009f4    0x21560 C:\Users\nonej\Documents\Keyboard\msys64\tmp\cc0lu1lZdebugobj
                0x000009f4                ssd1306.c.75a7e3ed
                0x00000a4a                matrix.c.6261f592
                0x000010dc                split_util.c.6c341a10
                0x000012c5                split_scomm.c.c720c595
                0x00001494                drashna.c.5fe09942
                0x00002bbb                process_records.c.b7156553
                0x0000475b                rgb_stuff.c.3aebd5b1
                0x00006068                crkbd.c.70405a50
                0x00006bce                rev1.c.aea729eb
                0x00007604                keymap.c.2267a8f1
                0x000094b9                quantum.c.8b6eebee
                0x0000b3cf                keymap_common.c.39fed0d4
                0x0000d32e                keycode_config.c.395500c2
                0x0000d934                sym_g.c.85b45205
                0x0000e2be                color.c.46a78bb7
                0x0000e488                rgb_matrix.c.dda8ce36
                0x0000fd5b                rgb_matrix_drivers.c.afa3f475
                0x00010739                process_rgb.c.a1e7996d
                0x00011ff8                ws2812.c.8e990a2d
                0x000121f8                led_tables.c.90dacab0
                0x00012284                haptic.c.f9e3824f
                0x00013944                solenoid.c.01c38fe1
                0x000143fa                oled_driver.c.181666c8
                0x00014c1f                process_magic.c.1d13ab3c
                0x00015fd4                process_grave_esc.c.873b5e80
                0x00017802                host.c.75b99256
                0x00017f5a                keyboard.c.035401df
                0x000185c4                action.c.7530ddf0
                0x00019a24                action_tapping.c.0c575f9c
                0x0001a626                action_macro.c.565bcb71
                0x0001a9e3                action_layer.c.fd3b2a77
                0x0001b29d                action_util.c.2ccf8df9
                0x0001bb9b                print.c.37ab8e21
                0x0001bbf1                debug.c.969c461f
                0x0001bcfb                util.c.7e8c126f
                0x0001bec4                eeconfig.c.0365b25c
                0x0001c144                report.c.0bce1b0f
                0x0001c794                suspend.c.9a3c298d
                0x0001cd2b                timer.c.4de63d24
                0x0001cf34                bootloader.c.a62742bd
                0x0001d227                magic.c.120862a7
                0x0001d6aa                lufa.c.4f0e4feb
                0x0001e697                usb_descriptor.c.4052b81e
                0x0001efab                outputselect.c.61490b07
                0x0001f4ae                HIDParser.c.7fd103e2
                0x0001fb1d                Device_AVR8.c.e578b44c
                0x0001fc7d                EndpointStream_AVR8.c.79d4408f
                0x00020790                Endpoint_AVR8.c.5aeb3fad
                0x00020bc0                Host_AVR8.c.b0eb6110
                0x00020c16                PipeStream_AVR8.c.e4233a3f
                0x00020c6c                Pipe_AVR8.c.4cc7afce
                0x00020cc2                USBController_AVR8.c.624ee92d
                0x00020fdf                USBInterrupt_AVR8.c.4879b9d2
                0x00021368                ConfigDescriptors.c.2e2dde80
                0x000216c2                DeviceStandardReq.c.e25a33ed
                0x00021c5e                Events.c.3e44c890
                0x00021d0e                HostStandardReq.c.376c8cd4
                0x00021d64                USBTask.c.008c1b5b
 .debug_info    0x00021f54     0x9d82 C:\Users\nonej\Documents\Keyboard\msys64\tmp\ccqVG4ak.ltrans0.ltrans.o
 .debug_info    0x0002bcd6      0xf0d .build/obj_crkbd_rev1_drashna/serial.a(serial.o)
 .debug_info    0x0002cbe3      0x718 .build/obj_crkbd_rev1_drashna/i2c_master.a(i2c_master.o)
 .debug_info    0x0002d2fb       0x26 c:/users/nonej/documents/keyboard/msys64/home/nonej/qmk_utils/avr8-gnu-toolchain/bin/../lib/gcc/avr/8.3.0/avr5\libgcc.a(_exit.o)
 .debug_info    0x0002d321       0x26 c:/users/nonej/documents/keyboard/msys64/home/nonej/qmk_utils/avr8-gnu-toolchain/bin/../lib/gcc/avr/8.3.0/avr5\libgcc.a(_clear_bss.o)
 .debug_info    0x0002d347       0x26 c:/users/nonej/documents/keyboard/msys64/home/nonej/qmk_utils/avr8-gnu-toolchain/bin/../lib/gcc/avr/8.3.0/avr5\libgcc.a(_udivmodqi4.o)
 .debug_info    0x0002d36d       0x26 c:/users/nonej/documents/keyboard/msys64/home/nonej/qmk_utils/avr8-gnu-toolchain/bin/../lib/gcc/avr/8.3.0/avr5\libgcc.a(_udivmodhi4.o)
 .debug_info    0x0002d393       0x26 c:/users/nonej/documents/keyboard/msys64/home/nonej/qmk_utils/avr8-gnu-toolchain/bin/../lib/gcc/avr/8.3.0/avr5\libgcc.a(_tablejump2.o)
 .debug_info    0x0002d3b9       0x26 c:/users/nonej/documents/keyboard/msys64/home/nonej/qmk_utils/avr8-gnu-toolchain/bin/../lib/gcc/avr/8.3.0/avr5\libgcc.a(_copy_data.o)

.debug_abbrev   0x00000000     0x6911
 *(.debug_abbrev)
 .debug_abbrev  0x00000000      0x96a c:/users/nonej/documents/keyboard/msys64/home/nonej/qmk_utils/avr8-gnu-toolchain/bin/../lib/gcc/avr/8.3.0/../../../../avr/lib/avr5/crtatmega32u4.o
 .debug_abbrev  0x0000096a     0x56b7 C:\Users\nonej\Documents\Keyboard\msys64\tmp\cc0lu1lZdebugobj
 .debug_abbrev  0x00006021      0x39a C:\Users\nonej\Documents\Keyboard\msys64\tmp\ccqVG4ak.ltrans0.ltrans.o
 .debug_abbrev  0x000063bb      0x371 .build/obj_crkbd_rev1_drashna/serial.a(serial.o)
 .debug_abbrev  0x0000672c      0x16d .build/obj_crkbd_rev1_drashna/i2c_master.a(i2c_master.o)
 .debug_abbrev  0x00006899       0x14 c:/users/nonej/documents/keyboard/msys64/home/nonej/qmk_utils/avr8-gnu-toolchain/bin/../lib/gcc/avr/8.3.0/avr5\libgcc.a(_exit.o)
 .debug_abbrev  0x000068ad       0x14 c:/users/nonej/documents/keyboard/msys64/home/nonej/qmk_utils/avr8-gnu-toolchain/bin/../lib/gcc/avr/8.3.0/avr5\libgcc.a(_clear_bss.o)
 .debug_abbrev  0x000068c1       0x14 c:/users/nonej/documents/keyboard/msys64/home/nonej/qmk_utils/avr8-gnu-toolchain/bin/../lib/gcc/avr/8.3.0/avr5\libgcc.a(_udivmodqi4.o)
 .debug_abbrev  0x000068d5       0x14 c:/users/nonej/documents/keyboard/msys64/home/nonej/qmk_utils/avr8-gnu-toolchain/bin/../lib/gcc/avr/8.3.0/avr5\libgcc.a(_udivmodhi4.o)
 .debug_abbrev  0x000068e9       0x14 c:/users/nonej/documents/keyboard/msys64/home/nonej/qmk_utils/avr8-gnu-toolchain/bin/../lib/gcc/avr/8.3.0/avr5\libgcc.a(_tablejump2.o)
 .debug_abbrev  0x000068fd       0x14 c:/users/nonej/documents/keyboard/msys64/home/nonej/qmk_utils/avr8-gnu-toolchain/bin/../lib/gcc/avr/8.3.0/avr5\libgcc.a(_copy_data.o)

.debug_line     0x00000000    0x15f2a
 *(.debug_line .debug_line.* .debug_line_end)
 .debug_line    0x00000000       0x1d c:/users/nonej/documents/keyboard/msys64/home/nonej/qmk_utils/avr8-gnu-toolchain/bin/../lib/gcc/avr/8.3.0/../../../../avr/lib/avr5/crtatmega32u4.o
 .debug_line    0x0000001d     0x6b86 C:\Users\nonej\Documents\Keyboard\msys64\tmp\cc0lu1lZdebugobj
 .debug_line    0x00006ba3     0xd272 C:\Users\nonej\Documents\Keyboard\msys64\tmp\ccqVG4ak.ltrans0.ltrans.o
 .debug_line    0x00013e15     0x1320 .build/obj_crkbd_rev1_drashna/serial.a(serial.o)
 .debug_line    0x00015135      0xa95 .build/obj_crkbd_rev1_drashna/i2c_master.a(i2c_master.o)
 .debug_line    0x00015bca       0x61 c:/users/nonej/documents/keyboard/msys64/home/nonej/qmk_utils/avr8-gnu-toolchain/bin/../lib/gcc/avr/8.3.0/avr5\libgcc.a(_exit.o)
 .debug_line    0x00015c2b       0x85 c:/users/nonej/documents/keyboard/msys64/home/nonej/qmk_utils/avr8-gnu-toolchain/bin/../lib/gcc/avr/8.3.0/avr5\libgcc.a(_clear_bss.o)
 .debug_line    0x00015cb0       0x9d c:/users/nonej/documents/keyboard/msys64/home/nonej/qmk_utils/avr8-gnu-toolchain/bin/../lib/gcc/avr/8.3.0/avr5\libgcc.a(_udivmodqi4.o)
 .debug_line    0x00015d4d       0xcd c:/users/nonej/documents/keyboard/msys64/home/nonej/qmk_utils/avr8-gnu-toolchain/bin/../lib/gcc/avr/8.3.0/avr5\libgcc.a(_udivmodhi4.o)
 .debug_line    0x00015e1a       0x79 c:/users/nonej/documents/keyboard/msys64/home/nonej/qmk_utils/avr8-gnu-toolchain/bin/../lib/gcc/avr/8.3.0/avr5\libgcc.a(_tablejump2.o)
 .debug_line    0x00015e93       0x97 c:/users/nonej/documents/keyboard/msys64/home/nonej/qmk_utils/avr8-gnu-toolchain/bin/../lib/gcc/avr/8.3.0/avr5\libgcc.a(_copy_data.o)

.debug_frame    0x00000000      0xe8c
 *(.debug_frame)
 .debug_frame   0x00000000      0xb10 C:\Users\nonej\Documents\Keyboard\msys64\tmp\ccqVG4ak.ltrans0.ltrans.o
 .debug_frame   0x00000b10      0x19c .build/obj_crkbd_rev1_drashna/serial.a(serial.o)
 .debug_frame   0x00000cac      0x1e0 .build/obj_crkbd_rev1_drashna/i2c_master.a(i2c_master.o)

.debug_str      0x00000000     0x7cbe
 *(.debug_str)
 .debug_str     0x00000000      0x371 c:/users/nonej/documents/keyboard/msys64/home/nonej/qmk_utils/avr8-gnu-toolchain/bin/../lib/gcc/avr/8.3.0/../../../../avr/lib/avr5/crtatmega32u4.o
 .debug_str     0x00000371     0x729f C:\Users\nonej\Documents\Keyboard\msys64\tmp\cc0lu1lZdebugobj
                              0x21d62 (size before relaxing)
 .debug_str     0x00007610      0x11d C:\Users\nonej\Documents\Keyboard\msys64\tmp\ccqVG4ak.ltrans0.ltrans.o
                                0x165 (size before relaxing)
 .debug_str     0x0000772d      0x442 .build/obj_crkbd_rev1_drashna/serial.a(serial.o)
                                0x4a0 (size before relaxing)
 .debug_str     0x00007b6f       0xf1 .build/obj_crkbd_rev1_drashna/i2c_master.a(i2c_master.o)
                                0x2b1 (size before relaxing)
 .debug_str     0x00007c60       0x5e c:/users/nonej/documents/keyboard/msys64/home/nonej/qmk_utils/avr8-gnu-toolchain/bin/../lib/gcc/avr/8.3.0/avr5\libgcc.a(_exit.o)
 .debug_str     0x00007cbe       0x5e c:/users/nonej/documents/keyboard/msys64/home/nonej/qmk_utils/avr8-gnu-toolchain/bin/../lib/gcc/avr/8.3.0/avr5\libgcc.a(_clear_bss.o)
 .debug_str     0x00007cbe       0x5e c:/users/nonej/documents/keyboard/msys64/home/nonej/qmk_utils/avr8-gnu-toolchain/bin/../lib/gcc/avr/8.3.0/avr5\libgcc.a(_udivmodqi4.o)
 .debug_str     0x00007cbe       0x5e c:/users/nonej/documents/keyboard/msys64/home/nonej/qmk_utils/avr8-gnu-toolchain/bin/../lib/gcc/avr/8.3.0/avr5\libgcc.a(_udivmodhi4.o)
 .debug_str     0x00007cbe       0x5e c:/users/nonej/documents/keyboard/msys64/home/nonej/qmk_utils/avr8-gnu-toolchain/bin/../lib/gcc/avr/8.3.0/avr5\libgcc.a(_tablejump2.o)
 .debug_str     0x00007cbe       0x5e c:/users/nonej/documents/keyboard/msys64/home/nonej/qmk_utils/avr8-gnu-toolchain/bin/../lib/gcc/avr/8.3.0/avr5\libgcc.a(_copy_data.o)

.debug_loc      0x00000000     0x99e4
 *(.debug_loc)
 .debug_loc     0x00000000     0x818d C:\Users\nonej\Documents\Keyboard\msys64\tmp\ccqVG4ak.ltrans0.ltrans.o
 .debug_loc     0x0000818d      0xba1 .build/obj_crkbd_rev1_drashna/serial.a(serial.o)
 .debug_loc     0x00008d2e      0xcb6 .build/obj_crkbd_rev1_drashna/i2c_master.a(i2c_master.o)

.debug_macinfo
 *(.debug_macinfo)

.debug_weaknames
 *(.debug_weaknames)

.debug_funcnames
 *(.debug_funcnames)

.debug_typenames
 *(.debug_typenames)

.debug_varnames
 *(.debug_varnames)

.debug_pubtypes
 *(.debug_pubtypes)

.debug_ranges   0x00000000     0x2350
 *(.debug_ranges)
 .debug_ranges  0x00000000     0x2028 C:\Users\nonej\Documents\Keyboard\msys64\tmp\ccqVG4ak.ltrans0.ltrans.o
 .debug_ranges  0x00002028      0x270 .build/obj_crkbd_rev1_drashna/serial.a(serial.o)
 .debug_ranges  0x00002298       0xb8 .build/obj_crkbd_rev1_drashna/i2c_master.a(i2c_master.o)

.debug_macro
 *(.debug_macro)

.debug_addr
 *(.debug_addr)
OUTPUT(.build/crkbd_rev1_drashna.elf elf32-avr)
LOAD linker stubs

Cross Reference Table

Symbol                                            File
CALLBACK_HIDParser_FilterHIDReportItem            .build/obj_crkbd_rev1_drashna/lib/lufa/LUFA/Drivers/USB/Class/Common/HIDParser.o (symbol from plugin)
CALLBACK_USB_GetDescriptor                        .build/obj_crkbd_rev1_drashna/lufa.o (symbol from plugin)
                                                  .build/obj_crkbd_rev1_drashna/lib/lufa/LUFA/Drivers/USB/Core/DeviceStandardReq.o (symbol from plugin)
CIE1931_CURVE                                     .build/obj_crkbd_rev1_drashna/quantum/led_tables.o (symbol from plugin)
                                                  .build/obj_crkbd_rev1_drashna/quantum/color.o (symbol from plugin)
CYCLE_OUT_IN_DUAL                                 .build/obj_crkbd_rev1_drashna/quantum/rgb_matrix.o (symbol from plugin)
ConfigDescriptors.c.2e2dde80                      C:\Users\nonej\Documents\Keyboard\msys64\tmp\cc0lu1lZdebugobj
ConfigurationDescriptor                           .build/obj_crkbd_rev1_drashna/usb_descriptor.o (symbol from plugin)
DeviceDescriptor                                  .build/obj_crkbd_rev1_drashna/usb_descriptor.o (symbol from plugin)
DeviceStandardReq.c.e25a33ed                      C:\Users\nonej\Documents\Keyboard\msys64\tmp\cc0lu1lZdebugobj
                                                  C:\Users\nonej\Documents\Keyboard\msys64\tmp\ccqVG4ak.ltrans0.ltrans.o
Device_AVR8.c.e578b44c                            C:\Users\nonej\Documents\Keyboard\msys64\tmp\cc0lu1lZdebugobj
                                                  C:\Users\nonej\Documents\Keyboard\msys64\tmp\ccqVG4ak.ltrans0.ltrans.o
EVENT_USB_Device_ConfigurationChanged             .build/obj_crkbd_rev1_drashna/lufa.o (symbol from plugin)
                                                  .build/obj_crkbd_rev1_drashna/lib/lufa/LUFA/Drivers/USB/Core/DeviceStandardReq.o (symbol from plugin)
EVENT_USB_Device_Connect                          .build/obj_crkbd_rev1_drashna/lufa.o (symbol from plugin)
                                                  .build/obj_crkbd_rev1_drashna/lib/lufa/LUFA/Drivers/USB/Core/AVR8/USBInterrupt_AVR8.o (symbol from plugin)
EVENT_USB_Device_ControlRequest                   .build/obj_crkbd_rev1_drashna/lufa.o (symbol from plugin)
                                                  .build/obj_crkbd_rev1_drashna/lib/lufa/LUFA/Drivers/USB/Core/DeviceStandardReq.o (symbol from plugin)
EVENT_USB_Device_Disconnect                       .build/obj_crkbd_rev1_drashna/lufa.o (symbol from plugin)
                                                  .build/obj_crkbd_rev1_drashna/lib/lufa/LUFA/Drivers/USB/Core/AVR8/USBInterrupt_AVR8.o (symbol from plugin)
EVENT_USB_Device_Reset                            .build/obj_crkbd_rev1_drashna/lufa.o (symbol from plugin)
                                                  .build/obj_crkbd_rev1_drashna/lib/lufa/LUFA/Drivers/USB/Core/AVR8/USBInterrupt_AVR8.o (symbol from plugin)
EVENT_USB_Device_StartOfFrame                     .build/obj_crkbd_rev1_drashna/lib/lufa/LUFA/Drivers/USB/Core/Events.o (symbol from plugin)
                                                  .build/obj_crkbd_rev1_drashna/lib/lufa/LUFA/Drivers/USB/Core/AVR8/USBInterrupt_AVR8.o (symbol from plugin)
EVENT_USB_Device_Suspend                          .build/obj_crkbd_rev1_drashna/lufa.o (symbol from plugin)
                                                  .build/obj_crkbd_rev1_drashna/lib/lufa/LUFA/Drivers/USB/Core/AVR8/USBInterrupt_AVR8.o (symbol from plugin)
EVENT_USB_Device_WakeUp                           .build/obj_crkbd_rev1_drashna/lufa.o (symbol from plugin)
                                                  .build/obj_crkbd_rev1_drashna/lib/lufa/LUFA/Drivers/USB/Core/AVR8/USBInterrupt_AVR8.o (symbol from plugin)
EndpointStream_AVR8.c.79d4408f                    C:\Users\nonej\Documents\Keyboard\msys64\tmp\cc0lu1lZdebugobj
                                                  C:\Users\nonej\Documents\Keyboard\msys64\tmp\ccqVG4ak.ltrans0.ltrans.o
Endpoint_AVR8.c.5aeb3fad                          C:\Users\nonej\Documents\Keyboard\msys64\tmp\cc0lu1lZdebugobj
                                                  C:\Users\nonej\Documents\Keyboard\msys64\tmp\ccqVG4ak.ltrans0.ltrans.o
Endpoint_ClearEndpoints                           .build/obj_crkbd_rev1_drashna/lib/lufa/LUFA/Drivers/USB/Core/AVR8/Endpoint_AVR8.o (symbol from plugin)
Endpoint_ClearStatusStage                         .build/obj_crkbd_rev1_drashna/lib/lufa/LUFA/Drivers/USB/Core/AVR8/Endpoint_AVR8.o (symbol from plugin)
                                                  .build/obj_crkbd_rev1_drashna/lib/lufa/LUFA/Drivers/USB/Core/DeviceStandardReq.o (symbol from plugin)
                                                  .build/obj_crkbd_rev1_drashna/lufa.o (symbol from plugin)
Endpoint_ConfigureEndpointTable                   .build/obj_crkbd_rev1_drashna/lib/lufa/LUFA/Drivers/USB/Core/AVR8/Endpoint_AVR8.o (symbol from plugin)
Endpoint_ConfigureEndpoint_Prv                    .build/obj_crkbd_rev1_drashna/lib/lufa/LUFA/Drivers/USB/Core/AVR8/Endpoint_AVR8.o (symbol from plugin)
                                                  .build/obj_crkbd_rev1_drashna/lib/lufa/LUFA/Drivers/USB/Core/AVR8/USBInterrupt_AVR8.o (symbol from plugin)
                                                  .build/obj_crkbd_rev1_drashna/lib/lufa/LUFA/Drivers/USB/Core/AVR8/USBController_AVR8.o (symbol from plugin)
                                                  .build/obj_crkbd_rev1_drashna/lufa.o (symbol from plugin)
Endpoint_Discard_Stream                           .build/obj_crkbd_rev1_drashna/lib/lufa/LUFA/Drivers/USB/Core/AVR8/EndpointStream_AVR8.o (symbol from plugin)
Endpoint_Null_Stream                              .build/obj_crkbd_rev1_drashna/lib/lufa/LUFA/Drivers/USB/Core/AVR8/EndpointStream_AVR8.o (symbol from plugin)
Endpoint_Read_Control_EStream_BE                  .build/obj_crkbd_rev1_drashna/lib/lufa/LUFA/Drivers/USB/Core/AVR8/EndpointStream_AVR8.o (symbol from plugin)
Endpoint_Read_Control_EStream_LE                  .build/obj_crkbd_rev1_drashna/lib/lufa/LUFA/Drivers/USB/Core/AVR8/EndpointStream_AVR8.o (symbol from plugin)
Endpoint_Read_Control_Stream_BE                   .build/obj_crkbd_rev1_drashna/lib/lufa/LUFA/Drivers/USB/Core/AVR8/EndpointStream_AVR8.o (symbol from plugin)
Endpoint_Read_Control_Stream_LE                   .build/obj_crkbd_rev1_drashna/lib/lufa/LUFA/Drivers/USB/Core/AVR8/EndpointStream_AVR8.o (symbol from plugin)
Endpoint_Read_EStream_BE                          .build/obj_crkbd_rev1_drashna/lib/lufa/LUFA/Drivers/USB/Core/AVR8/EndpointStream_AVR8.o (symbol from plugin)
Endpoint_Read_EStream_LE                          .build/obj_crkbd_rev1_drashna/lib/lufa/LUFA/Drivers/USB/Core/AVR8/EndpointStream_AVR8.o (symbol from plugin)
Endpoint_Read_Stream_BE                           .build/obj_crkbd_rev1_drashna/lib/lufa/LUFA/Drivers/USB/Core/AVR8/EndpointStream_AVR8.o (symbol from plugin)
Endpoint_Read_Stream_LE                           .build/obj_crkbd_rev1_drashna/lib/lufa/LUFA/Drivers/USB/Core/AVR8/EndpointStream_AVR8.o (symbol from plugin)
Endpoint_WaitUntilReady                           .build/obj_crkbd_rev1_drashna/lib/lufa/LUFA/Drivers/USB/Core/AVR8/Endpoint_AVR8.o (symbol from plugin)
                                                  .build/obj_crkbd_rev1_drashna/lib/lufa/LUFA/Drivers/USB/Core/AVR8/EndpointStream_AVR8.o (symbol from plugin)
Endpoint_Write_Control_EStream_BE                 .build/obj_crkbd_rev1_drashna/lib/lufa/LUFA/Drivers/USB/Core/AVR8/EndpointStream_AVR8.o (symbol from plugin)
Endpoint_Write_Control_EStream_LE                 .build/obj_crkbd_rev1_drashna/lib/lufa/LUFA/Drivers/USB/Core/AVR8/EndpointStream_AVR8.o (symbol from plugin)
Endpoint_Write_Control_PStream_BE                 .build/obj_crkbd_rev1_drashna/lib/lufa/LUFA/Drivers/USB/Core/AVR8/EndpointStream_AVR8.o (symbol from plugin)
Endpoint_Write_Control_PStream_LE                 .build/obj_crkbd_rev1_drashna/lib/lufa/LUFA/Drivers/USB/Core/AVR8/EndpointStream_AVR8.o (symbol from plugin)
                                                  .build/obj_crkbd_rev1_drashna/lib/lufa/LUFA/Drivers/USB/Core/DeviceStandardReq.o (symbol from plugin)
Endpoint_Write_Control_Stream_BE                  .build/obj_crkbd_rev1_drashna/lib/lufa/LUFA/Drivers/USB/Core/AVR8/EndpointStream_AVR8.o (symbol from plugin)
Endpoint_Write_Control_Stream_LE                  .build/obj_crkbd_rev1_drashna/lib/lufa/LUFA/Drivers/USB/Core/AVR8/EndpointStream_AVR8.o (symbol from plugin)
                                                  .build/obj_crkbd_rev1_drashna/lib/lufa/LUFA/Drivers/USB/Core/DeviceStandardReq.o (symbol from plugin)
                                                  .build/obj_crkbd_rev1_drashna/lufa.o (symbol from plugin)
Endpoint_Write_EStream_BE                         .build/obj_crkbd_rev1_drashna/lib/lufa/LUFA/Drivers/USB/Core/AVR8/EndpointStream_AVR8.o (symbol from plugin)
Endpoint_Write_EStream_LE                         .build/obj_crkbd_rev1_drashna/lib/lufa/LUFA/Drivers/USB/Core/AVR8/EndpointStream_AVR8.o (symbol from plugin)
Endpoint_Write_PStream_BE                         .build/obj_crkbd_rev1_drashna/lib/lufa/LUFA/Drivers/USB/Core/AVR8/EndpointStream_AVR8.o (symbol from plugin)
Endpoint_Write_PStream_LE                         .build/obj_crkbd_rev1_drashna/lib/lufa/LUFA/Drivers/USB/Core/AVR8/EndpointStream_AVR8.o (symbol from plugin)
Endpoint_Write_Stream_BE                          .build/obj_crkbd_rev1_drashna/lib/lufa/LUFA/Drivers/USB/Core/AVR8/EndpointStream_AVR8.o (symbol from plugin)
Endpoint_Write_Stream_LE                          .build/obj_crkbd_rev1_drashna/lib/lufa/LUFA/Drivers/USB/Core/AVR8/EndpointStream_AVR8.o (symbol from plugin)
                                                  .build/obj_crkbd_rev1_drashna/lufa.o (symbol from plugin)
Events.c.3e44c890                                 C:\Users\nonej\Documents\Keyboard\msys64\tmp\cc0lu1lZdebugobj
                                                  C:\Users\nonej\Documents\Keyboard\msys64\tmp\ccqVG4ak.ltrans0.ltrans.o
GRADIENT_LEFT_RIGHT                               .build/obj_crkbd_rev1_drashna/quantum/rgb_matrix.o (symbol from plugin)
HIDParser.c.7fd103e2                              C:\Users\nonej\Documents\Keyboard\msys64\tmp\cc0lu1lZdebugobj
HostStandardReq.c.376c8cd4                        C:\Users\nonej\Documents\Keyboard\msys64\tmp\cc0lu1lZdebugobj
Host_AVR8.c.b0eb6110                              C:\Users\nonej\Documents\Keyboard\msys64\tmp\cc0lu1lZdebugobj
KeyboardReport                                    .build/obj_crkbd_rev1_drashna/usb_descriptor.o (symbol from plugin)
LanguageString                                    .build/obj_crkbd_rev1_drashna/usb_descriptor.o (symbol from plugin)
ManufacturerString                                .build/obj_crkbd_rev1_drashna/usb_descriptor.o (symbol from plugin)
PipeStream_AVR8.c.e4233a3f                        C:\Users\nonej\Documents\Keyboard\msys64\tmp\cc0lu1lZdebugobj
Pipe_AVR8.c.4cc7afce                              C:\Users\nonej\Documents\Keyboard\msys64\tmp\cc0lu1lZdebugobj
ProductString                                     .build/obj_crkbd_rev1_drashna/usb_descriptor.o (symbol from plugin)
SOLID_COLOR                                       .build/obj_crkbd_rev1_drashna/quantum/rgb_matrix.o (symbol from plugin)
SerialNumberString                                .build/obj_crkbd_rev1_drashna/usb_descriptor.o (symbol from plugin)
SharedReport                                      .build/obj_crkbd_rev1_drashna/usb_descriptor.o (symbol from plugin)
TYPING_HEATMAP                                    .build/obj_crkbd_rev1_drashna/quantum/rgb_matrix.o (symbol from plugin)
USBController_AVR8.c.624ee92d                     C:\Users\nonej\Documents\Keyboard\msys64\tmp\cc0lu1lZdebugobj
                                                  C:\Users\nonej\Documents\Keyboard\msys64\tmp\ccqVG4ak.ltrans0.ltrans.o
USBInterrupt_AVR8.c.4879b9d2                      C:\Users\nonej\Documents\Keyboard\msys64\tmp\cc0lu1lZdebugobj
                                                  C:\Users\nonej\Documents\Keyboard\msys64\tmp\ccqVG4ak.ltrans0.ltrans.o
USBTask.c.008c1b5b                                C:\Users\nonej\Documents\Keyboard\msys64\tmp\cc0lu1lZdebugobj
                                                  C:\Users\nonej\Documents\Keyboard\msys64\tmp\ccqVG4ak.ltrans0.ltrans.o
USB_ControlRequest                                .build/obj_crkbd_rev1_drashna/lib/lufa/LUFA/Drivers/USB/Core/USBTask.o (symbol from plugin)
                                                  .build/obj_crkbd_rev1_drashna/lib/lufa/LUFA/Drivers/USB/Core/DeviceStandardReq.o (symbol from plugin)
                                                  .build/obj_crkbd_rev1_drashna/lib/lufa/LUFA/Drivers/USB/Core/AVR8/Endpoint_AVR8.o (symbol from plugin)
                                                  .build/obj_crkbd_rev1_drashna/lib/lufa/LUFA/Drivers/USB/Core/AVR8/EndpointStream_AVR8.o (symbol from plugin)
                                                  .build/obj_crkbd_rev1_drashna/lufa.o (symbol from plugin)
USB_DeviceState                                   .build/obj_crkbd_rev1_drashna/lib/lufa/LUFA/Drivers/USB/Core/USBTask.o (symbol from plugin)
                                                  .build/obj_crkbd_rev1_drashna/lib/lufa/LUFA/Drivers/USB/Core/DeviceStandardReq.o (symbol from plugin)
                                                  .build/obj_crkbd_rev1_drashna/lib/lufa/LUFA/Drivers/USB/Core/AVR8/USBInterrupt_AVR8.o (symbol from plugin)
                                                  .build/obj_crkbd_rev1_drashna/lib/lufa/LUFA/Drivers/USB/Core/AVR8/USBController_AVR8.o (symbol from plugin)
                                                  .build/obj_crkbd_rev1_drashna/lib/lufa/LUFA/Drivers/USB/Core/AVR8/Endpoint_AVR8.o (symbol from plugin)
                                                  .build/obj_crkbd_rev1_drashna/lib/lufa/LUFA/Drivers/USB/Core/AVR8/EndpointStream_AVR8.o (symbol from plugin)
                                                  .build/obj_crkbd_rev1_drashna/outputselect.o (symbol from plugin)
                                                  .build/obj_crkbd_rev1_drashna/lufa.o (symbol from plugin)
                                                  .build/obj_crkbd_rev1_drashna/common/avr/suspend.o (symbol from plugin)
USB_Device_ConfigurationNumber                    .build/obj_crkbd_rev1_drashna/lib/lufa/LUFA/Drivers/USB/Core/DeviceStandardReq.o (symbol from plugin)
                                                  .build/obj_crkbd_rev1_drashna/lib/lufa/LUFA/Drivers/USB/Core/AVR8/USBInterrupt_AVR8.o (symbol from plugin)
                                                  .build/obj_crkbd_rev1_drashna/lib/lufa/LUFA/Drivers/USB/Core/AVR8/USBController_AVR8.o (symbol from plugin)
USB_Device_CurrentlySelfPowered                   .build/obj_crkbd_rev1_drashna/lib/lufa/LUFA/Drivers/USB/Core/DeviceStandardReq.o (symbol from plugin)
                                                  .build/obj_crkbd_rev1_drashna/lib/lufa/LUFA/Drivers/USB/Core/AVR8/USBController_AVR8.o (symbol from plugin)
USB_Device_ProcessControlRequest                  .build/obj_crkbd_rev1_drashna/lib/lufa/LUFA/Drivers/USB/Core/DeviceStandardReq.o (symbol from plugin)
                                                  .build/obj_crkbd_rev1_drashna/lib/lufa/LUFA/Drivers/USB/Core/USBTask.o (symbol from plugin)
                                                  .build/obj_crkbd_rev1_drashna/lib/lufa/LUFA/Drivers/USB/Core/AVR8/USBInterrupt_AVR8.o (symbol from plugin)
USB_Device_RemoteWakeupEnabled                    .build/obj_crkbd_rev1_drashna/lib/lufa/LUFA/Drivers/USB/Core/DeviceStandardReq.o (symbol from plugin)
                                                  .build/obj_crkbd_rev1_drashna/lib/lufa/LUFA/Drivers/USB/Core/AVR8/USBController_AVR8.o (symbol from plugin)
                                                  .build/obj_crkbd_rev1_drashna/lufa.o (symbol from plugin)
USB_Device_SendRemoteWakeup                       .build/obj_crkbd_rev1_drashna/lib/lufa/LUFA/Drivers/USB/Core/AVR8/Device_AVR8.o (symbol from plugin)
                                                  .build/obj_crkbd_rev1_drashna/lufa.o (symbol from plugin)
USB_Disable                                       .build/obj_crkbd_rev1_drashna/lib/lufa/LUFA/Drivers/USB/Core/AVR8/USBController_AVR8.o (symbol from plugin)
                                                  .build/obj_crkbd_rev1_drashna/lufa.o (symbol from plugin)
USB_Event_Stub                                    .build/obj_crkbd_rev1_drashna/lib/lufa/LUFA/Drivers/USB/Core/Events.o (symbol from plugin)
USB_Event_Stub_2                                  .build/obj_crkbd_rev1_drashna/lib/lufa/LUFA/Drivers/USB/Core/Events.o (symbol from plugin)
USB_Event_Stub_3                                  .build/obj_crkbd_rev1_drashna/lib/lufa/LUFA/Drivers/USB/Core/Events.o (symbol from plugin)
USB_GetHIDReportItemInfo                          .build/obj_crkbd_rev1_drashna/lib/lufa/LUFA/Drivers/USB/Class/Common/HIDParser.o (symbol from plugin)
USB_GetHIDReportSize                              .build/obj_crkbd_rev1_drashna/lib/lufa/LUFA/Drivers/USB/Class/Common/HIDParser.o (symbol from plugin)
USB_GetNextDescriptorComp                         .build/obj_crkbd_rev1_drashna/lib/lufa/LUFA/Drivers/USB/Core/ConfigDescriptors.o (symbol from plugin)
USB_GetNextDescriptorOfType                       .build/obj_crkbd_rev1_drashna/lib/lufa/LUFA/Drivers/USB/Core/ConfigDescriptors.o (symbol from plugin)
USB_GetNextDescriptorOfTypeAfter                  .build/obj_crkbd_rev1_drashna/lib/lufa/LUFA/Drivers/USB/Core/ConfigDescriptors.o (symbol from plugin)
USB_GetNextDescriptorOfTypeBefore                 .build/obj_crkbd_rev1_drashna/lib/lufa/LUFA/Drivers/USB/Core/ConfigDescriptors.o (symbol from plugin)
USB_INT_ClearAllInterrupts                        .build/obj_crkbd_rev1_drashna/lib/lufa/LUFA/Drivers/USB/Core/AVR8/USBInterrupt_AVR8.o (symbol from plugin)
                                                  .build/obj_crkbd_rev1_drashna/lib/lufa/LUFA/Drivers/USB/Core/AVR8/USBController_AVR8.o (symbol from plugin)
USB_INT_DisableAllInterrupts                      .build/obj_crkbd_rev1_drashna/lib/lufa/LUFA/Drivers/USB/Core/AVR8/USBInterrupt_AVR8.o (symbol from plugin)
                                                  .build/obj_crkbd_rev1_drashna/lib/lufa/LUFA/Drivers/USB/Core/AVR8/USBController_AVR8.o (symbol from plugin)
USB_Init                                          .build/obj_crkbd_rev1_drashna/lib/lufa/LUFA/Drivers/USB/Core/AVR8/USBController_AVR8.o (symbol from plugin)
                                                  .build/obj_crkbd_rev1_drashna/lufa.o (symbol from plugin)
USB_IsInitialized                                 .build/obj_crkbd_rev1_drashna/lib/lufa/LUFA/Drivers/USB/Core/USBTask.o (symbol from plugin)
                                                  .build/obj_crkbd_rev1_drashna/lib/lufa/LUFA/Drivers/USB/Core/AVR8/USBController_AVR8.o (symbol from plugin)
                                                  .build/obj_crkbd_rev1_drashna/lufa.o (symbol from plugin)
USB_ProcessHIDReport                              .build/obj_crkbd_rev1_drashna/lib/lufa/LUFA/Drivers/USB/Class/Common/HIDParser.o (symbol from plugin)
USB_ResetInterface                                .build/obj_crkbd_rev1_drashna/lib/lufa/LUFA/Drivers/USB/Core/AVR8/USBController_AVR8.o (symbol from plugin)
USB_SetHIDReportItemInfo                          .build/obj_crkbd_rev1_drashna/lib/lufa/LUFA/Drivers/USB/Class/Common/HIDParser.o (symbol from plugin)
USB_USBTask                                       .build/obj_crkbd_rev1_drashna/lib/lufa/LUFA/Drivers/USB/Core/USBTask.o (symbol from plugin)
                                                  .build/obj_crkbd_rev1_drashna/lufa.o (symbol from plugin)
__bad_interrupt                                   c:/users/nonej/documents/keyboard/msys64/home/nonej/qmk_utils/avr8-gnu-toolchain/bin/../lib/gcc/avr/8.3.0/../../../../avr/lib/avr5/crtatmega32u4.o
__bss_end                                         c:/users/nonej/documents/keyboard/msys64/home/nonej/qmk_utils/avr8-gnu-toolchain/bin/../lib/gcc/avr/8.3.0/avr5\libgcc.a(_clear_bss.o)
__bss_start                                       c:/users/nonej/documents/keyboard/msys64/home/nonej/qmk_utils/avr8-gnu-toolchain/bin/../lib/gcc/avr/8.3.0/avr5\libgcc.a(_clear_bss.o)
__data_end                                        c:/users/nonej/documents/keyboard/msys64/home/nonej/qmk_utils/avr8-gnu-toolchain/bin/../lib/gcc/avr/8.3.0/avr5\libgcc.a(_copy_data.o)
__data_load_start                                 c:/users/nonej/documents/keyboard/msys64/home/nonej/qmk_utils/avr8-gnu-toolchain/bin/../lib/gcc/avr/8.3.0/avr5\libgcc.a(_copy_data.o)
__data_start                                      c:/users/nonej/documents/keyboard/msys64/home/nonej/qmk_utils/avr8-gnu-toolchain/bin/../lib/gcc/avr/8.3.0/avr5\libgcc.a(_copy_data.o)
__do_clear_bss                                    c:/users/nonej/documents/keyboard/msys64/home/nonej/qmk_utils/avr8-gnu-toolchain/bin/../lib/gcc/avr/8.3.0/avr5\libgcc.a(_clear_bss.o)
                                                  C:\Users\nonej\Documents\Keyboard\msys64\tmp\ccqVG4ak.ltrans0.ltrans.o
                                                  .build/obj_crkbd_rev1_drashna/serial.a(serial.o)
__do_copy_data                                    c:/users/nonej/documents/keyboard/msys64/home/nonej/qmk_utils/avr8-gnu-toolchain/bin/../lib/gcc/avr/8.3.0/avr5\libgcc.a(_copy_data.o)
                                                  C:\Users\nonej\Documents\Keyboard\msys64\tmp\ccqVG4ak.ltrans0.ltrans.o
__heap_end                                        c:/users/nonej/documents/keyboard/msys64/home/nonej/qmk_utils/avr8-gnu-toolchain/bin/../lib/gcc/avr/8.3.0/../../../../avr/lib/avr5/crtatmega32u4.o
__init                                            c:/users/nonej/documents/keyboard/msys64/home/nonej/qmk_utils/avr8-gnu-toolchain/bin/../lib/gcc/avr/8.3.0/../../../../avr/lib/avr5/crtatmega32u4.o
__stack                                           c:/users/nonej/documents/keyboard/msys64/home/nonej/qmk_utils/avr8-gnu-toolchain/bin/../lib/gcc/avr/8.3.0/../../../../avr/lib/avr5/crtatmega32u4.o
__tablejump2__                                    c:/users/nonej/documents/keyboard/msys64/home/nonej/qmk_utils/avr8-gnu-toolchain/bin/../lib/gcc/avr/8.3.0/avr5\libgcc.a(_tablejump2.o)
                                                  C:\Users\nonej\Documents\Keyboard\msys64\tmp\ccqVG4ak.ltrans0.ltrans.o
__udivmodhi4                                      c:/users/nonej/documents/keyboard/msys64/home/nonej/qmk_utils/avr8-gnu-toolchain/bin/../lib/gcc/avr/8.3.0/avr5\libgcc.a(_udivmodhi4.o)
                                                  C:\Users\nonej\Documents\Keyboard\msys64\tmp\ccqVG4ak.ltrans0.ltrans.o
__udivmodqi4                                      c:/users/nonej/documents/keyboard/msys64/home/nonej/qmk_utils/avr8-gnu-toolchain/bin/../lib/gcc/avr/8.3.0/avr5\libgcc.a(_udivmodqi4.o)
                                                  C:\Users\nonej\Documents\Keyboard\msys64\tmp\ccqVG4ak.ltrans0.ltrans.o
__vector_1                                        c:/users/nonej/documents/keyboard/msys64/home/nonej/qmk_utils/avr8-gnu-toolchain/bin/../lib/gcc/avr/8.3.0/../../../../avr/lib/avr5/crtatmega32u4.o
__vector_10                                       C:\Users\nonej\Documents\Keyboard\msys64\tmp\ccqVG4ak.ltrans0.ltrans.o
                                                  .build/obj_crkbd_rev1_drashna/lib/lufa/LUFA/Drivers/USB/Core/AVR8/USBInterrupt_AVR8.o (symbol from plugin)
                                                  c:/users/nonej/documents/keyboard/msys64/home/nonej/qmk_utils/avr8-gnu-toolchain/bin/../lib/gcc/avr/8.3.0/../../../../avr/lib/avr5/crtatmega32u4.o
__vector_11                                       C:\Users\nonej\Documents\Keyboard\msys64\tmp\ccqVG4ak.ltrans0.ltrans.o
                                                  .build/obj_crkbd_rev1_drashna/lib/lufa/LUFA/Drivers/USB/Core/AVR8/USBInterrupt_AVR8.o (symbol from plugin)
                                                  c:/users/nonej/documents/keyboard/msys64/home/nonej/qmk_utils/avr8-gnu-toolchain/bin/../lib/gcc/avr/8.3.0/../../../../avr/lib/avr5/crtatmega32u4.o
__vector_12                                       C:\Users\nonej\Documents\Keyboard\msys64\tmp\ccqVG4ak.ltrans0.ltrans.o
                                                  .build/obj_crkbd_rev1_drashna/common/avr/suspend.o (symbol from plugin)
                                                  c:/users/nonej/documents/keyboard/msys64/home/nonej/qmk_utils/avr8-gnu-toolchain/bin/../lib/gcc/avr/8.3.0/../../../../avr/lib/avr5/crtatmega32u4.o
__vector_13                                       c:/users/nonej/documents/keyboard/msys64/home/nonej/qmk_utils/avr8-gnu-toolchain/bin/../lib/gcc/avr/8.3.0/../../../../avr/lib/avr5/crtatmega32u4.o
__vector_14                                       c:/users/nonej/documents/keyboard/msys64/home/nonej/qmk_utils/avr8-gnu-toolchain/bin/../lib/gcc/avr/8.3.0/../../../../avr/lib/avr5/crtatmega32u4.o
__vector_15                                       c:/users/nonej/documents/keyboard/msys64/home/nonej/qmk_utils/avr8-gnu-toolchain/bin/../lib/gcc/avr/8.3.0/../../../../avr/lib/avr5/crtatmega32u4.o
__vector_16                                       c:/users/nonej/documents/keyboard/msys64/home/nonej/qmk_utils/avr8-gnu-toolchain/bin/../lib/gcc/avr/8.3.0/../../../../avr/lib/avr5/crtatmega32u4.o
__vector_17                                       c:/users/nonej/documents/keyboard/msys64/home/nonej/qmk_utils/avr8-gnu-toolchain/bin/../lib/gcc/avr/8.3.0/../../../../avr/lib/avr5/crtatmega32u4.o
__vector_18                                       c:/users/nonej/documents/keyboard/msys64/home/nonej/qmk_utils/avr8-gnu-toolchain/bin/../lib/gcc/avr/8.3.0/../../../../avr/lib/avr5/crtatmega32u4.o
__vector_19                                       c:/users/nonej/documents/keyboard/msys64/home/nonej/qmk_utils/avr8-gnu-toolchain/bin/../lib/gcc/avr/8.3.0/../../../../avr/lib/avr5/crtatmega32u4.o
__vector_2                                        c:/users/nonej/documents/keyboard/msys64/home/nonej/qmk_utils/avr8-gnu-toolchain/bin/../lib/gcc/avr/8.3.0/../../../../avr/lib/avr5/crtatmega32u4.o
__vector_20                                       c:/users/nonej/documents/keyboard/msys64/home/nonej/qmk_utils/avr8-gnu-toolchain/bin/../lib/gcc/avr/8.3.0/../../../../avr/lib/avr5/crtatmega32u4.o
__vector_21                                       C:\Users\nonej\Documents\Keyboard\msys64\tmp\ccqVG4ak.ltrans0.ltrans.o
                                                  .build/obj_crkbd_rev1_drashna/common/avr/timer.o (symbol from plugin)
                                                  c:/users/nonej/documents/keyboard/msys64/home/nonej/qmk_utils/avr8-gnu-toolchain/bin/../lib/gcc/avr/8.3.0/../../../../avr/lib/avr5/crtatmega32u4.o
__vector_22                                       c:/users/nonej/documents/keyboard/msys64/home/nonej/qmk_utils/avr8-gnu-toolchain/bin/../lib/gcc/avr/8.3.0/../../../../avr/lib/avr5/crtatmega32u4.o
__vector_23                                       c:/users/nonej/documents/keyboard/msys64/home/nonej/qmk_utils/avr8-gnu-toolchain/bin/../lib/gcc/avr/8.3.0/../../../../avr/lib/avr5/crtatmega32u4.o
__vector_24                                       c:/users/nonej/documents/keyboard/msys64/home/nonej/qmk_utils/avr8-gnu-toolchain/bin/../lib/gcc/avr/8.3.0/../../../../avr/lib/avr5/crtatmega32u4.o
__vector_25                                       c:/users/nonej/documents/keyboard/msys64/home/nonej/qmk_utils/avr8-gnu-toolchain/bin/../lib/gcc/avr/8.3.0/../../../../avr/lib/avr5/crtatmega32u4.o