Archive member included to satisfy reference by file (symbol)

.build/obj_crkbd_rev1_th3v3gas/serial.a(serial.o)
                              .build/obj_crkbd_rev1_th3v3gas/split_scomm.o (soft_serial_initiator_init)
.build/obj_crkbd_rev1_th3v3gas/i2c_master.a(i2c_master.o)
                              .build/obj_crkbd_rev1_th3v3gas/oled_driver.o (i2c_init)
c:/users/nonej/documents/keyboard/msys64/home/nonej/qmk_utils/avr8-gnu-toolchain/bin/../lib/gcc/avr/8.3.0/avr5\libgcc.a(_udivmodqi4.o)
                              .build/obj_crkbd_rev1_th3v3gas/oled_driver.o (__udivmodqi4)
c:/users/nonej/documents/keyboard/msys64/home/nonej/qmk_utils/avr8-gnu-toolchain/bin/../lib/gcc/avr/8.3.0/avr5\libgcc.a(_udivmodhi4.o)
                              .build/obj_crkbd_rev1_th3v3gas/oled_driver.o (__udivmodhi4)
c:/users/nonej/documents/keyboard/msys64/home/nonej/qmk_utils/avr8-gnu-toolchain/bin/../lib/gcc/avr/8.3.0/avr5\libgcc.a(_exit.o)
                              c:/users/nonej/documents/keyboard/msys64/home/nonej/qmk_utils/avr8-gnu-toolchain/bin/../lib/gcc/avr/8.3.0/../../../../avr/lib/avr5/crtatmega32u4.o (exit)
c:/users/nonej/documents/keyboard/msys64/home/nonej/qmk_utils/avr8-gnu-toolchain/bin/../lib/gcc/avr/8.3.0/avr5\libgcc.a(_tablejump2.o)
                              .build/obj_crkbd_rev1_th3v3gas/keyboards/crkbd/keymaps/th3v3gas/keymap.o (__tablejump2__)
c:/users/nonej/documents/keyboard/msys64/home/nonej/qmk_utils/avr8-gnu-toolchain/bin/../lib/gcc/avr/8.3.0/avr5\libgcc.a(_copy_data.o)
                              .build/obj_crkbd_rev1_th3v3gas/matrix.o (__do_copy_data)
c:/users/nonej/documents/keyboard/msys64/home/nonej/qmk_utils/avr8-gnu-toolchain/bin/../lib/gcc/avr/8.3.0/avr5\libgcc.a(_clear_bss.o)
                              .build/obj_crkbd_rev1_th3v3gas/matrix.o (__do_clear_bss)
c:/users/nonej/documents/keyboard/msys64/home/nonej/qmk_utils/avr8-gnu-toolchain/bin/../lib/gcc/avr/8.3.0/../../../../avr/lib/avr5\libc.a(memcpy_P.o)
                              .build/obj_crkbd_rev1_th3v3gas/oled_driver.o (memcpy_P)
c:/users/nonej/documents/keyboard/msys64/home/nonej/qmk_utils/avr8-gnu-toolchain/bin/../lib/gcc/avr/8.3.0/../../../../avr/lib/avr5\libc.a(memcmp.o)
                              .build/obj_crkbd_rev1_th3v3gas/matrix.o (memcmp)
c:/users/nonej/documents/keyboard/msys64/home/nonej/qmk_utils/avr8-gnu-toolchain/bin/../lib/gcc/avr/8.3.0/../../../../avr/lib/avr5\libatmega32u4.a(eerd_byte.o)
                              .build/obj_crkbd_rev1_th3v3gas/common/eeconfig.o (eeprom_read_byte)
c:/users/nonej/documents/keyboard/msys64/home/nonej/qmk_utils/avr8-gnu-toolchain/bin/../lib/gcc/avr/8.3.0/../../../../avr/lib/avr5\libatmega32u4.a(eerd_dword.o)
                              .build/obj_crkbd_rev1_th3v3gas/common/eeconfig.o (eeprom_read_dword)
c:/users/nonej/documents/keyboard/msys64/home/nonej/qmk_utils/avr8-gnu-toolchain/bin/../lib/gcc/avr/8.3.0/../../../../avr/lib/avr5\libatmega32u4.a(eerd_word.o)
                              .build/obj_crkbd_rev1_th3v3gas/common/eeconfig.o (eeprom_read_word)
c:/users/nonej/documents/keyboard/msys64/home/nonej/qmk_utils/avr8-gnu-toolchain/bin/../lib/gcc/avr/8.3.0/../../../../avr/lib/avr5\libatmega32u4.a(eeupd_byte.o)
                              .build/obj_crkbd_rev1_th3v3gas/common/eeconfig.o (eeprom_update_byte)
c:/users/nonej/documents/keyboard/msys64/home/nonej/qmk_utils/avr8-gnu-toolchain/bin/../lib/gcc/avr/8.3.0/../../../../avr/lib/avr5\libatmega32u4.a(eeupd_dword.o)
                              .build/obj_crkbd_rev1_th3v3gas/common/eeconfig.o (eeprom_update_dword)
c:/users/nonej/documents/keyboard/msys64/home/nonej/qmk_utils/avr8-gnu-toolchain/bin/../lib/gcc/avr/8.3.0/../../../../avr/lib/avr5\libatmega32u4.a(eeupd_word.o)
                              .build/obj_crkbd_rev1_th3v3gas/common/eeconfig.o (eeprom_update_word)
c:/users/nonej/documents/keyboard/msys64/home/nonej/qmk_utils/avr8-gnu-toolchain/bin/../lib/gcc/avr/8.3.0/../../../../avr/lib/avr5\libatmega32u4.a(eerd_block.o)
                              c:/users/nonej/documents/keyboard/msys64/home/nonej/qmk_utils/avr8-gnu-toolchain/bin/../lib/gcc/avr/8.3.0/../../../../avr/lib/avr5\libatmega32u4.a(eerd_dword.o) (eeprom_read_blraw)

Allocating common symbols
Common symbol       size              file

USB_IsInitialized   0x1               .build/obj_crkbd_rev1_th3v3gas/lib/lufa/LUFA/Drivers/USB/Core/USBTask.o
keymap_config       0x2               .build/obj_crkbd_rev1_th3v3gas/common/magic.o
oled_buffer         0x200             .build/obj_crkbd_rev1_th3v3gas/oled_driver.o
USB_DeviceState     0x1               .build/obj_crkbd_rev1_th3v3gas/lib/lufa/LUFA/Drivers/USB/Core/USBTask.o
USB_Device_ConfigurationNumber
                    0x1               .build/obj_crkbd_rev1_th3v3gas/lib/lufa/LUFA/Drivers/USB/Core/DeviceStandardReq.o
oled_timer          0x2               .build/obj_crkbd_rev1_th3v3gas/keyboards/crkbd/keymaps/th3v3gas/keymap.o
USB_Device_CurrentlySelfPowered
[...]
Memory Configuration

Name             Origin             Length             Attributes
text             0x00000000         0x00020000         xr
data             0x00800060         0x0000ffa0         rw !x
eeprom           0x00810000         0x00010000         rw !x
fuse             0x00820000         0x00000400         rw !x
lock             0x00830000         0x00000400         rw !x
signature        0x00840000         0x00000400         rw !x
user_signatures  0x00850000         0x00000400         rw !x
*default*        0x00000000         0xffffffff

Linker script and memory map

Address of section .data set to 0x800100
LOAD c:/users/nonej/documents/keyboard/msys64/home/nonej/qmk_utils/avr8-gnu-toolchain/bin/../lib/gcc/avr/8.3.0/../../../../avr/lib/avr5/crtatmega32u4.o
LOAD .build/obj_crkbd_rev1_th3v3gas/ssd1306.o
LOAD .build/obj_crkbd_rev1_th3v3gas/matrix.o
LOAD .build/obj_crkbd_rev1_th3v3gas/split_util.o
LOAD .build/obj_crkbd_rev1_th3v3gas/split_scomm.o
LOAD .build/obj_crkbd_rev1_th3v3gas/keyboards/crkbd/crkbd.o
LOAD .build/obj_crkbd_rev1_th3v3gas/keyboards/crkbd/rev1/rev1.o
LOAD .build/obj_crkbd_rev1_th3v3gas/keyboards/crkbd/keymaps/th3v3gas/keymap.o
LOAD .build/obj_crkbd_rev1_th3v3gas/quantum/quantum.o
LOAD .build/obj_crkbd_rev1_th3v3gas/quantum/keymap_common.o
LOAD .build/obj_crkbd_rev1_th3v3gas/quantum/keycode_config.o
LOAD .build/obj_crkbd_rev1_th3v3gas/quantum/debounce/sym_g.o
LOAD .build/obj_crkbd_rev1_th3v3gas/quantum/process_keycode/process_combo.o
LOAD .build/obj_crkbd_rev1_th3v3gas/quantum/process_keycode/process_tap_dance.o
LOAD .build/obj_crkbd_rev1_th3v3gas/oled_driver.o
LOAD .build/obj_crkbd_rev1_th3v3gas/quantum/process_keycode/process_space_cadet.o
LOAD .build/obj_crkbd_rev1_th3v3gas/quantum/process_keycode/process_magic.o
LOAD .build/obj_crkbd_rev1_th3v3gas/quantum/process_keycode/process_grave_esc.o
LOAD .build/obj_crkbd_rev1_th3v3gas/i2c.a
LOAD .build/obj_crkbd_rev1_th3v3gas/serial.a
LOAD .build/obj_crkbd_rev1_th3v3gas/i2c_master.a
LOAD .build/obj_crkbd_rev1_th3v3gas/common/host.o
LOAD .build/obj_crkbd_rev1_th3v3gas/common/keyboard.o
LOAD .build/obj_crkbd_rev1_th3v3gas/common/action.o
LOAD .build/obj_crkbd_rev1_th3v3gas/common/action_tapping.o
LOAD .build/obj_crkbd_rev1_th3v3gas/common/action_macro.o
LOAD .build/obj_crkbd_rev1_th3v3gas/common/action_layer.o
LOAD .build/obj_crkbd_rev1_th3v3gas/common/action_util.o
LOAD .build/obj_crkbd_rev1_th3v3gas/common/print.o
LOAD .build/obj_crkbd_rev1_th3v3gas/common/debug.o
LOAD .build/obj_crkbd_rev1_th3v3gas/common/util.o
LOAD .build/obj_crkbd_rev1_th3v3gas/common/eeconfig.o
LOAD .build/obj_crkbd_rev1_th3v3gas/common/report.o
LOAD .build/obj_crkbd_rev1_th3v3gas/common/avr/suspend.o
LOAD .build/obj_crkbd_rev1_th3v3gas/common/avr/timer.o
LOAD .build/obj_crkbd_rev1_th3v3gas/common/avr/bootloader.o
LOAD .build/obj_crkbd_rev1_th3v3gas/common/avr/xprintf.o
LOAD .build/obj_crkbd_rev1_th3v3gas/common/magic.o
LOAD .build/obj_crkbd_rev1_th3v3gas/lufa.o
LOAD .build/obj_crkbd_rev1_th3v3gas/usb_descriptor.o
LOAD .build/obj_crkbd_rev1_th3v3gas/outputselect.o
LOAD .build/obj_crkbd_rev1_th3v3gas/lib/lufa/LUFA/Drivers/USB/Class/Common/HIDParser.o
LOAD .build/obj_crkbd_rev1_th3v3gas/lib/lufa/LUFA/Drivers/USB/Core/AVR8/Device_AVR8.o
LOAD .build/obj_crkbd_rev1_th3v3gas/lib/lufa/LUFA/Drivers/USB/Core/AVR8/EndpointStream_AVR8.o
LOAD .build/obj_crkbd_rev1_th3v3gas/lib/lufa/LUFA/Drivers/USB/Core/AVR8/Endpoint_AVR8.o
LOAD .build/obj_crkbd_rev1_th3v3gas/lib/lufa/LUFA/Drivers/USB/Core/AVR8/Host_AVR8.o
LOAD .build/obj_crkbd_rev1_th3v3gas/lib/lufa/LUFA/Drivers/USB/Core/AVR8/PipeStream_AVR8.o
LOAD .build/obj_crkbd_rev1_th3v3gas/lib/lufa/LUFA/Drivers/USB/Core/AVR8/Pipe_AVR8.o
LOAD .build/obj_crkbd_rev1_th3v3gas/lib/lufa/LUFA/Drivers/USB/Core/AVR8/USBController_AVR8.o
LOAD .build/obj_crkbd_rev1_th3v3gas/lib/lufa/LUFA/Drivers/USB/Core/AVR8/USBInterrupt_AVR8.o
LOAD .build/obj_crkbd_rev1_th3v3gas/lib/lufa/LUFA/Drivers/USB/Core/ConfigDescriptors.o
LOAD .build/obj_crkbd_rev1_th3v3gas/lib/lufa/LUFA/Drivers/USB/Core/DeviceStandardReq.o
LOAD .build/obj_crkbd_rev1_th3v3gas/lib/lufa/LUFA/Drivers/USB/Core/Events.o
LOAD .build/obj_crkbd_rev1_th3v3gas/lib/lufa/LUFA/Drivers/USB/Core/HostStandardReq.o
LOAD .build/obj_crkbd_rev1_th3v3gas/lib/lufa/LUFA/Drivers/USB/Core/USBTask.o
LOAD c:/users/nonej/documents/keyboard/msys64/home/nonej/qmk_utils/avr8-gnu-toolchain/bin/../lib/gcc/avr/8.3.0/../../../../avr/lib/avr5\libm.a
START GROUP
LOAD c:/users/nonej/documents/keyboard/msys64/home/nonej/qmk_utils/avr8-gnu-toolchain/bin/../lib/gcc/avr/8.3.0/avr5\libgcc.a
LOAD c:/users/nonej/documents/keyboard/msys64/home/nonej/qmk_utils/avr8-gnu-toolchain/bin/../lib/gcc/avr/8.3.0/../../../../avr/lib/avr5\libm.a
LOAD c:/users/nonej/documents/keyboard/msys64/home/nonej/qmk_utils/avr8-gnu-toolchain/bin/../lib/gcc/avr/8.3.0/../../../../avr/lib/avr5\libc.a
LOAD c:/users/nonej/documents/keyboard/msys64/home/nonej/qmk_utils/avr8-gnu-toolchain/bin/../lib/gcc/avr/8.3.0/../../../../avr/lib/avr5\libatmega32u4.a
END GROUP
                0x00020000                __TEXT_REGION_LENGTH__ = DEFINED (__TEXT_REGION_LENGTH__)?__TEXT_REGION_LENGTH__:0x20000
                0x0000ffa0                __DATA_REGION_LENGTH__ = DEFINED (__DATA_REGION_LENGTH__)?__DATA_REGION_LENGTH__:0xffa0
                0x00010000                __EEPROM_REGION_LENGTH__ = DEFINED (__EEPROM_REGION_LENGTH__)?__EEPROM_REGION_LENGTH__:0x10000
                0x00000400                __FUSE_REGION_LENGTH__ = DEFINED (__FUSE_REGION_LENGTH__)?__FUSE_REGION_LENGTH__:0x400
                0x00000400                __LOCK_REGION_LENGTH__ = DEFINED (__LOCK_REGION_LENGTH__)?__LOCK_REGION_LENGTH__:0x400
                0x00000400                __SIGNATURE_REGION_LENGTH__ = DEFINED (__SIGNATURE_REGION_LENGTH__)?__SIGNATURE_REGION_LENGTH__:0x400
                0x00000400                __USER_SIGNATURE_REGION_LENGTH__ = DEFINED (__USER_SIGNATURE_REGION_LENGTH__)?__USER_SIGNATURE_REGION_LENGTH__:0x400

.hash
 *(.hash)

.dynsym
 *(.dynsym)

.dynstr
 *(.dynstr)

.gnu.version
 *(.gnu.version)

.gnu.version_d
 *(.gnu.version_d)

.gnu.version_r
 *(.gnu.version_r)

.rel.init
 *(.rel.init)

.rela.init
 *(.rela.init)

.rel.text
 *(.rel.text)
 *(.rel.text.*)
 *(.rel.gnu.linkonce.t*)

.rela.text
 *(.rela.text)
 *(.rela.text.*)
 *(.rela.gnu.linkonce.t*)

.rel.fini
 *(.rel.fini)

.rela.fini
 *(.rela.fini)

.rel.rodata
 *(.rel.rodata)
 *(.rel.rodata.*)
 *(.rel.gnu.linkonce.r*)

.rela.rodata
 *(.rela.rodata)
 *(.rela.rodata.*)
 *(.rela.gnu.linkonce.r*)

.rel.data
 *(.rel.data)
 *(.rel.data.*)
 *(.rel.gnu.linkonce.d*)

.rela.data
 *(.rela.data)
 *(.rela.data.*)
 *(.rela.gnu.linkonce.d*)

.rel.ctors
 *(.rel.ctors)

.rela.ctors
 *(.rela.ctors)

.rel.dtors
 *(.rel.dtors)

.rela.dtors
 *(.rela.dtors)

.rel.got
 *(.rel.got)

.rela.got
 *(.rela.got)

.rel.bss
 *(.rel.bss)

.rela.bss
 *(.rela.bss)

.rel.plt
 *(.rel.plt)

.rela.plt
 *(.rela.plt)

.text           0x00000000     0x5870
 *(.vectors)
 .vectors       0x00000000       0xac c:/users/nonej/documents/keyboard/msys64/home/nonej/qmk_utils/avr8-gnu-toolchain/bin/../lib/gcc/avr/8.3.0/../../../../avr/lib/avr5/crtatmega32u4.o
                0x00000000                __vector_default
                0x00000000                __vectors
 *(.vectors)
 *(.progmem.gcc*)
                0x000000ac                . = ALIGN (0x2)
                0x000000ac                __trampolines_start = .
 *(.trampolines)
 .trampolines   0x000000ac        0x0 linker stubs
 *(.trampolines*)
                0x000000ac                __trampolines_end = .
 *libprintf_flt.a:*(.progmem.data)
 *libc.a:*(.progmem.data)
 *(.progmem.*)
 .progmem.data.__c.6301
                0x000000ac        0x5 .build/obj_crkbd_rev1_th3v3gas/keyboards/crkbd/keymaps/th3v3gas/keymap.o
 .progmem.data.__c.6299
                0x000000b1        0x4 .build/obj_crkbd_rev1_th3v3gas/keyboards/crkbd/keymaps/th3v3gas/keymap.o
 .progmem.data.__c.6297
                0x000000b5        0x4 .build/obj_crkbd_rev1_th3v3gas/keyboards/crkbd/keymaps/th3v3gas/keymap.o
 .progmem.data.__c.6295
                0x000000b9        0x4 .build/obj_crkbd_rev1_th3v3gas/keyboards/crkbd/keymaps/th3v3gas/keymap.o
 .progmem.data.__c.6293
                0x000000bd        0x4 .build/obj_crkbd_rev1_th3v3gas/keyboards/crkbd/keymaps/th3v3gas/keymap.o
 .progmem.data.__c.6291
                0x000000c1        0x6 .build/obj_crkbd_rev1_th3v3gas/keyboards/crkbd/keymaps/th3v3gas/keymap.o
 .progmem.data.__c.6286
                0x000000c7        0x6 .build/obj_crkbd_rev1_th3v3gas/keyboards/crkbd/keymaps/th3v3gas/keymap.o
 .progmem.data.__c.6284
                0x000000cd        0x7 .build/obj_crkbd_rev1_th3v3gas/keyboards/crkbd/keymaps/th3v3gas/keymap.o
 .progmem.data.__c.6282
                0x000000d4        0x6 .build/obj_crkbd_rev1_th3v3gas/keyboards/crkbd/keymaps/th3v3gas/keymap.o
 .progmem.data.__c.6280
                0x000000da        0x6 .build/obj_crkbd_rev1_th3v3gas/keyboards/crkbd/keymaps/th3v3gas/keymap.o
 .progmem.data.__c.6275
                0x000000e0        0x7 .build/obj_crkbd_rev1_th3v3gas/keyboards/crkbd/keymaps/th3v3gas/keymap.o
 .progmem.data.__c.6272
                0x000000e7       0x10 .build/obj_crkbd_rev1_th3v3gas/keyboards/crkbd/keymaps/th3v3gas/keymap.o
 .progmem.data.__c.6269
                0x000000f7        0xb .build/obj_crkbd_rev1_th3v3gas/keyboards/crkbd/keymaps/th3v3gas/keymap.o
 .progmem.data.__c.6266
                0x00000102        0x8 .build/obj_crkbd_rev1_th3v3gas/keyboards/crkbd/keymaps/th3v3gas/keymap.o
 .progmem.data.__c.6263
                0x0000010a        0x7 .build/obj_crkbd_rev1_th3v3gas/keyboards/crkbd/keymaps/th3v3gas/keymap.o
 .progmem.data.__c.6260
                0x00000111        0xd .build/obj_crkbd_rev1_th3v3gas/keyboards/crkbd/keymaps/th3v3gas/keymap.o
 .progmem.data.__c.6257
                0x0000011e        0x7 .build/obj_crkbd_rev1_th3v3gas/keyboards/crkbd/keymaps/th3v3gas/keymap.o
 .progmem.data.__c.6253
                0x00000125        0x9 .build/obj_crkbd_rev1_th3v3gas/keyboards/crkbd/keymaps/th3v3gas/keymap.o
 .progmem.data.keymaps
                0x0000012e      0x300 .build/obj_crkbd_rev1_th3v3gas/keyboards/crkbd/keymaps/th3v3gas/keymap.o
                0x0000012e                keymaps
 .progmem.data.ex_combo
                0x0000042e        0x6 .build/obj_crkbd_rev1_th3v3gas/keyboards/crkbd/keymaps/th3v3gas/keymap.o
                0x0000042e                ex_combo
 .progmem.data.qm_combo
                0x00000434        0x6 .build/obj_crkbd_rev1_th3v3gas/keyboards/crkbd/keymaps/th3v3gas/keymap.o
                0x00000434                qm_combo
 .progmem.data.ascii_to_keycode_lut
                0x0000043a       0x80 .build/obj_crkbd_rev1_th3v3gas/quantum/quantum.o
                0x0000043a                ascii_to_keycode_lut
 .progmem.data.ascii_to_altgr_lut
                0x000004ba       0x80 .build/obj_crkbd_rev1_th3v3gas/quantum/quantum.o
                0x000004ba                ascii_to_altgr_lut
 .progmem.data.ascii_to_shift_lut
                0x0000053a       0x80 .build/obj_crkbd_rev1_th3v3gas/quantum/quantum.o
                0x0000053a                ascii_to_shift_lut
 .progmem.data.fn_actions
                0x000005ba        0x0 .build/obj_crkbd_rev1_th3v3gas/quantum/keymap_common.o
                0x000005ba                fn_actions
 .progmem.data.display_off.2142
                0x000005ba        0x2 .build/obj_crkbd_rev1_th3v3gas/oled_driver.o
 .progmem.data.display_on.2138
                0x000005bc        0x2 .build/obj_crkbd_rev1_th3v3gas/oled_driver.o
 .progmem.data.display_setup2.2006
                0x000005be        0xd .build/obj_crkbd_rev1_th3v3gas/oled_driver.o
 .progmem.data.display_flipped.2005
                0x000005cb        0x3 .build/obj_crkbd_rev1_th3v3gas/oled_driver.o
 .progmem.data.display_normal.2004
                0x000005ce        0x3 .build/obj_crkbd_rev1_th3v3gas/oled_driver.o
 .progmem.data.display_setup1.2003
                0x000005d1        0xd .build/obj_crkbd_rev1_th3v3gas/oled_driver.o
 .progmem.data.font
                0x000005de      0x540 .build/obj_crkbd_rev1_th3v3gas/oled_driver.o
 .progmem.data.SerialNumberString
                0x00000b1e        0x6 .build/obj_crkbd_rev1_th3v3gas/usb_descriptor.o
                0x00000b1e                SerialNumberString
 .progmem.data.ProductString
                0x00000b24       0x30 .build/obj_crkbd_rev1_th3v3gas/usb_descriptor.o
                0x00000b24                ProductString
 .progmem.data.ManufacturerString
                0x00000b54       0x12 .build/obj_crkbd_rev1_th3v3gas/usb_descriptor.o
                0x00000b54                ManufacturerString
 .progmem.data.LanguageString
                0x00000b66        0x4 .build/obj_crkbd_rev1_th3v3gas/usb_descriptor.o
                0x00000b66                LanguageString
 .progmem.data.ConfigurationDescriptor
                0x00000b6a       0x3b .build/obj_crkbd_rev1_th3v3gas/usb_descriptor.o
                0x00000b6a                ConfigurationDescriptor
 .progmem.data.DeviceDescriptor
                0x00000ba5       0x12 .build/obj_crkbd_rev1_th3v3gas/usb_descriptor.o
                0x00000ba5                DeviceDescriptor
 .progmem.data.SharedReport
                0x00000bb7       0x3b .build/obj_crkbd_rev1_th3v3gas/usb_descriptor.o
                0x00000bb7                SharedReport
 .progmem.data.KeyboardReport
                0x00000bf2       0x40 .build/obj_crkbd_rev1_th3v3gas/usb_descriptor.o
                0x00000bf2                KeyboardReport
                0x00000c32                . = ALIGN (0x2)
 *(.lowtext)
 *(.lowtext*)
                0x00000c32                __ctors_start = .
 *(.ctors)
                0x00000c32                __ctors_end = .
                0x00000c32                __dtors_start = .
 *(.dtors)
                0x00000c32                __dtors_end = .
 SORT_BY_NAME(*)(.ctors)
 SORT_BY_NAME(*)(.dtors)
 *(.init0)
 .init0         0x00000c32        0x0 c:/users/nonej/documents/keyboard/msys64/home/nonej/qmk_utils/avr8-gnu-toolchain/bin/../lib/gcc/avr/8.3.0/../../../../avr/lib/avr5/crtatmega32u4.o
                0x00000c32                __init
 *(.init0)
 *(.init1)
 *(.init1)
 *(.init2)
 .init2         0x00000c32        0xc c:/users/nonej/documents/keyboard/msys64/home/nonej/qmk_utils/avr8-gnu-toolchain/bin/../lib/gcc/avr/8.3.0/../../../../avr/lib/avr5/crtatmega32u4.o
 *(.init2)
 *(.init3)
 .init3         0x00000c3e       0x54 .build/obj_crkbd_rev1_th3v3gas/common/avr/bootloader.o
                0x00000c3e                bootloader_jump_after_watchdog_reset
 *(.init3)
 *(.init4)
 .init4         0x00000c92       0x16 c:/users/nonej/documents/keyboard/msys64/home/nonej/qmk_utils/avr8-gnu-toolchain/bin/../lib/gcc/avr/8.3.0/avr5\libgcc.a(_copy_data.o)
                0x00000c92                __do_copy_data
 .init4         0x00000ca8       0x10 c:/users/nonej/documents/keyboard/msys64/home/nonej/qmk_utils/avr8-gnu-toolchain/bin/../lib/gcc/avr/8.3.0/avr5\libgcc.a(_clear_bss.o)
                0x00000ca8                __do_clear_bss
 *(.init4)
 *(.init5)
 *(.init5)
 *(.init6)
 *(.init6)
 *(.init7)
 *(.init7)
 *(.init8)
 *(.init8)
 *(.init9)
 .init9         0x00000cb8        0x8 c:/users/nonej/documents/keyboard/msys64/home/nonej/qmk_utils/avr8-gnu-toolchain/bin/../lib/gcc/avr/8.3.0/../../../../avr/lib/avr5/crtatmega32u4.o
 *(.init9)
 *(.text)
 .text          0x00000cc0        0x4 c:/users/nonej/documents/keyboard/msys64/home/nonej/qmk_utils/avr8-gnu-toolchain/bin/../lib/gcc/avr/8.3.0/../../../../avr/lib/avr5/crtatmega32u4.o
                0x00000cc0                __vector_38
                0x00000cc0                __vector_22
                0x00000cc0                __vector_28
                0x00000cc0                __vector_1
                0x00000cc0                __vector_32
                0x00000cc0                __vector_34
                0x00000cc0                __vector_24
                0x00000cc0                __bad_interrupt
                0x00000cc0                __vector_6
                0x00000cc0                __vector_31
                0x00000cc0                __vector_35
                0x00000cc0                __vector_39
                0x00000cc0                __vector_23
                0x00000cc0                __vector_30
                0x00000cc0                __vector_25
                0x00000cc0                __vector_13
                0x00000cc0                __vector_17
                0x00000cc0                __vector_19
                0x00000cc0                __vector_7
                0x00000cc0                __vector_41
                0x00000cc0                __vector_27
                0x00000cc0                __vector_5
                0x00000cc0                __vector_33
                0x00000cc0                __vector_37
                0x00000cc0                __vector_4
                0x00000cc0                __vector_9
                0x00000cc0                __vector_2
                0x00000cc0                __vector_15
                0x00000cc0                __vector_36
                0x00000cc0                __vector_29
                0x00000cc0                __vector_40
                0x00000cc0                __vector_8
                0x00000cc0                __vector_26
                0x00000cc0                __vector_14
                0x00000cc0                __vector_16
                0x00000cc0                __vector_18
                0x00000cc0                __vector_20
                0x00000cc0                __vector_42
                0x00000cc4                . = ALIGN (0x2)
 *(.text.*)
 .text.unselect_rows
                0x00000cc4       0x42 .build/obj_crkbd_rev1_th3v3gas/matrix.o
 .text.matrix_init_user
                0x00000d06        0x2 .build/obj_crkbd_rev1_th3v3gas/matrix.o
                0x00000d06                matrix_init_user
 .text.matrix_scan_user
                0x00000d08        0x2 .build/obj_crkbd_rev1_th3v3gas/matrix.o
                0x00000d08                matrix_scan_user
 .text.matrix_scan_kb
                0x00000d0a        0x4 .build/obj_crkbd_rev1_th3v3gas/matrix.o
                0x00000d0a                matrix_scan_kb
 .text.tx_rx_leds_init
                0x00000d0e        0xa .build/obj_crkbd_rev1_th3v3gas/matrix.o
                0x00000d0e                tx_rx_leds_init
 .text.tx_led_on
                0x00000d18        0x4 .build/obj_crkbd_rev1_th3v3gas/matrix.o
                0x00000d18                tx_led_on
 .text.tx_led_off
                0x00000d1c        0x4 .build/obj_crkbd_rev1_th3v3gas/matrix.o
                0x00000d1c                tx_led_off
 .text.rx_led_on
                0x00000d20        0x4 .build/obj_crkbd_rev1_th3v3gas/matrix.o
                0x00000d20                rx_led_on
 .text.rx_led_off
                0x00000d24        0x4 .build/obj_crkbd_rev1_th3v3gas/matrix.o
                0x00000d24                rx_led_off
 .text.matrix_init
                0x00000d28       0x62 .build/obj_crkbd_rev1_th3v3gas/matrix.o
                0x00000d28                matrix_init
 .text._matrix_scan
                0x00000d8a      0x12a .build/obj_crkbd_rev1_th3v3gas/matrix.o
                0x00000d8a                _matrix_scan
 .text.serial_transaction
                0x00000eb4       0x5e .build/obj_crkbd_rev1_th3v3gas/matrix.o
                0x00000eb4                serial_transaction
 .text.matrix_slave_scan
                0x00000f12       0x42 .build/obj_crkbd_rev1_th3v3gas/matrix.o
                0x00000f12                matrix_slave_scan
 .text.matrix_scan
                0x00000f54       0xce .build/obj_crkbd_rev1_th3v3gas/matrix.o
                0x00000f54                matrix_scan
 .text.matrix_get_row
                0x00001022        0xc .build/obj_crkbd_rev1_th3v3gas/matrix.o
                0x00001022                matrix_get_row
 .text.matrix_print
                0x0000102e        0x2 .build/obj_crkbd_rev1_th3v3gas/matrix.o
                0x0000102e                matrix_print
 .text.has_usb  0x00001030       0x38 .build/obj_crkbd_rev1_th3v3gas/split_util.o
                0x00001030                has_usb
 .text.is_keyboard_left
                0x00001068        0x4 .build/obj_crkbd_rev1_th3v3gas/split_util.o
                0x00001068                is_keyboard_left
 .text.split_keyboard_setup
                0x0000106c       0x1e .build/obj_crkbd_rev1_th3v3gas/split_util.o
                0x0000106c                split_keyboard_setup
 .text.serial_master_init
                0x0000108a        0xc .build/obj_crkbd_rev1_th3v3gas/split_scomm.o
                0x0000108a                serial_master_init
 .text.serial_slave_init
                0x00001096        0xc .build/obj_crkbd_rev1_th3v3gas/split_scomm.o
                0x00001096                serial_slave_init
 .text.serial_update_buffers
                0x000010a2       0x7a .build/obj_crkbd_rev1_th3v3gas/split_scomm.o
                0x000010a2                serial_update_buffers
 .text.process_record_kb
                0x0000111c        0x4 .build/obj_crkbd_rev1_th3v3gas/keyboards/crkbd/crkbd.o
                0x0000111c                process_record_kb
 .text.matrix_init_kb
                0x00001120        0x4 .build/obj_crkbd_rev1_th3v3gas/keyboards/crkbd/rev1/rev1.o
                0x00001120                matrix_init_kb
 .text.td01_reset
                0x00001124        0xe .build/obj_crkbd_rev1_th3v3gas/keyboards/crkbd/keymaps/th3v3gas/keymap.o
                0x00001124                td01_reset
 .text.td05_reset
                0x00001132       0x12 .build/obj_crkbd_rev1_th3v3gas/keyboards/crkbd/keymaps/th3v3gas/keymap.o
                0x00001132                td05_reset
 .text.td02_reset
                0x00001144       0x1c .build/obj_crkbd_rev1_th3v3gas/keyboards/crkbd/keymaps/th3v3gas/keymap.o
                0x00001144                td02_reset
 .text.td03_reset
                0x00001160       0x26 .build/obj_crkbd_rev1_th3v3gas/keyboards/crkbd/keymaps/th3v3gas/keymap.o
                0x00001160                td03_reset
 .text.cur_dance
                0x00001186       0x2a .build/obj_crkbd_rev1_th3v3gas/keyboards/crkbd/keymaps/th3v3gas/keymap.o
                0x00001186                cur_dance
 .text.td01_finished
                0x000011b0       0x60 .build/obj_crkbd_rev1_th3v3gas/keyboards/crkbd/keymaps/th3v3gas/keymap.o
                0x000011b0                td01_finished
 .text.td03_finished
                0x00001210       0x34 .build/obj_crkbd_rev1_th3v3gas/keyboards/crkbd/keymaps/th3v3gas/keymap.o
                0x00001210                td03_finished
 .text.td05_finished
                0x00001244       0x30 .build/obj_crkbd_rev1_th3v3gas/keyboards/crkbd/keymaps/th3v3gas/keymap.o
                0x00001244                td05_finished
 .text.td02_finished
                0x00001274       0x16 .build/obj_crkbd_rev1_th3v3gas/keyboards/crkbd/keymaps/th3v3gas/keymap.o
                0x00001274                td02_finished
 .text.process_record_user
                0x0000128a       0xf8 .build/obj_crkbd_rev1_th3v3gas/keyboards/crkbd/keymaps/th3v3gas/keymap.o
                0x0000128a                process_record_user
 .text.render_default_layer_state
                0x00001382       0x64 .build/obj_crkbd_rev1_th3v3gas/keyboards/crkbd/keymaps/th3v3gas/keymap.o
                0x00001382                render_default_layer_state
 .text.render_keylock_status
                0x000013e6       0x34 .build/obj_crkbd_rev1_th3v3gas/keyboards/crkbd/keymaps/th3v3gas/keymap.o
                0x000013e6                render_keylock_status
 .text.render_mod_status
                0x0000141a       0x60 .build/obj_crkbd_rev1_th3v3gas/keyboards/crkbd/keymaps/th3v3gas/keymap.o
                0x0000141a                render_mod_status
 .text.render_status_main
                0x0000147a       0x20 .build/obj_crkbd_rev1_th3v3gas/keyboards/crkbd/keymaps/th3v3gas/keymap.o
                0x0000147a                render_status_main
 .text.render_status_secondary
                0x0000149a        0xa .build/obj_crkbd_rev1_th3v3gas/keyboards/crkbd/keymaps/th3v3gas/keymap.o
                0x0000149a                render_status_secondary
 .text.oled_task_user
                0x000014a4       0x24 .build/obj_crkbd_rev1_th3v3gas/keyboards/crkbd/keymaps/th3v3gas/keymap.o
                0x000014a4                oled_task_user
 .text.do_code16
                0x000014c8       0x6e .build/obj_crkbd_rev1_th3v3gas/quantum/quantum.o
 .text.register_code16
                0x00001536       0x2a .build/obj_crkbd_rev1_th3v3gas/quantum/quantum.o
                0x00001536                register_code16
 .text.unregister_code16
                0x00001560       0x2a .build/obj_crkbd_rev1_th3v3gas/quantum/quantum.o
                0x00001560                unregister_code16
 .text.process_action_kb
                0x0000158a        0x4 .build/obj_crkbd_rev1_th3v3gas/quantum/quantum.o
                0x0000158a                process_action_kb
 .text.get_event_keycode
                0x0000158e       0x62 .build/obj_crkbd_rev1_th3v3gas/quantum/quantum.o
                0x0000158e                get_event_keycode
 .text.get_record_keycode
                0x000015f0       0x10 .build/obj_crkbd_rev1_th3v3gas/quantum/quantum.o
                0x000015f0                get_record_keycode
 .text.send_char
                0x00001600       0x5c .build/obj_crkbd_rev1_th3v3gas/quantum/quantum.o
                0x00001600                send_char
 .text.send_string_with_delay
                0x0000165c       0x6c .build/obj_crkbd_rev1_th3v3gas/quantum/quantum.o
                0x0000165c                send_string_with_delay
 .text.send_string
                0x000016c8        0x6 .build/obj_crkbd_rev1_th3v3gas/quantum/quantum.o
                0x000016c8                send_string
 .text.matrix_init_quantum
                0x000016ce       0x10 .build/obj_crkbd_rev1_th3v3gas/quantum/quantum.o
                0x000016ce                matrix_init_quantum
 .text.matrix_scan_quantum
                0x000016de        0xc .build/obj_crkbd_rev1_th3v3gas/quantum/quantum.o
                0x000016de                matrix_scan_quantum
 .text.led_set_user
                0x000016ea        0x2 .build/obj_crkbd_rev1_th3v3gas/quantum/quantum.o
                0x000016ea                led_set_user
 .text.led_set_kb
                0x000016ec        0x4 .build/obj_crkbd_rev1_th3v3gas/quantum/quantum.o
                0x000016ec                led_set_kb
 .text.led_update_user
                0x000016f0        0x4 .build/obj_crkbd_rev1_th3v3gas/quantum/quantum.o
                0x000016f0                led_update_user
 .text.led_update_kb
                0x000016f4        0x4 .build/obj_crkbd_rev1_th3v3gas/quantum/quantum.o
                0x000016f4                led_update_kb
 .text.led_set  0x000016f8       0x10 .build/obj_crkbd_rev1_th3v3gas/quantum/quantum.o
                0x000016f8                led_set
 .text.shutdown_user
                0x00001708        0x2 .build/obj_crkbd_rev1_th3v3gas/quantum/quantum.o
                0x00001708                shutdown_user
 .text.reset_keyboard
                0x0000170a       0x2a .build/obj_crkbd_rev1_th3v3gas/quantum/quantum.o
                0x0000170a                reset_keyboard
 .text.process_record_quantum
                0x00001734       0x96 .build/obj_crkbd_rev1_th3v3gas/quantum/quantum.o
                0x00001734                process_record_quantum
 .text.action_get_macro
                0x000017ca        0x6 .build/obj_crkbd_rev1_th3v3gas/quantum/keymap_common.o
                0x000017ca                action_get_macro
 .text.action_function
                0x000017d0        0x2 .build/obj_crkbd_rev1_th3v3gas/quantum/keymap_common.o
                0x000017d0                action_function
 .text.keymap_key_to_keycode
                0x000017d2       0x28 .build/obj_crkbd_rev1_th3v3gas/quantum/keymap_common.o
                0x000017d2                keymap_key_to_keycode
 .text.keymap_function_id_to_action
                0x000017fa       0x10 .build/obj_crkbd_rev1_th3v3gas/quantum/keymap_common.o
                0x000017fa                keymap_function_id_to_action
 .text.action_for_key
                0x0000180a      0x218 .build/obj_crkbd_rev1_th3v3gas/quantum/keymap_common.o
                0x0000180a                action_for_key
 .text.keycode_config
                0x00001a22      0x12e .build/obj_crkbd_rev1_th3v3gas/quantum/keycode_config.o
                0x00001a22                keycode_config
 .text.mod_config
                0x00001b50       0x86 .build/obj_crkbd_rev1_th3v3gas/quantum/keycode_config.o
                0x00001b50                mod_config
 .text.dump_key_buffer
                0x00001bd6       0x3e .build/obj_crkbd_rev1_th3v3gas/quantum/process_keycode/process_combo.o
 .text.process_combo_event
                0x00001c14        0x2 .build/obj_crkbd_rev1_th3v3gas/quantum/process_keycode/process_combo.o
                0x00001c14                process_combo_event
 .text.matrix_scan_combo
                0x00001c16       0x30 .build/obj_crkbd_rev1_th3v3gas/quantum/process_keycode/process_combo.o
                0x00001c16                matrix_scan_combo
 .text.combo_disable
                0x00001c46       0x16 .build/obj_crkbd_rev1_th3v3gas/quantum/process_keycode/process_combo.o
                0x00001c46                combo_disable
 .text.combo_toggle
                0x00001c5c       0x12 .build/obj_crkbd_rev1_th3v3gas/quantum/process_keycode/process_combo.o
                0x00001c5c                combo_toggle
 .text.process_combo
                0x00001c6e      0x24a .build/obj_crkbd_rev1_th3v3gas/quantum/process_keycode/process_combo.o
                0x00001c6e                process_combo
 .text.process_tap_dance_action_on_dance_finished.part.0
                0x00001eb8       0x36 .build/obj_crkbd_rev1_th3v3gas/quantum/process_keycode/process_tap_dance.o
 .text.qk_tap_dance_pair_on_each_tap
                0x00001eee       0x20 .build/obj_crkbd_rev1_th3v3gas/quantum/process_keycode/process_tap_dance.o
                0x00001eee                qk_tap_dance_pair_on_each_tap
 .text.qk_tap_dance_pair_finished
                0x00001f0e       0x20 .build/obj_crkbd_rev1_th3v3gas/quantum/process_keycode/process_tap_dance.o
                0x00001f0e                qk_tap_dance_pair_finished
 .text.qk_tap_dance_pair_reset
                0x00001f2e       0x20 .build/obj_crkbd_rev1_th3v3gas/quantum/process_keycode/process_tap_dance.o
                0x00001f2e                qk_tap_dance_pair_reset
 .text.reset_tap_dance
                0x00001f4e       0x8a .build/obj_crkbd_rev1_th3v3gas/quantum/process_keycode/process_tap_dance.o
                0x00001f4e                reset_tap_dance
 .text.preprocess_tap_dance
                0x00001fd8       0x8c .build/obj_crkbd_rev1_th3v3gas/quantum/process_keycode/process_tap_dance.o
                0x00001fd8                preprocess_tap_dance
 .text.process_tap_dance
                0x00002064       0xb4 .build/obj_crkbd_rev1_th3v3gas/quantum/process_keycode/process_tap_dance.o
                0x00002064                process_tap_dance
 .text.matrix_scan_tap_dance
                0x00002118       0x9e .build/obj_crkbd_rev1_th3v3gas/quantum/process_keycode/process_tap_dance.o
                0x00002118                matrix_scan_tap_dance
 .text.i2c_transmit_P.constprop.2
                0x000021b6       0x60 .build/obj_crkbd_rev1_th3v3gas/oled_driver.o
 .text.oled_init_user
                0x00002216        0x2 .build/obj_crkbd_rev1_th3v3gas/oled_driver.o
                0x00002216                oled_init_user
 .text.oled_clear
                0x00002218       0x2a .build/obj_crkbd_rev1_th3v3gas/oled_driver.o
                0x00002218                oled_clear
 .text.oled_init
                0x00002242       0x70 .build/obj_crkbd_rev1_th3v3gas/oled_driver.o
                0x00002242                oled_init
 .text.oled_set_cursor
                0x000022b2       0x2e .build/obj_crkbd_rev1_th3v3gas/oled_driver.o
                0x000022b2                oled_set_cursor
 .text.oled_advance_char
                0x000022e0       0x3e .build/obj_crkbd_rev1_th3v3gas/oled_driver.o
                0x000022e0                oled_advance_char
 .text.oled_write_char
                0x0000231e       0xf4 .build/obj_crkbd_rev1_th3v3gas/oled_driver.o
                0x0000231e                oled_write_char
 .text.oled_advance_page
                0x00002412       0x66 .build/obj_crkbd_rev1_th3v3gas/oled_driver.o
                0x00002412                oled_advance_page
 .text.oled_write
                0x00002478       0x38 .build/obj_crkbd_rev1_th3v3gas/oled_driver.o
                0x00002478                oled_write
 .text.oled_write_P
                0x000024b0       0x24 .build/obj_crkbd_rev1_th3v3gas/oled_driver.o
                0x000024b0                oled_write_P
 .text.oled_on  0x000024d4       0x26 .build/obj_crkbd_rev1_th3v3gas/oled_driver.o
                0x000024d4                oled_on
 .text.oled_render
                0x000024fa      0x1e6 .build/obj_crkbd_rev1_th3v3gas/oled_driver.o
                0x000024fa                oled_render
 .text.oled_off
                0x000026e0       0x2c .build/obj_crkbd_rev1_th3v3gas/oled_driver.o
                0x000026e0                oled_off
 .text.oled_task
                0x0000270c       0x1a .build/obj_crkbd_rev1_th3v3gas/oled_driver.o
                0x0000270c                oled_task
 .text.perform_space_cadet
                0x00002726       0xda .build/obj_crkbd_rev1_th3v3gas/quantum/process_keycode/process_space_cadet.o
                0x00002726                perform_space_cadet
 .text.process_space_cadet
                0x00002800       0x82 .build/obj_crkbd_rev1_th3v3gas/quantum/process_keycode/process_space_cadet.o
                0x00002800                process_space_cadet
 .text.process_magic
                0x00002882      0x246 .build/obj_crkbd_rev1_th3v3gas/quantum/process_keycode/process_magic.o
                0x00002882                process_magic
 .text.process_grave_esc
                0x00002ac8       0x54 .build/obj_crkbd_rev1_th3v3gas/quantum/process_keycode/process_grave_esc.o
                0x00002ac8                process_grave_esc
 .text.sync_recv
                0x00002b1c       0x10 .build/obj_crkbd_rev1_th3v3gas/serial.a(serial.o)
 .text.sync_send
                0x00002b2c        0xc .build/obj_crkbd_rev1_th3v3gas/serial.a(serial.o)
 .text.serial_read_chunk
                0x00002b38       0x5a .build/obj_crkbd_rev1_th3v3gas/serial.a(serial.o)
 .text.serial_recive_packet
                0x00002b92       0x50 .build/obj_crkbd_rev1_th3v3gas/serial.a(serial.o)
 .text.soft_serial_initiator_init
                0x00002be2       0x12 .build/obj_crkbd_rev1_th3v3gas/serial.a(serial.o)
                0x00002be2                soft_serial_initiator_init
 .text.soft_serial_target_init
                0x00002bf4       0x1e .build/obj_crkbd_rev1_th3v3gas/serial.a(serial.o)
                0x00002bf4                soft_serial_target_init
 .text.serial_write_chunk
                0x00002c12       0x42 .build/obj_crkbd_rev1_th3v3gas/serial.a(serial.o)
                0x00002c12                serial_write_chunk
 .text.serial_send_packet
                0x00002c54       0x34 .build/obj_crkbd_rev1_th3v3gas/serial.a(serial.o)
 .text.__vector_3
                0x00002c88      0x11e .build/obj_crkbd_rev1_th3v3gas/serial.a(serial.o)
                0x00002c88                __vector_3
 .text.soft_serial_transaction
                0x00002da6       0xfc .build/obj_crkbd_rev1_th3v3gas/serial.a(serial.o)
                0x00002da6                soft_serial_transaction
 .text.i2c_init
                0x00002ea2        0xc .build/obj_crkbd_rev1_th3v3gas/i2c_master.a(i2c_master.o)
                0x00002ea2                i2c_init
 .text.i2c_start
                0x00002eae       0xb8 .build/obj_crkbd_rev1_th3v3gas/i2c_master.a(i2c_master.o)
                0x00002eae                i2c_start
 .text.i2c_write
                0x00002f66       0x5e .build/obj_crkbd_rev1_th3v3gas/i2c_master.a(i2c_master.o)
                0x00002f66                i2c_write
 .text.i2c_transmit
                0x00002fc4       0x4e .build/obj_crkbd_rev1_th3v3gas/i2c_master.a(i2c_master.o)
                0x00002fc4                i2c_transmit
 .text.i2c_writeReg
                0x00003012       0x5a .build/obj_crkbd_rev1_th3v3gas/i2c_master.a(i2c_master.o)
                0x00003012                i2c_writeReg
 .text.i2c_stop
                0x0000306c        0x8 .build/obj_crkbd_rev1_th3v3gas/i2c_master.a(i2c_master.o)
                0x0000306c                i2c_stop
 .text.host_set_driver
                0x00003074        0xa .build/obj_crkbd_rev1_th3v3gas/common/host.o
                0x00003074                host_set_driver
 .text.host_keyboard_leds
                0x0000307e       0x18 .build/obj_crkbd_rev1_th3v3gas/common/host.o
                0x0000307e                host_keyboard_leds
 .text.host_keyboard_send
                0x00003096       0x34 .build/obj_crkbd_rev1_th3v3gas/common/host.o
                0x00003096                host_keyboard_send
 .text.host_system_send
                0x000030ca       0x2c .build/obj_crkbd_rev1_th3v3gas/common/host.o
                0x000030ca                host_system_send
 .text.host_consumer_send
                0x000030f6       0x2c .build/obj_crkbd_rev1_th3v3gas/common/host.o
                0x000030f6                host_consumer_send
 .text.disable_jtag
                0x00003122        0xe .build/obj_crkbd_rev1_th3v3gas/common/keyboard.o
                0x00003122                disable_jtag
 .text.keyboard_pre_init_user
                0x00003130        0x2 .build/obj_crkbd_rev1_th3v3gas/common/keyboard.o
                0x00003130                keyboard_pre_init_user
 .text.matrix_setup
                0x00003132        0x2 .build/obj_crkbd_rev1_th3v3gas/common/keyboard.o
                0x00003132                matrix_setup
 .text.keyboard_pre_init_kb
                0x00003134        0x4 .build/obj_crkbd_rev1_th3v3gas/common/keyboard.o
                0x00003134                keyboard_pre_init_kb
 .text.keyboard_post_init_user
                0x00003138        0x2 .build/obj_crkbd_rev1_th3v3gas/common/keyboard.o
                0x00003138                keyboard_post_init_user
 .text.keyboard_post_init_kb
                0x0000313a        0x4 .build/obj_crkbd_rev1_th3v3gas/common/keyboard.o
                0x0000313a                keyboard_post_init_kb
 .text.keyboard_setup
                0x0000313e        0xc .build/obj_crkbd_rev1_th3v3gas/common/keyboard.o
                0x0000313e                keyboard_setup
 .text.is_keyboard_master
                0x0000314a        0x4 .build/obj_crkbd_rev1_th3v3gas/common/keyboard.o
                0x0000314a                is_keyboard_master
 .text.keyboard_init
                0x0000314e       0x16 .build/obj_crkbd_rev1_th3v3gas/common/keyboard.o
                0x0000314e                keyboard_init
 .text.keyboard_task
                0x00003164      0x134 .build/obj_crkbd_rev1_th3v3gas/common/keyboard.o
                0x00003164                keyboard_task
 .text.action_exec
                0x00003298       0x54 .build/obj_crkbd_rev1_th3v3gas/common/action.o
                0x00003298                action_exec
 .text.process_record_tap_hint
                0x000032ec        0xa .build/obj_crkbd_rev1_th3v3gas/common/action.o
                0x000032ec                process_record_tap_hint
 .text.register_code
                0x000032f6       0x62 .build/obj_crkbd_rev1_th3v3gas/common/action.o
                0x000032f6                register_code
 .text.unregister_code
                0x00003358       0x50 .build/obj_crkbd_rev1_th3v3gas/common/action.o
                0x00003358                unregister_code
 .text.tap_code
                0x000033a8       0x26 .build/obj_crkbd_rev1_th3v3gas/common/action.o
                0x000033a8                tap_code
 .text.register_mods
                0x000033ce        0xe .build/obj_crkbd_rev1_th3v3gas/common/action.o
                0x000033ce                register_mods
 .text.unregister_mods
                0x000033dc        0xe .build/obj_crkbd_rev1_th3v3gas/common/action.o
                0x000033dc                unregister_mods
 .text.process_action
                0x000033ea      0x3dc .build/obj_crkbd_rev1_th3v3gas/common/action.o
                0x000033ea                process_action
 .text.process_record
                0x000037c6       0x54 .build/obj_crkbd_rev1_th3v3gas/common/action.o
                0x000037c6                process_record
 .text.register_weak_mods
                0x0000381a        0xe .build/obj_crkbd_rev1_th3v3gas/common/action.o
                0x0000381a                register_weak_mods
 .text.unregister_weak_mods
                0x00003828        0xe .build/obj_crkbd_rev1_th3v3gas/common/action.o
                0x00003828                unregister_weak_mods
 .text.clear_keyboard_but_mods_and_keys
                0x00003836        0xc .build/obj_crkbd_rev1_th3v3gas/common/action.o
                0x00003836                clear_keyboard_but_mods_and_keys
 .text.clear_keyboard_but_mods
                0x00003842        0x8 .build/obj_crkbd_rev1_th3v3gas/common/action.o
                0x00003842                clear_keyboard_but_mods
 .text.clear_keyboard
                0x0000384a        0x8 .build/obj_crkbd_rev1_th3v3gas/common/action.o
                0x0000384a                clear_keyboard
 .text.is_tap_action
                0x00003852       0x3e .build/obj_crkbd_rev1_th3v3gas/common/action.o
                0x00003852                is_tap_action
 .text.is_tap_key
                0x00003890        0x8 .build/obj_crkbd_rev1_th3v3gas/common/action.o
                0x00003890                is_tap_key
 .text.debug_event
                0x00003898       0x1e .build/obj_crkbd_rev1_th3v3gas/common/action.o
                0x00003898                debug_event
 .text.debug_record
                0x000038b6       0x20 .build/obj_crkbd_rev1_th3v3gas/common/action.o
                0x000038b6                debug_record
 .text.debug_waiting_buffer
                0x000038d6       0x42 .build/obj_crkbd_rev1_th3v3gas/common/action_tapping.o
 .text.debug_tapping_key
                0x00003918       0x1c .build/obj_crkbd_rev1_th3v3gas/common/action_tapping.o
 .text.waiting_buffer_scan_tap
                0x00003934       0xc8 .build/obj_crkbd_rev1_th3v3gas/common/action_tapping.o
 .text.process_tapping
                0x000039fc      0x38e .build/obj_crkbd_rev1_th3v3gas/common/action_tapping.o
 .text.action_tapping_process
                0x00003d8a      0x134 .build/obj_crkbd_rev1_th3v3gas/common/action_tapping.o
                0x00003d8a                action_tapping_process
 .text.action_macro_play
                0x00003ebe       0xf0 .build/obj_crkbd_rev1_th3v3gas/common/action_macro.o
                0x00003ebe                action_macro_play
 .text.default_layer_state_set_user
                0x00003fae        0x2 .build/obj_crkbd_rev1_th3v3gas/common/action_layer.o
                0x00003fae                default_layer_state_set_user
 .text.default_layer_state_set_kb
                0x00003fb0        0x4 .build/obj_crkbd_rev1_th3v3gas/common/action_layer.o
                0x00003fb0                default_layer_state_set_kb
 .text.default_layer_state_set
                0x00003fb4       0x18 .build/obj_crkbd_rev1_th3v3gas/common/action_layer.o
 .text.default_layer_debug
                0x00003fcc        0x2 .build/obj_crkbd_rev1_th3v3gas/common/action_layer.o
                0x00003fcc                default_layer_debug
 .text.default_layer_set
                0x00003fce        0x4 .build/obj_crkbd_rev1_th3v3gas/common/action_layer.o
                0x00003fce                default_layer_set
 .text.default_layer_or
                0x00003fd2       0x24 .build/obj_crkbd_rev1_th3v3gas/common/action_layer.o
                0x00003fd2                default_layer_or
 .text.default_layer_and
                0x00003ff6       0x24 .build/obj_crkbd_rev1_th3v3gas/common/action_layer.o
                0x00003ff6                default_layer_and
 .text.default_layer_xor
                0x0000401a       0x24 .build/obj_crkbd_rev1_th3v3gas/common/action_layer.o
                0x0000401a                default_layer_xor
 .text.layer_state_set_user
                0x0000403e        0x4 .build/obj_crkbd_rev1_th3v3gas/common/action_layer.o
                0x0000403e                layer_state_set_user
 .text.layer_state_set_kb
                0x00004042        0x4 .build/obj_crkbd_rev1_th3v3gas/common/action_layer.o
                0x00004042                layer_state_set_kb
 .text.layer_state_set
                0x00004046       0x18 .build/obj_crkbd_rev1_th3v3gas/common/action_layer.o
                0x00004046                layer_state_set
 .text.layer_clear
                0x0000405e        0xa .build/obj_crkbd_rev1_th3v3gas/common/action_layer.o
                0x0000405e                layer_clear
 .text.layer_move
                0x00004068       0x2a .build/obj_crkbd_rev1_th3v3gas/common/action_layer.o
                0x00004068                layer_move
 .text.layer_on
                0x00004092       0x42 .build/obj_crkbd_rev1_th3v3gas/common/action_layer.o
                0x00004092                layer_on
 .text.layer_off
                0x000040d4       0x46 .build/obj_crkbd_rev1_th3v3gas/common/action_layer.o
                0x000040d4                layer_off
 .text.layer_invert
                0x0000411a       0x42 .build/obj_crkbd_rev1_th3v3gas/common/action_layer.o
                0x0000411a                layer_invert
 .text.layer_or
                0x0000415c       0x24 .build/obj_crkbd_rev1_th3v3gas/common/action_layer.o
                0x0000415c                layer_or
 .text.layer_and
                0x00004180       0x24 .build/obj_crkbd_rev1_th3v3gas/common/action_layer.o
                0x00004180                layer_and
 .text.layer_xor
                0x000041a4       0x24 .build/obj_crkbd_rev1_th3v3gas/common/action_layer.o
                0x000041a4                layer_xor
 .text.layer_debug
                0x000041c8        0x2 .build/obj_crkbd_rev1_th3v3gas/common/action_layer.o
                0x000041c8                layer_debug
 .text.update_source_layers_cache
                0x000041ca       0x5c .build/obj_crkbd_rev1_th3v3gas/common/action_layer.o
                0x000041ca                update_source_layers_cache
 .text.read_source_layers_cache
                0x00004226       0x52 .build/obj_crkbd_rev1_th3v3gas/common/action_layer.o
                0x00004226                read_source_layers_cache
 .text.layer_switch_get_layer
                0x00004278       0x84 .build/obj_crkbd_rev1_th3v3gas/common/action_layer.o
                0x00004278                layer_switch_get_layer
 .text.layer_switch_get_action
                0x000042fc       0x14 .build/obj_crkbd_rev1_th3v3gas/common/action_layer.o
                0x000042fc                layer_switch_get_action
 .text.store_or_get_action
                0x00004310       0x48 .build/obj_crkbd_rev1_th3v3gas/common/action_layer.o
                0x00004310                store_or_get_action
 .text.add_key  0x00004358        0xe .build/obj_crkbd_rev1_th3v3gas/common/action_util.o
                0x00004358                add_key
 .text.del_key  0x00004366        0xe .build/obj_crkbd_rev1_th3v3gas/common/action_util.o
                0x00004366                del_key
 .text.clear_keys
                0x00004374        0xc .build/obj_crkbd_rev1_th3v3gas/common/action_util.o
                0x00004374                clear_keys
 .text.get_oneshot_layer
                0x00004380        0xc .build/obj_crkbd_rev1_th3v3gas/common/action_util.o
                0x00004380                get_oneshot_layer
 .text.get_oneshot_layer_state
                0x0000438c        0x8 .build/obj_crkbd_rev1_th3v3gas/common/action_util.o
                0x0000438c                get_oneshot_layer_state
 .text.is_oneshot_layer_active
                0x00004394        0xe .build/obj_crkbd_rev1_th3v3gas/common/action_util.o
                0x00004394                is_oneshot_layer_active
 .text.get_mods
                0x000043a2        0x6 .build/obj_crkbd_rev1_th3v3gas/common/action_util.o
                0x000043a2                get_mods
 .text.add_mods
                0x000043a8        0xc .build/obj_crkbd_rev1_th3v3gas/common/action_util.o
                0x000043a8                add_mods
 .text.del_mods
                0x000043b4        0xe .build/obj_crkbd_rev1_th3v3gas/common/action_util.o
                0x000043b4                del_mods
 .text.clear_mods
                0x000043c2        0x6 .build/obj_crkbd_rev1_th3v3gas/common/action_util.o
                0x000043c2                clear_mods
 .text.get_weak_mods
                0x000043c8        0x6 .build/obj_crkbd_rev1_th3v3gas/common/action_util.o
                0x000043c8                get_weak_mods
 .text.add_weak_mods
                0x000043ce        0xc .build/obj_crkbd_rev1_th3v3gas/common/action_util.o
                0x000043ce                add_weak_mods
 .text.del_weak_mods
                0x000043da        0xe .build/obj_crkbd_rev1_th3v3gas/common/action_util.o
                0x000043da                del_weak_mods
 .text.clear_weak_mods
                0x000043e8        0x6 .build/obj_crkbd_rev1_th3v3gas/common/action_util.o
                0x000043e8                clear_weak_mods
 .text.add_macro_mods
                0x000043ee        0xc .build/obj_crkbd_rev1_th3v3gas/common/action_util.o
                0x000043ee                add_macro_mods
 .text.del_macro_mods
                0x000043fa        0xe .build/obj_crkbd_rev1_th3v3gas/common/action_util.o
                0x000043fa                del_macro_mods
 .text.clear_macro_mods
                0x00004408        0x6 .build/obj_crkbd_rev1_th3v3gas/common/action_util.o
                0x00004408                clear_macro_mods
 .text.get_oneshot_mods
                0x0000440e        0x6 .build/obj_crkbd_rev1_th3v3gas/common/action_util.o
                0x0000440e                get_oneshot_mods
 .text.oneshot_mods_changed_user
                0x00004414        0x2 .build/obj_crkbd_rev1_th3v3gas/common/action_util.o
                0x00004414                oneshot_mods_changed_user
 .text.oneshot_mods_changed_kb
                0x00004416        0x4 .build/obj_crkbd_rev1_th3v3gas/common/action_util.o
                0x00004416                oneshot_mods_changed_kb
 .text.set_oneshot_mods
                0x0000441a       0x12 .build/obj_crkbd_rev1_th3v3gas/common/action_util.o
                0x0000441a                set_oneshot_mods
 .text.clear_oneshot_mods
                0x0000442c       0x14 .build/obj_crkbd_rev1_th3v3gas/common/action_util.o
                0x0000442c                clear_oneshot_mods
 .text.send_keyboard_report
                0x00004440       0x66 .build/obj_crkbd_rev1_th3v3gas/common/action_util.o
                0x00004440                send_keyboard_report
 .text.oneshot_layer_changed_user
                0x000044a6        0x2 .build/obj_crkbd_rev1_th3v3gas/common/action_util.o
                0x000044a6                oneshot_layer_changed_user
 .text.oneshot_layer_changed_kb
                0x000044a8        0x4 .build/obj_crkbd_rev1_th3v3gas/common/action_util.o
                0x000044a8                oneshot_layer_changed_kb
 .text.set_oneshot_layer
                0x000044ac       0x20 .build/obj_crkbd_rev1_th3v3gas/common/action_util.o
                0x000044ac                set_oneshot_layer
 .text.reset_oneshot_layer
                0x000044cc        0xa .build/obj_crkbd_rev1_th3v3gas/common/action_util.o
                0x000044cc                reset_oneshot_layer
 .text.clear_oneshot_layer_state
                0x000044d6       0x30 .build/obj_crkbd_rev1_th3v3gas/common/action_util.o
                0x000044d6                clear_oneshot_layer_state
 .text.biton32  0x00004506       0x9a .build/obj_crkbd_rev1_th3v3gas/common/util.o
                0x00004506                biton32
 .text.eeconfig_is_enabled
                0x000045a0       0x16 .build/obj_crkbd_rev1_th3v3gas/common/eeconfig.o
                0x000045a0                eeconfig_is_enabled
 .text.eeconfig_read_debug
                0x000045b6        0x8 .build/obj_crkbd_rev1_th3v3gas/common/eeconfig.o
                0x000045b6                eeconfig_read_debug
 .text.eeconfig_read_default_layer
                0x000045be        0x8 .build/obj_crkbd_rev1_th3v3gas/common/eeconfig.o
                0x000045be                eeconfig_read_default_layer
 .text.eeconfig_read_keymap
                0x000045c6       0x1c .build/obj_crkbd_rev1_th3v3gas/common/eeconfig.o
                0x000045c6                eeconfig_read_keymap
 .text.eeconfig_update_keymap
                0x000045e2       0x1a .build/obj_crkbd_rev1_th3v3gas/common/eeconfig.o
                0x000045e2                eeconfig_update_keymap
 .text.eeconfig_update_kb
                0x000045fc        0xc .build/obj_crkbd_rev1_th3v3gas/common/eeconfig.o
                0x000045fc                eeconfig_update_kb
 .text.eeconfig_update_user
                0x00004608        0xc .build/obj_crkbd_rev1_th3v3gas/common/eeconfig.o
                0x00004608                eeconfig_update_user
 .text.eeconfig_init_user
                0x00004614        0xa .build/obj_crkbd_rev1_th3v3gas/common/eeconfig.o
                0x00004614                eeconfig_init_user
 .text.eeconfig_init_kb
                0x0000461e        0xe .build/obj_crkbd_rev1_th3v3gas/common/eeconfig.o
                0x0000461e                eeconfig_init_kb
 .text.eeconfig_init_quantum
                0x0000462c       0xae .build/obj_crkbd_rev1_th3v3gas/common/eeconfig.o
                0x0000462c                eeconfig_init_quantum
 .text.eeconfig_init
                0x000046da        0x4 .build/obj_crkbd_rev1_th3v3gas/common/eeconfig.o
                0x000046da                eeconfig_init
 .text.eeconfig_update_handedness
                0x000046de        0xa .build/obj_crkbd_rev1_th3v3gas/common/eeconfig.o
                0x000046de                eeconfig_update_handedness
 .text.has_anykey
                0x000046e8       0x28 .build/obj_crkbd_rev1_th3v3gas/common/report.o
                0x000046e8                has_anykey
 .text.add_key_byte
                0x00004710       0x34 .build/obj_crkbd_rev1_th3v3gas/common/report.o
                0x00004710                add_key_byte
 .text.del_key_byte
                0x00004744       0x1a .build/obj_crkbd_rev1_th3v3gas/common/report.o
                0x00004744                del_key_byte
 .text.add_key_bit
                0x0000475e       0x28 .build/obj_crkbd_rev1_th3v3gas/common/report.o
                0x0000475e                add_key_bit
 .text.del_key_bit
                0x00004786       0x2a .build/obj_crkbd_rev1_th3v3gas/common/report.o
                0x00004786                del_key_bit
 .text.add_key_to_report
                0x000047b0       0x16 .build/obj_crkbd_rev1_th3v3gas/common/report.o
                0x000047b0                add_key_to_report
 .text.del_key_from_report
                0x000047c6       0x16 .build/obj_crkbd_rev1_th3v3gas/common/report.o
                0x000047c6                del_key_from_report
 .text.clear_keys_from_report
                0x000047dc       0x24 .build/obj_crkbd_rev1_th3v3gas/common/report.o
                0x000047dc                clear_keys_from_report
 .text.matrix_power_up
                0x00004800        0x2 .build/obj_crkbd_rev1_th3v3gas/common/avr/suspend.o
                0x00004800                matrix_power_up
 .text.suspend_power_down_user
                0x00004802        0x2 .build/obj_crkbd_rev1_th3v3gas/common/avr/suspend.o
                0x00004802                suspend_power_down_user
 .text.suspend_power_down_kb
                0x00004804        0x4 .build/obj_crkbd_rev1_th3v3gas/common/avr/suspend.o
                0x00004804                suspend_power_down_kb
 .text.suspend_power_down
                0x00004808       0x60 .build/obj_crkbd_rev1_th3v3gas/common/avr/suspend.o
                0x00004808                suspend_power_down
 .text.matrix_power_down
                0x00004868        0x2 .build/obj_crkbd_rev1_th3v3gas/common/avr/suspend.o
                0x00004868                matrix_power_down
 .text.suspend_wakeup_condition
                0x0000486a       0x28 .build/obj_crkbd_rev1_th3v3gas/common/avr/suspend.o
                0x0000486a                suspend_wakeup_condition
 .text.suspend_wakeup_init_user
                0x00004892        0x2 .build/obj_crkbd_rev1_th3v3gas/common/avr/suspend.o
                0x00004892                suspend_wakeup_init_user
 .text.suspend_wakeup_init_kb
                0x00004894        0x4 .build/obj_crkbd_rev1_th3v3gas/common/avr/suspend.o
                0x00004894                suspend_wakeup_init_kb
 .text.suspend_wakeup_init
                0x00004898       0x10 .build/obj_crkbd_rev1_th3v3gas/common/avr/suspend.o
                0x00004898                suspend_wakeup_init
 .text.__vector_12
                0x000048a8       0x4e .build/obj_crkbd_rev1_th3v3gas/common/avr/suspend.o
                0x000048a8                __vector_12
 .text.timer_init
                0x000048f6       0x12 .build/obj_crkbd_rev1_th3v3gas/common/avr/timer.o
                0x000048f6                timer_init
 .text.timer_read
                0x00004908       0x18 .build/obj_crkbd_rev1_th3v3gas/common/avr/timer.o
                0x00004908                timer_read
 .text.timer_elapsed
                0x00004920       0x54 .build/obj_crkbd_rev1_th3v3gas/common/avr/timer.o
                0x00004920                timer_elapsed
 .text.__vector_21
                0x00004974       0x48 .build/obj_crkbd_rev1_th3v3gas/common/avr/timer.o
                0x00004974                __vector_21
 .text.bootloader_jump
                0x000049bc       0x22 .build/obj_crkbd_rev1_th3v3gas/common/avr/bootloader.o
                0x000049bc                bootloader_jump
 .text.magic    0x000049de       0x30 .build/obj_crkbd_rev1_th3v3gas/common/magic.o
                0x000049de                magic
 .text.keyboard_leds
                0x00004a0e        0x6 .build/obj_crkbd_rev1_th3v3gas/lufa.o
 .text.send_mouse
                0x00004a14        0x2 .build/obj_crkbd_rev1_th3v3gas/lufa.o
 .text.send_system
                0x00004a16        0x2 .build/obj_crkbd_rev1_th3v3gas/lufa.o
 .text.send_keyboard
                0x00004a18       0x8c .build/obj_crkbd_rev1_th3v3gas/lufa.o
 .text.send_consumer
                0x00004aa4        0x2 .build/obj_crkbd_rev1_th3v3gas/lufa.o
 .text.EVENT_USB_Device_Connect
                0x00004aa6       0x1c .build/obj_crkbd_rev1_th3v3gas/lufa.o
                0x00004aa6                EVENT_USB_Device_Connect
 .text.EVENT_USB_Device_Disconnect
                0x00004ac2        0x6 .build/obj_crkbd_rev1_th3v3gas/lufa.o
                0x00004ac2                EVENT_USB_Device_Disconnect
 .text.EVENT_USB_Device_Reset
                0x00004ac8        0x2 .build/obj_crkbd_rev1_th3v3gas/lufa.o
                0x00004ac8                EVENT_USB_Device_Reset
 .text.EVENT_USB_Device_Suspend
                0x00004aca        0x2 .build/obj_crkbd_rev1_th3v3gas/lufa.o
                0x00004aca                EVENT_USB_Device_Suspend
 .text.EVENT_USB_Device_WakeUp
                0x00004acc        0x4 .build/obj_crkbd_rev1_th3v3gas/lufa.o
                0x00004acc                EVENT_USB_Device_WakeUp
 .text.EVENT_USB_Device_ConfigurationChanged
                0x00004ad0       0x14 .build/obj_crkbd_rev1_th3v3gas/lufa.o
                0x00004ad0                EVENT_USB_Device_ConfigurationChanged
 .text.EVENT_USB_Device_ControlRequest
                0x00004ae4      0x16e .build/obj_crkbd_rev1_th3v3gas/lufa.o
                0x00004ae4                EVENT_USB_Device_ControlRequest
 .text.startup.main
                0x00004c52       0x7e .build/obj_crkbd_rev1_th3v3gas/lufa.o
                0x00004c52                main
 .text.CALLBACK_USB_GetDescriptor
                0x00004cd0        0x4 .build/obj_crkbd_rev1_th3v3gas/lufa.o
                0x00004cd0                CALLBACK_USB_GetDescriptor
 .text.get_usb_descriptor
                0x00004cd4       0xbc .build/obj_crkbd_rev1_th3v3gas/usb_descriptor.o
                0x00004cd4                get_usb_descriptor
 .text.auto_detect_output
                0x00004d90       0x10 .build/obj_crkbd_rev1_th3v3gas/outputselect.o
                0x00004d90                auto_detect_output
 .text.where_to_send
                0x00004da0        0xe .build/obj_crkbd_rev1_th3v3gas/outputselect.o
                0x00004da0                where_to_send
 .text.USB_Device_SendRemoteWakeup
                0x00004dae       0x2c .build/obj_crkbd_rev1_th3v3gas/lib/lufa/LUFA/Drivers/USB/Core/AVR8/Device_AVR8.o
                0x00004dae                USB_Device_SendRemoteWakeup
 .text.Endpoint_Write_Stream_LE
                0x00004dda       0x9e .build/obj_crkbd_rev1_th3v3gas/lib/lufa/LUFA/Drivers/USB/Core/AVR8/EndpointStream_AVR8.o
                0x00004dda                Endpoint_Write_Stream_LE
 .text.Endpoint_Write_Control_Stream_LE
                0x00004e78       0xbc .build/obj_crkbd_rev1_th3v3gas/lib/lufa/LUFA/Drivers/USB/Core/AVR8/EndpointStream_AVR8.o
                0x00004e78                Endpoint_Write_Control_Stream_LE
 .text.Endpoint_Write_Control_PStream_LE
                0x00004f34       0xbe .build/obj_crkbd_rev1_th3v3gas/lib/lufa/LUFA/Drivers/USB/Core/AVR8/EndpointStream_AVR8.o
                0x00004f34                Endpoint_Write_Control_PStream_LE
 .text.Endpoint_ConfigureEndpoint_Prv
                0x00004ff2       0x68 .build/obj_crkbd_rev1_th3v3gas/lib/lufa/LUFA/Drivers/USB/Core/AVR8/Endpoint_AVR8.o
                0x00004ff2                Endpoint_ConfigureEndpoint_Prv
 .text.Endpoint_ClearStatusStage
                0x0000505a       0x3e .build/obj_crkbd_rev1_th3v3gas/lib/lufa/LUFA/Drivers/USB/Core/AVR8/Endpoint_AVR8.o
                0x0000505a                Endpoint_ClearStatusStage
 .text.Endpoint_WaitUntilReady
                0x00005098       0x62 .build/obj_crkbd_rev1_th3v3gas/lib/lufa/LUFA/Drivers/USB/Core/AVR8/Endpoint_AVR8.o
                0x00005098                Endpoint_WaitUntilReady
 .text.USB_Disable
                0x000050fa       0x34 .build/obj_crkbd_rev1_th3v3gas/lib/lufa/LUFA/Drivers/USB/Core/AVR8/USBController_AVR8.o
                0x000050fa                USB_Disable
 .text.USB_ResetInterface
                0x0000512e       0x86 .build/obj_crkbd_rev1_th3v3gas/lib/lufa/LUFA/Drivers/USB/Core/AVR8/USBController_AVR8.o
                0x0000512e                USB_ResetInterface
 .text.USB_Init
                0x000051b4       0x22 .build/obj_crkbd_rev1_th3v3gas/lib/lufa/LUFA/Drivers/USB/Core/AVR8/USBController_AVR8.o
                0x000051b4                USB_Init
 .text.USB_INT_DisableAllInterrupts
                0x000051d6       0x10 .build/obj_crkbd_rev1_th3v3gas/lib/lufa/LUFA/Drivers/USB/Core/AVR8/USBInterrupt_AVR8.o
                0x000051d6                USB_INT_DisableAllInterrupts
 .text.USB_INT_ClearAllInterrupts
                0x000051e6        0xa .build/obj_crkbd_rev1_th3v3gas/lib/lufa/LUFA/Drivers/USB/Core/AVR8/USBInterrupt_AVR8.o
                0x000051e6                USB_INT_ClearAllInterrupts
 .text.__vector_10
                0x000051f0      0x1a8 .build/obj_crkbd_rev1_th3v3gas/lib/lufa/LUFA/Drivers/USB/Core/AVR8/USBInterrupt_AVR8.o
                0x000051f0                __vector_10
 .text.__vector_11
                0x00005398       0x88 .build/obj_crkbd_rev1_th3v3gas/lib/lufa/LUFA/Drivers/USB/Core/AVR8/USBInterrupt_AVR8.o
                0x00005398                __vector_11
 .text.USB_Device_ProcessControlRequest
                0x00005420      0x2a4 .build/obj_crkbd_rev1_th3v3gas/lib/lufa/LUFA/Drivers/USB/Core/DeviceStandardReq.o
                0x00005420                USB_Device_ProcessControlRequest
 .text.USB_Event_Stub
                0x000056c4        0x2 .build/obj_crkbd_rev1_th3v3gas/lib/lufa/LUFA/Drivers/USB/Core/Events.o
                0x000056c4                EVENT_USB_Device_StartOfFrame
                0x000056c4                USB_Event_Stub
 .text.USB_USBTask
                0x000056c6       0x36 .build/obj_crkbd_rev1_th3v3gas/lib/lufa/LUFA/Drivers/USB/Core/USBTask.o
                0x000056c6                USB_USBTask
 .text.libgcc.div
                0x000056fc       0x18 c:/users/nonej/documents/keyboard/msys64/home/nonej/qmk_utils/avr8-gnu-toolchain/bin/../lib/gcc/avr/8.3.0/avr5\libgcc.a(_udivmodqi4.o)
                0x000056fc                __udivmodqi4
 .text.libgcc.div
                0x00005714       0x28 c:/users/nonej/documents/keyboard/msys64/home/nonej/qmk_utils/avr8-gnu-toolchain/bin/../lib/gcc/avr/8.3.0/avr5\libgcc.a(_udivmodhi4.o)
                0x00005714                __udivmodhi4
 .text.libgcc   0x0000573c        0xc c:/users/nonej/documents/keyboard/msys64/home/nonej/qmk_utils/avr8-gnu-toolchain/bin/../lib/gcc/avr/8.3.0/avr5\libgcc.a(_tablejump2.o)
                0x0000573c                __tablejump2__
 .text.avr-libc
                0x00005748       0x12 c:/users/nonej/documents/keyboard/msys64/home/nonej/qmk_utils/avr8-gnu-toolchain/bin/../lib/gcc/avr/8.3.0/../../../../avr/lib/avr5\libc.a(memcpy_P.o)
                0x00005748                memcpy_P
 .text.avr-libc
                0x0000575a       0x1a c:/users/nonej/documents/keyboard/msys64/home/nonej/qmk_utils/avr8-gnu-toolchain/bin/../lib/gcc/avr/8.3.0/../../../../avr/lib/avr5\libc.a(memcmp.o)
                0x0000575a                memcmp
 .text.avr-libc
                0x00005774       0x10 c:/users/nonej/documents/keyboard/msys64/home/nonej/qmk_utils/avr8-gnu-toolchain/bin/../lib/gcc/avr/8.3.0/../../../../avr/lib/avr5\libatmega32u4.a(eerd_byte.o)
                0x00005774                eeprom_read_byte
 .text.avr-libc
                0x00005784        0xc c:/users/nonej/documents/keyboard/msys64/home/nonej/qmk_utils/avr8-gnu-toolchain/bin/../lib/gcc/avr/8.3.0/../../../../avr/lib/avr5\libatmega32u4.a(eerd_word.o)
                0x00005784                eeprom_read_word
 .text.avr-libc
                0x00005790       0x24 c:/users/nonej/documents/keyboard/msys64/home/nonej/qmk_utils/avr8-gnu-toolchain/bin/../lib/gcc/avr/8.3.0/../../../../avr/lib/avr5\libatmega32u4.a(eeupd_byte.o)
                0x00005790                eeprom_update_byte
                0x00005792                eeprom_update_r18
 .text.avr-libc
                0x000057b4       0x18 c:/users/nonej/documents/keyboard/msys64/home/nonej/qmk_utils/avr8-gnu-toolchain/bin/../lib/gcc/avr/8.3.0/../../../../avr/lib/avr5\libatmega32u4.a(eeupd_dword.o)
                0x000057b4                eeprom_update_float
                0x000057b4                eeprom_update_dword
 .text.avr-libc
                0x000057cc        0xc c:/users/nonej/documents/keyboard/msys64/home/nonej/qmk_utils/avr8-gnu-toolchain/bin/../lib/gcc/avr/8.3.0/../../../../avr/lib/avr5\libatmega32u4.a(eeupd_word.o)
                0x000057cc                eeprom_update_word
 .text.avr-libc
                0x000057d8       0x20 c:/users/nonej/documents/keyboard/msys64/home/nonej/qmk_utils/avr8-gnu-toolchain/bin/../lib/gcc/avr/8.3.0/../../../../avr/lib/avr5\libatmega32u4.a(eerd_block.o)
                0x000057d8                eeprom_read_block
                0x000057dc                eeprom_read_blraw
                0x000057f8                . = ALIGN (0x2)
 *(.fini9)
 .fini9         0x000057f8        0x0 c:/users/nonej/documents/keyboard/msys64/home/nonej/qmk_utils/avr8-gnu-toolchain/bin/../lib/gcc/avr/8.3.0/avr5\libgcc.a(_exit.o)
                0x000057f8                _exit
                0x000057f8                exit
 *(.fini9)
 *(.fini8)
 *(.fini8)
 *(.fini7)
 *(.fini7)
 *(.fini6)
 *(.fini6)
 *(.fini5)
 *(.fini5)
 *(.fini4)
 *(.fini4)
 *(.fini3)
 *(.fini3)
 *(.fini2)
 *(.fini2)
 *(.fini1)
 *(.fini1)
 *(.fini0)
 .fini0         0x000057f8        0x4 c:/users/nonej/documents/keyboard/msys64/home/nonej/qmk_utils/avr8-gnu-toolchain/bin/../lib/gcc/avr/8.3.0/avr5\libgcc.a(_exit.o)
 *(.fini0)
 *(.hightext)
 *(.hightext*)
 *(.progmemx.*)
                0x000057fc                . = ALIGN (0x2)
 *(.jumptables)
 *(.jumptables*)
 .jumptables.gcc.process_record_user
                0x000057fc       0x14 .build/obj_crkbd_rev1_th3v3gas/keyboards/crkbd/keymaps/th3v3gas/keymap.o
 .jumptables.gcc.render_default_layer_state
                0x00005810       0x10 .build/obj_crkbd_rev1_th3v3gas/keyboards/crkbd/keymaps/th3v3gas/keymap.o
 .jumptables.gcc.process_action
                0x00005820       0x20 .build/obj_crkbd_rev1_th3v3gas/common/action.o
 .jumptables.gcc.is_tap_action
                0x00005840       0x1c .build/obj_crkbd_rev1_th3v3gas/common/action.o
 .jumptables.gcc.USB_Device_ProcessControlRequest
                0x0000585c       0x14 .build/obj_crkbd_rev1_th3v3gas/lib/lufa/LUFA/Drivers/USB/Core/DeviceStandardReq.o
                0x00005870                _etext = .

.data           0x00800100      0x180 load address 0x00005870
                0x00800100                PROVIDE (__data_start = .)
 *(.data)
 *(.data*)
 .data.debouncing
                0x00800100        0x1 .build/obj_crkbd_rev1_th3v3gas/matrix.o
 .data.isLeftHand
                0x00800101        0x1 .build/obj_crkbd_rev1_th3v3gas/split_util.o
                0x00800101                isLeftHand
 .data.transactions
                0x00800102       0x18 .build/obj_crkbd_rev1_th3v3gas/split_scomm.o
                0x00800102                transactions
 .data.s_change_new
                0x0080011a        0x1 .build/obj_crkbd_rev1_th3v3gas/split_scomm.o
                0x0080011a                s_change_new
 .data.s_change_old
                0x0080011b        0x1 .build/obj_crkbd_rev1_th3v3gas/split_scomm.o
                0x0080011b                s_change_old
 .data.key_combos
                0x0080011c        0xa .build/obj_crkbd_rev1_th3v3gas/keyboards/crkbd/keymaps/th3v3gas/keymap.o
                0x0080011c                key_combos
 .data.tap_dance_actions
                0x00800126       0x9a .build/obj_crkbd_rev1_th3v3gas/keyboards/crkbd/keymaps/th3v3gas/keymap.o
                0x00800126                tap_dance_actions
 .data.__compound_literal.2
                0x008001c0        0x4 .build/obj_crkbd_rev1_th3v3gas/keyboards/crkbd/keymaps/th3v3gas/keymap.o
 .data.__compound_literal.1
                0x008001c4        0x4 .build/obj_crkbd_rev1_th3v3gas/keyboards/crkbd/keymaps/th3v3gas/keymap.o
 .data.__compound_literal.0
                0x008001c8        0x4 .build/obj_crkbd_rev1_th3v3gas/keyboards/crkbd/keymaps/th3v3gas/keymap.o
 .data.b_combo_enable
                0x008001cc        0x1 .build/obj_crkbd_rev1_th3v3gas/quantum/process_keycode/process_combo.o
 .data.highest_td
                0x008001cd        0x1 .build/obj_crkbd_rev1_th3v3gas/quantum/process_keycode/process_tap_dance.o
 .data.display_start.2049
                0x008001ce        0x7 .build/obj_crkbd_rev1_th3v3gas/oled_driver.o
 .data.keyboard_report
                0x008001d5        0x2 .build/obj_crkbd_rev1_th3v3gas/common/action_util.o
                0x008001d5                keyboard_report
 .data.lufa_driver
                0x008001d7        0xa .build/obj_crkbd_rev1_th3v3gas/lufa.o
                0x008001d7                lufa_driver
 .data.keyboard_protocol
                0x008001e1        0x1 .build/obj_crkbd_rev1_th3v3gas/lufa.o
                0x008001e1                keyboard_protocol
 *(.gnu.linkonce.d*)
 *(.rodata)
 *(.rodata*)
 .rodata.col_pins
                0x008001e2        0x6 .build/obj_crkbd_rev1_th3v3gas/matrix.o
 .rodata.row_pins
                0x008001e8        0x8 .build/obj_crkbd_rev1_th3v3gas/matrix.o
 .rodata.process_record_user.str1.1
                0x008001f0       0x15 .build/obj_crkbd_rev1_th3v3gas/keyboards/crkbd/keymaps/th3v3gas/keymap.o
 .rodata.render_default_layer_state.str1.1
                0x00800205        0x7 .build/obj_crkbd_rev1_th3v3gas/keyboards/crkbd/keymaps/th3v3gas/keymap.o
 .rodata.render_status_secondary.str1.1
                0x0080020c        0x9 .build/obj_crkbd_rev1_th3v3gas/keyboards/crkbd/keymaps/th3v3gas/keymap.o
 .rodata.CSWTCH.1
                0x00800215       0x2e .build/obj_crkbd_rev1_th3v3gas/quantum/keymap_common.o
 .rodata.CSWTCH.0
                0x00800243        0x3 .build/obj_crkbd_rev1_th3v3gas/quantum/keymap_common.o
 .rodata.source_map.2050
                0x00800246        0x4 .build/obj_crkbd_rev1_th3v3gas/oled_driver.o
 .rodata.target_map.2051
                0x0080024a        0x4 .build/obj_crkbd_rev1_th3v3gas/oled_driver.o
 .rodata.CSWTCH.10
                0x0080024e       0x2e .build/obj_crkbd_rev1_th3v3gas/common/action.o
 .rodata.CSWTCH.9
                0x0080027c        0x3 .build/obj_crkbd_rev1_th3v3gas/common/action.o
 *(.gnu.linkonce.r*)
                0x00800280                . = ALIGN (0x2)
 *fill*         0x0080027f        0x1 
                0x00800280                _edata = .
                0x00800280                PROVIDE (__data_end = .)

.bss            0x00800280      0x33c
                0x00800280                PROVIDE (__bss_start = .)
 *(.bss)
 *(.bss*)
 .bss.matrix_debouncing
                0x00800280        0x8 .build/obj_crkbd_rev1_th3v3gas/matrix.o
 .bss.matrix    0x00800288        0x8 .build/obj_crkbd_rev1_th3v3gas/matrix.o
 .bss.is_master
                0x00800290        0x1 .build/obj_crkbd_rev1_th3v3gas/matrix.o
                0x00800290                is_master
 .bss.error_count
                0x00800291        0x1 .build/obj_crkbd_rev1_th3v3gas/matrix.o
 .bss.usbstate.1898
                0x00800292        0x1 .build/obj_crkbd_rev1_th3v3gas/split_util.o
 .bss.need_retry.1591
                0x00800293        0x2 .build/obj_crkbd_rev1_th3v3gas/split_scomm.o
 .bss.slave_buffer_change_count
                0x00800295        0x1 .build/obj_crkbd_rev1_th3v3gas/split_scomm.o
                0x00800295                slave_buffer_change_count
 .bss.status1   0x00800296        0x1 .build/obj_crkbd_rev1_th3v3gas/split_scomm.o
                0x00800296                status1
 .bss.status_com
                0x00800297        0x1 .build/obj_crkbd_rev1_th3v3gas/split_scomm.o
                0x00800297                status_com
 .bss.serial_master_buffer
                0x00800298        0x4 .build/obj_crkbd_rev1_th3v3gas/split_scomm.o
                0x00800298                serial_master_buffer
 .bss.serial_slave_buffer
                0x0080029c        0x4 .build/obj_crkbd_rev1_th3v3gas/split_scomm.o
                0x0080029c                serial_slave_buffer
 .bss.td_state  0x008002a0        0x1 .build/obj_crkbd_rev1_th3v3gas/keyboards/crkbd/keymaps/th3v3gas/keymap.o
 .bss.key_buffer
                0x008002a1       0x10 .build/obj_crkbd_rev1_th3v3gas/quantum/process_keycode/process_combo.o
 .bss.buffer_size
                0x008002b1        0x1 .build/obj_crkbd_rev1_th3v3gas/quantum/process_keycode/process_combo.o
 .bss.is_active
                0x008002b2        0x1 .build/obj_crkbd_rev1_th3v3gas/quantum/process_keycode/process_combo.o
 .bss.drop_buffer
                0x008002b3        0x1 .build/obj_crkbd_rev1_th3v3gas/quantum/process_keycode/process_combo.o
 .bss.current_combo_index
                0x008002b4        0x1 .build/obj_crkbd_rev1_th3v3gas/quantum/process_keycode/process_combo.o
 .bss.timer     0x008002b5        0x2 .build/obj_crkbd_rev1_th3v3gas/quantum/process_keycode/process_combo.o
 .bss.last_td   0x008002b7        0x2 .build/obj_crkbd_rev1_th3v3gas/quantum/process_keycode/process_tap_dance.o
 .bss.oled_temp_buffer.2079
                0x008002b9        0x6 .build/obj_crkbd_rev1_th3v3gas/oled_driver.o
 .bss.temp_buffer.2052
                0x008002bf       0x20 .build/obj_crkbd_rev1_th3v3gas/oled_driver.o
 .bss.oled_rotation_width
                0x008002df        0x1 .build/obj_crkbd_rev1_th3v3gas/oled_driver.o
                0x008002df                oled_rotation_width
 .bss.oled_rotation
                0x008002e0        0x1 .build/obj_crkbd_rev1_th3v3gas/oled_driver.o
                0x008002e0                oled_rotation
 .bss.oled_scrolling
                0x008002e1        0x1 .build/obj_crkbd_rev1_th3v3gas/oled_driver.o
                0x008002e1                oled_scrolling
 .bss.oled_active
                0x008002e2        0x1 .build/obj_crkbd_rev1_th3v3gas/oled_driver.o
                0x008002e2                oled_active
 .bss.oled_initialized
                0x008002e3        0x1 .build/obj_crkbd_rev1_th3v3gas/oled_driver.o
                0x008002e3                oled_initialized
 .bss.oled_dirty
                0x008002e4        0x2 .build/obj_crkbd_rev1_th3v3gas/oled_driver.o
                0x008002e4                oled_dirty
 .bss.sc_timer  0x008002e6        0x2 .build/obj_crkbd_rev1_th3v3gas/quantum/process_keycode/process_space_cadet.o
 .bss.sc_last   0x008002e8        0x1 .build/obj_crkbd_rev1_th3v3gas/quantum/process_keycode/process_space_cadet.o
 .bss.grave_esc_was_shifted
                0x008002e9        0x1 .build/obj_crkbd_rev1_th3v3gas/quantum/process_keycode/process_grave_esc.o
 .bss.Transaction_table_size
                0x008002ea        0x1 .build/obj_crkbd_rev1_th3v3gas/serial.a(serial.o)
 .bss.Transaction_table
                0x008002eb        0x2 .build/obj_crkbd_rev1_th3v3gas/serial.a(serial.o)
 .bss.last_consumer_report
                0x008002ed        0x2 .build/obj_crkbd_rev1_th3v3gas/common/host.o
 .bss.last_system_report
                0x008002ef        0x2 .build/obj_crkbd_rev1_th3v3gas/common/host.o
 .bss.driver    0x008002f1        0x2 .build/obj_crkbd_rev1_th3v3gas/common/host.o
 .bss.led_status.5637
                0x008002f3        0x1 .build/obj_crkbd_rev1_th3v3gas/common/keyboard.o
 .bss.matrix_prev.5636
                0x008002f4        0x8 .build/obj_crkbd_rev1_th3v3gas/common/keyboard.o
 .bss.disable_action_cache
                0x008002fc        0x1 .build/obj_crkbd_rev1_th3v3gas/common/action.o
                0x008002fc                disable_action_cache
 .bss.waiting_buffer_tail
                0x008002fd        0x1 .build/obj_crkbd_rev1_th3v3gas/common/action_tapping.o
 .bss.waiting_buffer_head
                0x008002fe        0x1 .build/obj_crkbd_rev1_th3v3gas/common/action_tapping.o
 .bss.waiting_buffer
                0x008002ff       0x30 .build/obj_crkbd_rev1_th3v3gas/common/action_tapping.o
 .bss.tapping_key
                0x0080032f        0x6 .build/obj_crkbd_rev1_th3v3gas/common/action_tapping.o
 .bss.source_layers_cache
                0x00800335       0x1e .build/obj_crkbd_rev1_th3v3gas/common/action_layer.o
                0x00800335                source_layers_cache
 .bss.layer_state
                0x00800353        0x4 .build/obj_crkbd_rev1_th3v3gas/common/action_layer.o
                0x00800353                layer_state
 .bss.default_layer_state
                0x00800357        0x4 .build/obj_crkbd_rev1_th3v3gas/common/action_layer.o
                0x00800357                default_layer_state
 .bss.oneshot_layer_data
                0x0080035b        0x1 .build/obj_crkbd_rev1_th3v3gas/common/action_util.o
 .bss.oneshot_mods
                0x0080035c        0x1 .build/obj_crkbd_rev1_th3v3gas/common/action_util.o
 .bss.__compound_literal.0
                0x0080035d       0x20 .build/obj_crkbd_rev1_th3v3gas/common/action_util.o
 .bss.macro_mods
                0x0080037d        0x1 .build/obj_crkbd_rev1_th3v3gas/common/action_util.o
 .bss.weak_mods
                0x0080037e        0x1 .build/obj_crkbd_rev1_th3v3gas/common/action_util.o
 .bss.real_mods
                0x0080037f        0x1 .build/obj_crkbd_rev1_th3v3gas/common/action_util.o
 .bss.debug_config
                0x00800380        0x1 .build/obj_crkbd_rev1_th3v3gas/common/debug.o
                0x00800380                debug_config
 .bss.wdt_timeout
                0x00800381        0x1 .build/obj_crkbd_rev1_th3v3gas/common/avr/suspend.o
 .bss.keyboard_report_sent
                0x00800382       0x20 .build/obj_crkbd_rev1_th3v3gas/lufa.o
 .bss.keyboard_led_stats
                0x008003a2        0x1 .build/obj_crkbd_rev1_th3v3gas/lufa.o
 .bss.keyboard_idle
                0x008003a3        0x1 .build/obj_crkbd_rev1_th3v3gas/lufa.o
                0x008003a3                keyboard_idle
 .bss.desired_output
                0x008003a4        0x1 .build/obj_crkbd_rev1_th3v3gas/outputselect.o
                0x008003a4                desired_output
 *(COMMON)
 COMMON         0x008003a5        0x2 .build/obj_crkbd_rev1_th3v3gas/keyboards/crkbd/keymaps/th3v3gas/keymap.o
                0x008003a5                oled_timer
 COMMON         0x008003a7      0x202 .build/obj_crkbd_rev1_th3v3gas/oled_driver.o
                0x008003a7                oled_buffer
                0x008005a7                oled_cursor
 COMMON         0x008005a9        0x4 .build/obj_crkbd_rev1_th3v3gas/common/avr/timer.o
                0x008005a9                timer_count
 COMMON         0x008005ad        0x2 .build/obj_crkbd_rev1_th3v3gas/common/magic.o
                0x008005ad                keymap_config
 COMMON         0x008005af        0x3 .build/obj_crkbd_rev1_th3v3gas/lib/lufa/LUFA/Drivers/USB/Core/DeviceStandardReq.o
                0x008005af                USB_Device_ConfigurationNumber
                0x008005b0                USB_Device_CurrentlySelfPowered
                0x008005b1                USB_Device_RemoteWakeupEnabled
 COMMON         0x008005b2        0xa .build/obj_crkbd_rev1_th3v3gas/lib/lufa/LUFA/Drivers/USB/Core/USBTask.o
                0x008005b2                USB_IsInitialized
                0x008005b3                USB_DeviceState
                0x008005b4                USB_ControlRequest
                0x008005bc                PROVIDE (__bss_end = .)
                0x00005870                __data_load_start = LOADADDR (.data)
                0x000059f0                __data_load_end = (__data_load_start + SIZEOF (.data))

.noinit         0x008005bc        0x4
                [!provide]                PROVIDE (__noinit_start = .)
 *(.noinit*)
 .noinit        0x008005bc        0x4 .build/obj_crkbd_rev1_th3v3gas/common/avr/bootloader.o
                0x008005bc                reset_key
                [!provide]                PROVIDE (__noinit_end = .)
                0x008005c0                _end = .
                [!provide]                PROVIDE (__heap_start = .)

.eeprom         0x00810000        0x0
 *(.eeprom*)
                0x00810000                __eeprom_end = .

.fuse
 *(.fuse)
 *(.lfuse)
 *(.hfuse)
 *(.efuse)

.lock
 *(.lock*)

.signature
 *(.signature*)

.stab
 *(.stab)

.stabstr        0x00000000       0x95
 *(.stabstr)
 .stabstr       0x00000000       0x95 .build/obj_crkbd_rev1_th3v3gas/common/avr/xprintf.o

.stab.excl
 *(.stab.excl)

.stab.exclstr
 *(.stab.exclstr)

.stab.index
 *(.stab.index)

.stab.indexstr
 *(.stab.indexstr)

.comment        0x00000000       0x11
 *(.comment)
 .comment       0x00000000       0x11 .build/obj_crkbd_rev1_th3v3gas/matrix.o
                                 0x12 (size before relaxing)
 .comment       0x00000011       0x12 .build/obj_crkbd_rev1_th3v3gas/split_util.o
 .comment       0x00000011       0x12 .build/obj_crkbd_rev1_th3v3gas/split_scomm.o
 .comment       0x00000011       0x12 .build/obj_crkbd_rev1_th3v3gas/keyboards/crkbd/crkbd.o
 .comment       0x00000011       0x12 .build/obj_crkbd_rev1_th3v3gas/keyboards/crkbd/rev1/rev1.o
 .comment       0x00000011       0x12 .build/obj_crkbd_rev1_th3v3gas/keyboards/crkbd/keymaps/th3v3gas/keymap.o
 .comment       0x00000011       0x12 .build/obj_crkbd_rev1_th3v3gas/quantum/quantum.o
 .comment       0x00000011       0x12 .build/obj_crkbd_rev1_th3v3gas/quantum/keymap_common.o
 .comment       0x00000011       0x12 .build/obj_crkbd_rev1_th3v3gas/quantum/keycode_config.o
 .comment       0x00000011       0x12 .build/obj_crkbd_rev1_th3v3gas/quantum/process_keycode/process_combo.o
 .comment       0x00000011       0x12 .build/obj_crkbd_rev1_th3v3gas/quantum/process_keycode/process_tap_dance.o
 .comment       0x00000011       0x12 .build/obj_crkbd_rev1_th3v3gas/oled_driver.o
 .comment       0x00000011       0x12 .build/obj_crkbd_rev1_th3v3gas/quantum/process_keycode/process_space_cadet.o
 .comment       0x00000011       0x12 .build/obj_crkbd_rev1_th3v3gas/quantum/process_keycode/process_magic.o
 .comment       0x00000011       0x12 .build/obj_crkbd_rev1_th3v3gas/quantum/process_keycode/process_grave_esc.o
 .comment       0x00000011       0x12 .build/obj_crkbd_rev1_th3v3gas/serial.a(serial.o)
 .comment       0x00000011       0x12 .build/obj_crkbd_rev1_th3v3gas/i2c_master.a(i2c_master.o)
 .comment       0x00000011       0x12 .build/obj_crkbd_rev1_th3v3gas/common/host.o
 .comment       0x00000011       0x12 .build/obj_crkbd_rev1_th3v3gas/common/keyboard.o
 .comment       0x00000011       0x12 .build/obj_crkbd_rev1_th3v3gas/common/action.o
 .comment       0x00000011       0x12 .build/obj_crkbd_rev1_th3v3gas/common/action_tapping.o
 .comment       0x00000011       0x12 .build/obj_crkbd_rev1_th3v3gas/common/action_macro.o
 .comment       0x00000011       0x12 .build/obj_crkbd_rev1_th3v3gas/common/action_layer.o
 .comment       0x00000011       0x12 .build/obj_crkbd_rev1_th3v3gas/common/action_util.o
 .comment       0x00000011       0x12 .build/obj_crkbd_rev1_th3v3gas/common/debug.o
 .comment       0x00000011       0x12 .build/obj_crkbd_rev1_th3v3gas/common/util.o
 .comment       0x00000011       0x12 .build/obj_crkbd_rev1_th3v3gas/common/eeconfig.o
 .comment       0x00000011       0x12 .build/obj_crkbd_rev1_th3v3gas/common/report.o
 .comment       0x00000011       0x12 .build/obj_crkbd_rev1_th3v3gas/common/avr/suspend.o
 .comment       0x00000011       0x12 .build/obj_crkbd_rev1_th3v3gas/common/avr/timer.o
 .comment       0x00000011       0x12 .build/obj_crkbd_rev1_th3v3gas/common/avr/bootloader.o
 .comment       0x00000011       0x12 .build/obj_crkbd_rev1_th3v3gas/common/magic.o
 .comment       0x00000011       0x12 .build/obj_crkbd_rev1_th3v3gas/lufa.o
 .comment       0x00000011       0x12 .build/obj_crkbd_rev1_th3v3gas/usb_descriptor.o
 .comment       0x00000011       0x12 .build/obj_crkbd_rev1_th3v3gas/outputselect.o
 .comment       0x00000011       0x12 .build/obj_crkbd_rev1_th3v3gas/lib/lufa/LUFA/Drivers/USB/Core/AVR8/Device_AVR8.o
 .comment       0x00000011       0x12 .build/obj_crkbd_rev1_th3v3gas/lib/lufa/LUFA/Drivers/USB/Core/AVR8/EndpointStream_AVR8.o
 .comment       0x00000011       0x12 .build/obj_crkbd_rev1_th3v3gas/lib/lufa/LUFA/Drivers/USB/Core/AVR8/Endpoint_AVR8.o
 .comment       0x00000011       0x12 .build/obj_crkbd_rev1_th3v3gas/lib/lufa/LUFA/Drivers/USB/Core/AVR8/USBController_AVR8.o
 .comment       0x00000011       0x12 .build/obj_crkbd_rev1_th3v3gas/lib/lufa/LUFA/Drivers/USB/Core/AVR8/USBInterrupt_AVR8.o
 .comment       0x00000011       0x12 .build/obj_crkbd_rev1_th3v3gas/lib/lufa/LUFA/Drivers/USB/Core/DeviceStandardReq.o
 .comment       0x00000011       0x12 .build/obj_crkbd_rev1_th3v3gas/lib/lufa/LUFA/Drivers/USB/Core/Events.o
 .comment       0x00000011       0x12 .build/obj_crkbd_rev1_th3v3gas/lib/lufa/LUFA/Drivers/USB/Core/USBTask.o

.note.gnu.avr.deviceinfo
                0x00000000       0x40
 .note.gnu.avr.deviceinfo
                0x00000000       0x40 c:/users/nonej/documents/keyboard/msys64/home/nonej/qmk_utils/avr8-gnu-toolchain/bin/../lib/gcc/avr/8.3.0/../../../../avr/lib/avr5/crtatmega32u4.o

.note.gnu.build-id
 *(.note.gnu.build-id)

.debug
 *(.debug)

.line
 *(.line)

.debug_srcinfo
 *(.debug_srcinfo)

.debug_sfnames
 *(.debug_sfnames)

.debug_aranges  0x00000000     0x10f0
 *(.debug_aranges)
 .debug_aranges
                0x00000000       0xc0 .build/obj_crkbd_rev1_th3v3gas/matrix.o
 .debug_aranges
                0x000000c0       0x38 .build/obj_crkbd_rev1_th3v3gas/split_util.o
 .debug_aranges
                0x000000f8       0x30 .build/obj_crkbd_rev1_th3v3gas/split_scomm.o
 .debug_aranges
                0x00000128       0x20 .build/obj_crkbd_rev1_th3v3gas/keyboards/crkbd/crkbd.o
 .debug_aranges
                0x00000148       0x28 .build/obj_crkbd_rev1_th3v3gas/keyboards/crkbd/rev1/rev1.o
 .debug_aranges
                0x00000170       0xa8 .build/obj_crkbd_rev1_th3v3gas/keyboards/crkbd/keymaps/th3v3gas/keymap.o
 .debug_aranges
                0x00000218      0x130 .build/obj_crkbd_rev1_th3v3gas/quantum/quantum.o
 .debug_aranges
                0x00000348       0x40 .build/obj_crkbd_rev1_th3v3gas/quantum/keymap_common.o
 .debug_aranges
                0x00000388       0x28 .build/obj_crkbd_rev1_th3v3gas/quantum/keycode_config.o
 .debug_aranges
                0x000003b0       0x58 .build/obj_crkbd_rev1_th3v3gas/quantum/process_keycode/process_combo.o
 .debug_aranges
                0x00000408       0x70 .build/obj_crkbd_rev1_th3v3gas/quantum/process_keycode/process_tap_dance.o
 .debug_aranges
                0x00000478       0xe0 .build/obj_crkbd_rev1_th3v3gas/oled_driver.o
 .debug_aranges
                0x00000558       0x28 .build/obj_crkbd_rev1_th3v3gas/quantum/process_keycode/process_space_cadet.o
 .debug_aranges
                0x00000580       0x20 .build/obj_crkbd_rev1_th3v3gas/quantum/process_keycode/process_magic.o
 .debug_aranges
                0x000005a0       0x20 .build/obj_crkbd_rev1_th3v3gas/quantum/process_keycode/process_grave_esc.o
 .debug_aranges
                0x000005c0       0x70 .build/obj_crkbd_rev1_th3v3gas/serial.a(serial.o)
 .debug_aranges
                0x00000630       0x68 .build/obj_crkbd_rev1_th3v3gas/i2c_master.a(i2c_master.o)
 .debug_aranges
                0x00000698       0x68 .build/obj_crkbd_rev1_th3v3gas/common/host.o
 .debug_aranges
                0x00000700       0x60 .build/obj_crkbd_rev1_th3v3gas/common/keyboard.o
 .debug_aranges
                0x00000760       0xc0 .build/obj_crkbd_rev1_th3v3gas/common/action.o
 .debug_aranges
                0x00000820       0x48 .build/obj_crkbd_rev1_th3v3gas/common/action_tapping.o
 .debug_aranges
                0x00000868       0x20 .build/obj_crkbd_rev1_th3v3gas/common/action_macro.o
 .debug_aranges
                0x00000888       0xe0 .build/obj_crkbd_rev1_th3v3gas/common/action_layer.o
 .debug_aranges
                0x00000968      0x140 .build/obj_crkbd_rev1_th3v3gas/common/action_util.o
 .debug_aranges
                0x00000aa8       0x18 .build/obj_crkbd_rev1_th3v3gas/common/debug.o
 .debug_aranges
                0x00000ac0       0x60 .build/obj_crkbd_rev1_th3v3gas/common/util.o
 .debug_aranges
                0x00000b20       0xe8 .build/obj_crkbd_rev1_th3v3gas/common/eeconfig.o
 .debug_aranges
                0x00000c08       0x60 .build/obj_crkbd_rev1_th3v3gas/common/report.o
 .debug_aranges
                0x00000c68       0x58 .build/obj_crkbd_rev1_th3v3gas/common/avr/suspend.o
 .debug_aranges
                0x00000cc0       0x50 .build/obj_crkbd_rev1_th3v3gas/common/avr/timer.o
 .debug_aranges
                0x00000d10       0x28 .build/obj_crkbd_rev1_th3v3gas/common/avr/bootloader.o
 .debug_aranges
                0x00000d38       0x20 .build/obj_crkbd_rev1_th3v3gas/common/magic.o
 .debug_aranges
                0x00000d58       0x80 .build/obj_crkbd_rev1_th3v3gas/lufa.o
 .debug_aranges
                0x00000dd8       0x20 .build/obj_crkbd_rev1_th3v3gas/usb_descriptor.o
 .debug_aranges
                0x00000df8       0x38 .build/obj_crkbd_rev1_th3v3gas/outputselect.o
 .debug_aranges
                0x00000e30       0x20 .build/obj_crkbd_rev1_th3v3gas/lib/lufa/LUFA/Drivers/USB/Core/AVR8/Device_AVR8.o
 .debug_aranges
                0x00000e50       0xc8 .build/obj_crkbd_rev1_th3v3gas/lib/lufa/LUFA/Drivers/USB/Core/AVR8/EndpointStream_AVR8.o
 .debug_aranges
                0x00000f18       0x40 .build/obj_crkbd_rev1_th3v3gas/lib/lufa/LUFA/Drivers/USB/Core/AVR8/Endpoint_AVR8.o
 .debug_aranges
                0x00000f58       0x30 .build/obj_crkbd_rev1_th3v3gas/lib/lufa/LUFA/Drivers/USB/Core/AVR8/USBController_AVR8.o
 .debug_aranges
                0x00000f88       0x38 .build/obj_crkbd_rev1_th3v3gas/lib/lufa/LUFA/Drivers/USB/Core/AVR8/USBInterrupt_AVR8.o
 .debug_aranges
                0x00000fc0       0x20 .build/obj_crkbd_rev1_th3v3gas/lib/lufa/LUFA/Drivers/USB/Core/DeviceStandardReq.o
 .debug_aranges
                0x00000fe0       0x30 .build/obj_crkbd_rev1_th3v3gas/lib/lufa/LUFA/Drivers/USB/Core/Events.o
 .debug_aranges
                0x00001010       0x20 .build/obj_crkbd_rev1_th3v3gas/lib/lufa/LUFA/Drivers/USB/Core/USBTask.o
 .debug_aranges
                0x00001030       0x20 c:/users/nonej/documents/keyboard/msys64/home/nonej/qmk_utils/avr8-gnu-toolchain/bin/../lib/gcc/avr/8.3.0/avr5\libgcc.a(_udivmodqi4.o)
 .debug_aranges
                0x00001050       0x20 c:/users/nonej/documents/keyboard/msys64/home/nonej/qmk_utils/avr8-gnu-toolchain/bin/../lib/gcc/avr/8.3.0/avr5\libgcc.a(_udivmodhi4.o)
 .debug_aranges
                0x00001070       0x20 c:/users/nonej/documents/keyboard/msys64/home/nonej/qmk_utils/avr8-gnu-toolchain/bin/../lib/gcc/avr/8.3.0/avr5\libgcc.a(_exit.o)
 .debug_aranges
                0x00001090       0x20 c:/users/nonej/documents/keyboard/msys64/home/nonej/qmk_utils/avr8-gnu-toolchain/bin/../lib/gcc/avr/8.3.0/avr5\libgcc.a(_tablejump2.o)
 .debug_aranges
                0x000010b0       0x20 c:/users/nonej/documents/keyboard/msys64/home/nonej/qmk_utils/avr8-gnu-toolchain/bin/../lib/gcc/avr/8.3.0/avr5\libgcc.a(_copy_data.o)
 .debug_aranges
                0x000010d0       0x20 c:/users/nonej/documents/keyboard/msys64/home/nonej/qmk_utils/avr8-gnu-toolchain/bin/../lib/gcc/avr/8.3.0/avr5\libgcc.a(_clear_bss.o)

.debug_pubnames
 *(.debug_pubnames)

.debug_info     0x00000000    0x23e3d
 *(.debug_info .gnu.linkonce.wi.*)
 .debug_info    0x00000000      0x9f4 c:/users/nonej/documents/keyboard/msys64/home/nonej/qmk_utils/avr8-gnu-toolchain/bin/../lib/gcc/avr/8.3.0/../../../../avr/lib/avr5/crtatmega32u4.o
 .debug_info    0x000009f4      0xb7d .build/obj_crkbd_rev1_th3v3gas/matrix.o