Archive member included to satisfy reference by file (symbol)

c:/users/nonej/documents/keyboard/msys64/home/nonej/qmk_utils/avr8-gnu-toolchain/bin/../lib/gcc/avr/8.3.0/avr35\libgcc.a(_mulqi3.o)
                              .build/obj_ut472_th3v3gas/common/action_layer.o (__mulqi3)
c:/users/nonej/documents/keyboard/msys64/home/nonej/qmk_utils/avr8-gnu-toolchain/bin/../lib/gcc/avr/8.3.0/avr35\libgcc.a(_mulhi3.o)
                              .build/obj_ut472_th3v3gas/quantum/keymap_common.o (__mulhi3)
c:/users/nonej/documents/keyboard/msys64/home/nonej/qmk_utils/avr8-gnu-toolchain/bin/../lib/gcc/avr/8.3.0/avr35\libgcc.a(_udivmodhi4.o)
                              .build/obj_ut472_th3v3gas/quantum/color.o (__udivmodhi4)
c:/users/nonej/documents/keyboard/msys64/home/nonej/qmk_utils/avr8-gnu-toolchain/bin/../lib/gcc/avr/8.3.0/avr35\libgcc.a(_divmodhi4.o)
                              .build/obj_ut472_th3v3gas/quantum/quantum.o (__divmodhi4)
c:/users/nonej/documents/keyboard/msys64/home/nonej/qmk_utils/avr8-gnu-toolchain/bin/../lib/gcc/avr/8.3.0/avr35\libgcc.a(_exit.o)
                              c:/users/nonej/documents/keyboard/msys64/home/nonej/qmk_utils/avr8-gnu-toolchain/bin/../lib/gcc/avr/8.3.0/../../../../avr/lib/avr35/crtatmega32u2.o (exit)
c:/users/nonej/documents/keyboard/msys64/home/nonej/qmk_utils/avr8-gnu-toolchain/bin/../lib/gcc/avr/8.3.0/avr35\libgcc.a(_tablejump2.o)
                              .build/obj_ut472_th3v3gas/quantum/process_keycode/process_rgb.o (__tablejump2__)
c:/users/nonej/documents/keyboard/msys64/home/nonej/qmk_utils/avr8-gnu-toolchain/bin/../lib/gcc/avr/8.3.0/avr35\libgcc.a(_copy_data.o)
                              .build/obj_ut472_th3v3gas/keyboards/ut472/keymaps/th3v3gas/keymap.o (__do_copy_data)
c:/users/nonej/documents/keyboard/msys64/home/nonej/qmk_utils/avr8-gnu-toolchain/bin/../lib/gcc/avr/8.3.0/avr35\libgcc.a(_clear_bss.o)
                              .build/obj_ut472_th3v3gas/keyboards/ut472/keymaps/th3v3gas/keymap.o (__do_clear_bss)
c:/users/nonej/documents/keyboard/msys64/home/nonej/qmk_utils/avr8-gnu-toolchain/bin/../lib/gcc/avr/8.3.0/../../../../avr/lib/avr35\libc.a(rand.o)
                              .build/obj_ut472_th3v3gas/quantum/quantum.o (rand)
c:/users/nonej/documents/keyboard/msys64/home/nonej/qmk_utils/avr8-gnu-toolchain/bin/../lib/gcc/avr/8.3.0/../../../../avr/lib/avr35\libc.a(memchr.o)
                              .build/obj_ut472_th3v3gas/quantum/rgblight.o (memchr)
c:/users/nonej/documents/keyboard/msys64/home/nonej/qmk_utils/avr8-gnu-toolchain/bin/../lib/gcc/avr/8.3.0/../../../../avr/lib/avr35\libatmega32u2.a(eerd_byte.o)
                              .build/obj_ut472_th3v3gas/common/eeconfig.o (eeprom_read_byte)
c:/users/nonej/documents/keyboard/msys64/home/nonej/qmk_utils/avr8-gnu-toolchain/bin/../lib/gcc/avr/8.3.0/../../../../avr/lib/avr35\libatmega32u2.a(eerd_dword.o)
                              .build/obj_ut472_th3v3gas/quantum/rgblight.o (eeprom_read_dword)
c:/users/nonej/documents/keyboard/msys64/home/nonej/qmk_utils/avr8-gnu-toolchain/bin/../lib/gcc/avr/8.3.0/../../../../avr/lib/avr35\libatmega32u2.a(eerd_word.o)
                              .build/obj_ut472_th3v3gas/common/eeconfig.o (eeprom_read_word)
c:/users/nonej/documents/keyboard/msys64/home/nonej/qmk_utils/avr8-gnu-toolchain/bin/../lib/gcc/avr/8.3.0/../../../../avr/lib/avr35\libatmega32u2.a(eeupd_byte.o)
                              .build/obj_ut472_th3v3gas/common/eeconfig.o (eeprom_update_byte)
c:/users/nonej/documents/keyboard/msys64/home/nonej/qmk_utils/avr8-gnu-toolchain/bin/../lib/gcc/avr/8.3.0/../../../../avr/lib/avr35\libatmega32u2.a(eeupd_dword.o)
                              .build/obj_ut472_th3v3gas/quantum/rgblight.o (eeprom_update_dword)
c:/users/nonej/documents/keyboard/msys64/home/nonej/qmk_utils/avr8-gnu-toolchain/bin/../lib/gcc/avr/8.3.0/../../../../avr/lib/avr35\libatmega32u2.a(eeupd_word.o)
                              .build/obj_ut472_th3v3gas/common/eeconfig.o (eeprom_update_word)
c:/users/nonej/documents/keyboard/msys64/home/nonej/qmk_utils/avr8-gnu-toolchain/bin/../lib/gcc/avr/8.3.0/../../../../avr/lib/avr35\libatmega32u2.a(eerd_block.o)
                              c:/users/nonej/documents/keyboard/msys64/home/nonej/qmk_utils/avr8-gnu-toolchain/bin/../lib/gcc/avr/8.3.0/../../../../avr/lib/avr35\libatmega32u2.a(eerd_dword.o) (eeprom_read_blraw)
c:/users/nonej/documents/keyboard/msys64/home/nonej/qmk_utils/avr8-gnu-toolchain/bin/../lib/gcc/avr/8.3.0/avr35\libgcc.a(_mulsi3.o)
                              c:/users/nonej/documents/keyboard/msys64/home/nonej/qmk_utils/avr8-gnu-toolchain/bin/../lib/gcc/avr/8.3.0/../../../../avr/lib/avr35\libc.a(rand.o) (__mulsi3)
c:/users/nonej/documents/keyboard/msys64/home/nonej/qmk_utils/avr8-gnu-toolchain/bin/../lib/gcc/avr/8.3.0/avr35\libgcc.a(_divmodsi4.o)
[...]
Memory Configuration

Name             Origin             Length             Attributes
text             0x00000000         0x00010000         xr
data             0x00800060         0x0000ffa0         rw !x
eeprom           0x00810000         0x00010000         rw !x
fuse             0x00820000         0x00000400         rw !x
lock             0x00830000         0x00000400         rw !x
signature        0x00840000         0x00000400         rw !x
user_signatures  0x00850000         0x00000400         rw !x
*default*        0x00000000         0xffffffff

Linker script and memory map

Address of section .data set to 0x800100
LOAD c:/users/nonej/documents/keyboard/msys64/home/nonej/qmk_utils/avr8-gnu-toolchain/bin/../lib/gcc/avr/8.3.0/../../../../avr/lib/avr35/crtatmega32u2.o
LOAD .build/obj_ut472_th3v3gas/keyboards/ut472/ut472.o
LOAD .build/obj_ut472_th3v3gas/keyboards/ut472/keymaps/th3v3gas/keymap.o
LOAD .build/obj_ut472_th3v3gas/quantum/quantum.o
LOAD .build/obj_ut472_th3v3gas/quantum/keymap_common.o
LOAD .build/obj_ut472_th3v3gas/quantum/keycode_config.o
LOAD .build/obj_ut472_th3v3gas/quantum/matrix_common.o
LOAD .build/obj_ut472_th3v3gas/quantum/matrix.o
LOAD .build/obj_ut472_th3v3gas/quantum/debounce/sym_g.o
LOAD .build/obj_ut472_th3v3gas/quantum/process_keycode/process_combo.o
LOAD .build/obj_ut472_th3v3gas/quantum/color.o
LOAD .build/obj_ut472_th3v3gas/quantum/rgblight.o
LOAD .build/obj_ut472_th3v3gas/quantum/process_keycode/process_rgb.o
LOAD .build/obj_ut472_th3v3gas/quantum/process_keycode/process_tap_dance.o
LOAD .build/obj_ut472_th3v3gas/ws2812.o
LOAD .build/obj_ut472_th3v3gas/quantum/led_tables.o
LOAD .build/obj_ut472_th3v3gas/quantum/process_keycode/process_space_cadet.o
LOAD .build/obj_ut472_th3v3gas/quantum/process_keycode/process_magic.o
LOAD .build/obj_ut472_th3v3gas/quantum/process_keycode/process_grave_esc.o
LOAD .build/obj_ut472_th3v3gas/common/host.o
LOAD .build/obj_ut472_th3v3gas/common/keyboard.o
LOAD .build/obj_ut472_th3v3gas/common/action.o
LOAD .build/obj_ut472_th3v3gas/common/action_tapping.o
LOAD .build/obj_ut472_th3v3gas/common/action_macro.o
LOAD .build/obj_ut472_th3v3gas/common/action_layer.o
LOAD .build/obj_ut472_th3v3gas/common/action_util.o
LOAD .build/obj_ut472_th3v3gas/common/print.o
LOAD .build/obj_ut472_th3v3gas/common/debug.o
LOAD .build/obj_ut472_th3v3gas/common/util.o
LOAD .build/obj_ut472_th3v3gas/common/eeconfig.o
LOAD .build/obj_ut472_th3v3gas/common/report.o
LOAD .build/obj_ut472_th3v3gas/common/avr/suspend.o
LOAD .build/obj_ut472_th3v3gas/common/avr/timer.o
LOAD .build/obj_ut472_th3v3gas/common/avr/bootloader.o
LOAD .build/obj_ut472_th3v3gas/common/avr/xprintf.o
LOAD .build/obj_ut472_th3v3gas/common/bootmagic.o
LOAD .build/obj_ut472_th3v3gas/lufa.o
LOAD .build/obj_ut472_th3v3gas/usb_descriptor.o
LOAD .build/obj_ut472_th3v3gas/outputselect.o
LOAD .build/obj_ut472_th3v3gas/lib/lufa/LUFA/Drivers/USB/Class/Common/HIDParser.o
LOAD .build/obj_ut472_th3v3gas/lib/lufa/LUFA/Drivers/USB/Core/AVR8/Device_AVR8.o
LOAD .build/obj_ut472_th3v3gas/lib/lufa/LUFA/Drivers/USB/Core/AVR8/EndpointStream_AVR8.o
LOAD .build/obj_ut472_th3v3gas/lib/lufa/LUFA/Drivers/USB/Core/AVR8/Endpoint_AVR8.o
LOAD .build/obj_ut472_th3v3gas/lib/lufa/LUFA/Drivers/USB/Core/AVR8/Host_AVR8.o
LOAD .build/obj_ut472_th3v3gas/lib/lufa/LUFA/Drivers/USB/Core/AVR8/PipeStream_AVR8.o
LOAD .build/obj_ut472_th3v3gas/lib/lufa/LUFA/Drivers/USB/Core/AVR8/Pipe_AVR8.o
LOAD .build/obj_ut472_th3v3gas/lib/lufa/LUFA/Drivers/USB/Core/AVR8/USBController_AVR8.o
LOAD .build/obj_ut472_th3v3gas/lib/lufa/LUFA/Drivers/USB/Core/AVR8/USBInterrupt_AVR8.o
LOAD .build/obj_ut472_th3v3gas/lib/lufa/LUFA/Drivers/USB/Core/ConfigDescriptors.o
LOAD .build/obj_ut472_th3v3gas/lib/lufa/LUFA/Drivers/USB/Core/DeviceStandardReq.o
LOAD .build/obj_ut472_th3v3gas/lib/lufa/LUFA/Drivers/USB/Core/Events.o
LOAD .build/obj_ut472_th3v3gas/lib/lufa/LUFA/Drivers/USB/Core/HostStandardReq.o
LOAD .build/obj_ut472_th3v3gas/lib/lufa/LUFA/Drivers/USB/Core/USBTask.o
LOAD c:/users/nonej/documents/keyboard/msys64/home/nonej/qmk_utils/avr8-gnu-toolchain/bin/../lib/gcc/avr/8.3.0/../../../../avr/lib/avr35\libm.a
START GROUP
LOAD c:/users/nonej/documents/keyboard/msys64/home/nonej/qmk_utils/avr8-gnu-toolchain/bin/../lib/gcc/avr/8.3.0/avr35\libgcc.a
LOAD c:/users/nonej/documents/keyboard/msys64/home/nonej/qmk_utils/avr8-gnu-toolchain/bin/../lib/gcc/avr/8.3.0/../../../../avr/lib/avr35\libm.a
LOAD c:/users/nonej/documents/keyboard/msys64/home/nonej/qmk_utils/avr8-gnu-toolchain/bin/../lib/gcc/avr/8.3.0/../../../../avr/lib/avr35\libc.a
LOAD c:/users/nonej/documents/keyboard/msys64/home/nonej/qmk_utils/avr8-gnu-toolchain/bin/../lib/gcc/avr/8.3.0/../../../../avr/lib/avr35\libatmega32u2.a
END GROUP
                0x00010000                __TEXT_REGION_LENGTH__ = DEFINED (__TEXT_REGION_LENGTH__)?__TEXT_REGION_LENGTH__:0x10000
                0x0000ffa0                __DATA_REGION_LENGTH__ = DEFINED (__DATA_REGION_LENGTH__)?__DATA_REGION_LENGTH__:0xffa0
                0x00010000                __EEPROM_REGION_LENGTH__ = DEFINED (__EEPROM_REGION_LENGTH__)?__EEPROM_REGION_LENGTH__:0x10000
                0x00000400                __FUSE_REGION_LENGTH__ = DEFINED (__FUSE_REGION_LENGTH__)?__FUSE_REGION_LENGTH__:0x400
                0x00000400                __LOCK_REGION_LENGTH__ = DEFINED (__LOCK_REGION_LENGTH__)?__LOCK_REGION_LENGTH__:0x400
                0x00000400                __SIGNATURE_REGION_LENGTH__ = DEFINED (__SIGNATURE_REGION_LENGTH__)?__SIGNATURE_REGION_LENGTH__:0x400
                0x00000400                __USER_SIGNATURE_REGION_LENGTH__ = DEFINED (__USER_SIGNATURE_REGION_LENGTH__)?__USER_SIGNATURE_REGION_LENGTH__:0x400

.hash
 *(.hash)

.dynsym
 *(.dynsym)

.dynstr
 *(.dynstr)

.gnu.version
 *(.gnu.version)

.gnu.version_d
 *(.gnu.version_d)

.gnu.version_r
 *(.gnu.version_r)

.rel.init
 *(.rel.init)

.rela.init
 *(.rela.init)

.rel.text
 *(.rel.text)
 *(.rel.text.*)
 *(.rel.gnu.linkonce.t*)

.rela.text
 *(.rela.text)
 *(.rela.text.*)
 *(.rela.gnu.linkonce.t*)

.rel.fini
 *(.rel.fini)

.rela.fini
 *(.rela.fini)

.rel.rodata
 *(.rel.rodata)
 *(.rel.rodata.*)
 *(.rel.gnu.linkonce.r*)

.rela.rodata
 *(.rela.rodata)
 *(.rela.rodata.*)
 *(.rela.gnu.linkonce.r*)

.rel.data
 *(.rel.data)
 *(.rel.data.*)
 *(.rel.gnu.linkonce.d*)

.rela.data
 *(.rela.data)
 *(.rela.data.*)
 *(.rela.gnu.linkonce.d*)

.rel.ctors
 *(.rel.ctors)

.rela.ctors
 *(.rela.ctors)

.rel.dtors
 *(.rel.dtors)

.rela.dtors
 *(.rela.dtors)

.rel.got
 *(.rel.got)

.rela.got
 *(.rela.got)

.rel.bss
 *(.rel.bss)

.rela.bss
 *(.rela.bss)

.rel.plt
 *(.rel.plt)

.rela.plt
 *(.rela.plt)

.text           0x00000000     0x51e2
 *(.vectors)
 .vectors       0x00000000       0x74 c:/users/nonej/documents/keyboard/msys64/home/nonej/qmk_utils/avr8-gnu-toolchain/bin/../lib/gcc/avr/8.3.0/../../../../avr/lib/avr35/crtatmega32u2.o
                0x00000000                __vector_default
                0x00000000                __vectors
 *(.vectors)
 *(.progmem.gcc*)
                0x00000074                . = ALIGN (0x2)
                0x00000074                __trampolines_start = .
 *(.trampolines)
 .trampolines   0x00000074        0x0 linker stubs
 *(.trampolines*)
                0x00000074                __trampolines_end = .
 *libprintf_flt.a:*(.progmem.data)
 *libc.a:*(.progmem.data)
 *(.progmem.*)
 .progmem.data.keymaps
                0x00000074      0x240 .build/obj_ut472_th3v3gas/keyboards/ut472/keymaps/th3v3gas/keymap.o
                0x00000074                keymaps
 .progmem.data.ex_combo
                0x000002b4        0x6 .build/obj_ut472_th3v3gas/keyboards/ut472/keymaps/th3v3gas/keymap.o
                0x000002b4                ex_combo
 .progmem.data.qm_combo
                0x000002ba        0x6 .build/obj_ut472_th3v3gas/keyboards/ut472/keymaps/th3v3gas/keymap.o
                0x000002ba                qm_combo
 .progmem.data.ascii_to_keycode_lut
                0x000002c0       0x80 .build/obj_ut472_th3v3gas/quantum/quantum.o
                0x000002c0                ascii_to_keycode_lut
 .progmem.data.ascii_to_altgr_lut
                0x00000340       0x80 .build/obj_ut472_th3v3gas/quantum/quantum.o
                0x00000340                ascii_to_altgr_lut
 .progmem.data.ascii_to_shift_lut
                0x000003c0       0x80 .build/obj_ut472_th3v3gas/quantum/quantum.o
                0x000003c0                ascii_to_shift_lut
 .progmem.data.fn_actions
                0x00000440        0x0 .build/obj_ut472_th3v3gas/quantum/keymap_common.o
                0x00000440                fn_actions
 .progmem.data.RGBLED_KNIGHT_INTERVALS
                0x00000440        0x3 .build/obj_ut472_th3v3gas/quantum/rgblight.o
                0x00000440                RGBLED_KNIGHT_INTERVALS
 .progmem.data.led_map
                0x00000443        0x8 .build/obj_ut472_th3v3gas/quantum/rgblight.o
                0x00000443                led_map
 .progmem.data.CIE1931_CURVE
                0x0000044b      0x100 .build/obj_ut472_th3v3gas/quantum/led_tables.o
                0x0000044b                CIE1931_CURVE
 .progmem.data.SerialNumberString
                0x0000054b        0x6 .build/obj_ut472_th3v3gas/usb_descriptor.o
                0x0000054b                SerialNumberString
 .progmem.data.ProductString
                0x00000551       0x10 .build/obj_ut472_th3v3gas/usb_descriptor.o
                0x00000551                ProductString
 .progmem.data.ManufacturerString
                0x00000561       0x12 .build/obj_ut472_th3v3gas/usb_descriptor.o
                0x00000561                ManufacturerString
 .progmem.data.LanguageString
                0x00000573        0x4 .build/obj_ut472_th3v3gas/usb_descriptor.o
                0x00000573                LanguageString
 .progmem.data.ConfigurationDescriptor
                0x00000577       0x3b .build/obj_ut472_th3v3gas/usb_descriptor.o
                0x00000577                ConfigurationDescriptor
 .progmem.data.DeviceDescriptor
                0x000005b2       0x12 .build/obj_ut472_th3v3gas/usb_descriptor.o
                0x000005b2                DeviceDescriptor
 .progmem.data.SharedReport
                0x000005c4       0x3b .build/obj_ut472_th3v3gas/usb_descriptor.o
                0x000005c4                SharedReport
 .progmem.data.KeyboardReport
                0x000005ff       0x40 .build/obj_ut472_th3v3gas/usb_descriptor.o
                0x000005ff                KeyboardReport
                0x00000640                . = ALIGN (0x2)
 *fill*         0x0000063f        0x1 
 *(.lowtext)
 *(.lowtext*)
                0x00000640                __ctors_start = .
 *(.ctors)
                0x00000640                __ctors_end = .
                0x00000640                __dtors_start = .
 *(.dtors)
                0x00000640                __dtors_end = .
 SORT_BY_NAME(*)(.ctors)
 SORT_BY_NAME(*)(.dtors)
 *(.init0)
 .init0         0x00000640        0x0 c:/users/nonej/documents/keyboard/msys64/home/nonej/qmk_utils/avr8-gnu-toolchain/bin/../lib/gcc/avr/8.3.0/../../../../avr/lib/avr35/crtatmega32u2.o
                0x00000640                __init
 *(.init0)
 *(.init1)
 *(.init1)
 *(.init2)
 .init2         0x00000640        0xc c:/users/nonej/documents/keyboard/msys64/home/nonej/qmk_utils/avr8-gnu-toolchain/bin/../lib/gcc/avr/8.3.0/../../../../avr/lib/avr35/crtatmega32u2.o
 *(.init2)
 *(.init3)
 .init3         0x0000064c       0x54 .build/obj_ut472_th3v3gas/common/avr/bootloader.o
                0x0000064c                bootloader_jump_after_watchdog_reset
 *(.init3)
 *(.init4)
 .init4         0x000006a0       0x16 c:/users/nonej/documents/keyboard/msys64/home/nonej/qmk_utils/avr8-gnu-toolchain/bin/../lib/gcc/avr/8.3.0/avr35\libgcc.a(_copy_data.o)
                0x000006a0                __do_copy_data
 .init4         0x000006b6       0x10 c:/users/nonej/documents/keyboard/msys64/home/nonej/qmk_utils/avr8-gnu-toolchain/bin/../lib/gcc/avr/8.3.0/avr35\libgcc.a(_clear_bss.o)
                0x000006b6                __do_clear_bss
 *(.init4)
 *(.init5)
 *(.init5)
 *(.init6)
 *(.init6)
 *(.init7)
 *(.init7)
 *(.init8)
 *(.init8)
 *(.init9)
 .init9         0x000006c6        0x8 c:/users/nonej/documents/keyboard/msys64/home/nonej/qmk_utils/avr8-gnu-toolchain/bin/../lib/gcc/avr/8.3.0/../../../../avr/lib/avr35/crtatmega32u2.o
 *(.init9)
 *(.text)
 .text          0x000006ce        0x4 c:/users/nonej/documents/keyboard/msys64/home/nonej/qmk_utils/avr8-gnu-toolchain/bin/../lib/gcc/avr/8.3.0/../../../../avr/lib/avr35/crtatmega32u2.o
                0x000006ce                __vector_22
                0x000006ce                __vector_28
                0x000006ce                __vector_1
                0x000006ce                __vector_24
                0x000006ce                __bad_interrupt
                0x000006ce                __vector_6
                0x000006ce                __vector_3
                0x000006ce                __vector_23
                0x000006ce                __vector_25
                0x000006ce                __vector_17
                0x000006ce                __vector_7
                0x000006ce                __vector_27
                0x000006ce                __vector_5
                0x000006ce                __vector_4
                0x000006ce                __vector_9
                0x000006ce                __vector_2
                0x000006ce                __vector_21
                0x000006ce                __vector_15
                0x000006ce                __vector_8
                0x000006ce                __vector_26
                0x000006ce                __vector_14
                0x000006ce                __vector_10
                0x000006ce                __vector_16
                0x000006ce                __vector_18
                0x000006ce                __vector_20
                0x000006d2                . = ALIGN (0x2)
 *(.text.*)
 .text.matrix_init_kb
                0x000006d2        0x4 .build/obj_ut472_th3v3gas/keyboards/ut472/ut472.o
                0x000006d2                matrix_init_kb
 .text.matrix_scan_kb
                0x000006d6        0x4 .build/obj_ut472_th3v3gas/keyboards/ut472/ut472.o
                0x000006d6                matrix_scan_kb
 .text.td01_reset
                0x000006da        0xe .build/obj_ut472_th3v3gas/keyboards/ut472/keymaps/th3v3gas/keymap.o
                0x000006da                td01_reset
 .text.td05_reset
                0x000006e8       0x12 .build/obj_ut472_th3v3gas/keyboards/ut472/keymaps/th3v3gas/keymap.o
                0x000006e8                td05_reset
 .text.td07_reset
                0x000006fa       0x12 .build/obj_ut472_th3v3gas/keyboards/ut472/keymaps/th3v3gas/keymap.o
                0x000006fa                td07_reset
 .text.td08_reset
                0x0000070c       0x12 .build/obj_ut472_th3v3gas/keyboards/ut472/keymaps/th3v3gas/keymap.o
                0x0000070c                td08_reset
 .text.td03_reset
                0x0000071e       0x26 .build/obj_ut472_th3v3gas/keyboards/ut472/keymaps/th3v3gas/keymap.o
                0x0000071e                td03_reset
 .text.cur_dance
                0x00000744       0x2a .build/obj_ut472_th3v3gas/keyboards/ut472/keymaps/th3v3gas/keymap.o
                0x00000744                cur_dance
 .text.td01_finished
                0x0000076e       0x60 .build/obj_ut472_th3v3gas/keyboards/ut472/keymaps/th3v3gas/keymap.o
                0x0000076e                td01_finished
 .text.td03_finished
                0x000007ce       0x34 .build/obj_ut472_th3v3gas/keyboards/ut472/keymaps/th3v3gas/keymap.o
                0x000007ce                td03_finished
 .text.td05_finished
                0x00000802       0x30 .build/obj_ut472_th3v3gas/keyboards/ut472/keymaps/th3v3gas/keymap.o
                0x00000802                td05_finished
 .text.td07_finished
                0x00000832       0x2a .build/obj_ut472_th3v3gas/keyboards/ut472/keymaps/th3v3gas/keymap.o
                0x00000832                td07_finished
 .text.td08_finished
                0x0000085c       0x36 .build/obj_ut472_th3v3gas/keyboards/ut472/keymaps/th3v3gas/keymap.o
                0x0000085c                td08_finished
 .text.process_record_user
                0x00000892       0x94 .build/obj_ut472_th3v3gas/keyboards/ut472/keymaps/th3v3gas/keymap.o
                0x00000892                process_record_user
 .text.matrix_init_user
                0x00000926        0x4 .build/obj_ut472_th3v3gas/keyboards/ut472/keymaps/th3v3gas/keymap.o
                0x00000926                matrix_init_user
 .text.matrix_scan_user
                0x0000092a       0x8c .build/obj_ut472_th3v3gas/keyboards/ut472/keymaps/th3v3gas/keymap.o
                0x0000092a                matrix_scan_user
 .text.do_code16
                0x000009b6       0x6e .build/obj_ut472_th3v3gas/quantum/quantum.o
 .text.register_code16
                0x00000a24       0x2a .build/obj_ut472_th3v3gas/quantum/quantum.o
                0x00000a24                register_code16
 .text.unregister_code16
                0x00000a4e       0x2a .build/obj_ut472_th3v3gas/quantum/quantum.o
                0x00000a4e                unregister_code16
 .text.process_action_kb
                0x00000a78        0x4 .build/obj_ut472_th3v3gas/quantum/quantum.o
                0x00000a78                process_action_kb
 .text.process_record_kb
                0x00000a7c        0x4 .build/obj_ut472_th3v3gas/quantum/quantum.o
                0x00000a7c                process_record_kb
 .text.get_event_keycode
                0x00000a80       0x62 .build/obj_ut472_th3v3gas/quantum/quantum.o
                0x00000a80                get_event_keycode
 .text.get_record_keycode
                0x00000ae2       0x10 .build/obj_ut472_th3v3gas/quantum/quantum.o
                0x00000ae2                get_record_keycode
 .text.send_char
                0x00000af2       0x5c .build/obj_ut472_th3v3gas/quantum/quantum.o
                0x00000af2                send_char
 .text.send_string_with_delay
                0x00000b4e       0x6c .build/obj_ut472_th3v3gas/quantum/quantum.o
                0x00000b4e                send_string_with_delay
 .text.send_string
                0x00000bba        0x6 .build/obj_ut472_th3v3gas/quantum/quantum.o
                0x00000bba                send_string
 .text.matrix_init_quantum
                0x00000bc0       0x10 .build/obj_ut472_th3v3gas/quantum/quantum.o
                0x00000bc0                matrix_init_quantum
 .text.matrix_scan_quantum
                0x00000bd0        0xc .build/obj_ut472_th3v3gas/quantum/quantum.o
                0x00000bd0                matrix_scan_quantum
 .text.led_set_user
                0x00000bdc        0x2 .build/obj_ut472_th3v3gas/quantum/quantum.o
                0x00000bdc                led_set_user
 .text.led_set_kb
                0x00000bde        0x4 .build/obj_ut472_th3v3gas/quantum/quantum.o
                0x00000bde                led_set_kb
 .text.led_update_user
                0x00000be2        0x4 .build/obj_ut472_th3v3gas/quantum/quantum.o
                0x00000be2                led_update_user
 .text.led_update_kb
                0x00000be6        0x4 .build/obj_ut472_th3v3gas/quantum/quantum.o
                0x00000be6                led_update_kb
 .text.led_set  0x00000bea       0x10 .build/obj_ut472_th3v3gas/quantum/quantum.o
                0x00000bea                led_set
 .text.shutdown_user
                0x00000bfa        0x2 .build/obj_ut472_th3v3gas/quantum/quantum.o
                0x00000bfa                shutdown_user
 .text.reset_keyboard
                0x00000bfc       0x1e .build/obj_ut472_th3v3gas/quantum/quantum.o
                0x00000bfc                reset_keyboard
 .text.process_record_quantum
                0x00000c1a       0xa2 .build/obj_ut472_th3v3gas/quantum/quantum.o
                0x00000c1a                process_record_quantum
 .text.action_get_macro
                0x00000cbc        0x6 .build/obj_ut472_th3v3gas/quantum/keymap_common.o
                0x00000cbc                action_get_macro
 .text.action_function
                0x00000cc2        0x2 .build/obj_ut472_th3v3gas/quantum/keymap_common.o
                0x00000cc2                action_function
 .text.keymap_key_to_keycode
                0x00000cc4       0x34 .build/obj_ut472_th3v3gas/quantum/keymap_common.o
                0x00000cc4                keymap_key_to_keycode
 .text.keymap_function_id_to_action
                0x00000cf8       0x10 .build/obj_ut472_th3v3gas/quantum/keymap_common.o
                0x00000cf8                keymap_function_id_to_action
 .text.action_for_key
                0x00000d08      0x226 .build/obj_ut472_th3v3gas/quantum/keymap_common.o
                0x00000d08                action_for_key
 .text.keycode_config
                0x00000f2e      0x12e .build/obj_ut472_th3v3gas/quantum/keycode_config.o
                0x00000f2e                keycode_config
 .text.mod_config
                0x0000105c       0x86 .build/obj_ut472_th3v3gas/quantum/keycode_config.o
                0x0000105c                mod_config
 .text.matrix_get_row
                0x000010e2       0x12 .build/obj_ut472_th3v3gas/quantum/matrix_common.o
                0x000010e2                matrix_get_row
 .text.matrix_print
                0x000010f4        0x2 .build/obj_ut472_th3v3gas/quantum/matrix_common.o
                0x000010f4                matrix_print
 .text.matrix_io_delay
                0x000010f6        0x8 .build/obj_ut472_th3v3gas/quantum/matrix_common.o
                0x000010f6                matrix_io_delay
 .text.matrix_init
                0x000010fe       0xc2 .build/obj_ut472_th3v3gas/quantum/matrix.o
                0x000010fe                matrix_init
 .text.matrix_scan
                0x000011c0      0x130 .build/obj_ut472_th3v3gas/quantum/matrix.o
                0x000011c0                matrix_scan
 .text.debounce_init
                0x000012f0        0x2 .build/obj_ut472_th3v3gas/quantum/debounce/sym_g.o
                0x000012f0                debounce_init
 .text.debounce
                0x000012f2       0x72 .build/obj_ut472_th3v3gas/quantum/debounce/sym_g.o
                0x000012f2                debounce
 .text.dump_key_buffer
                0x00001364       0x3e .build/obj_ut472_th3v3gas/quantum/process_keycode/process_combo.o
 .text.process_combo_event
                0x000013a2        0x2 .build/obj_ut472_th3v3gas/quantum/process_keycode/process_combo.o
                0x000013a2                process_combo_event
 .text.matrix_scan_combo
                0x000013a4       0x30 .build/obj_ut472_th3v3gas/quantum/process_keycode/process_combo.o
                0x000013a4                matrix_scan_combo
 .text.combo_disable
                0x000013d4       0x16 .build/obj_ut472_th3v3gas/quantum/process_keycode/process_combo.o
                0x000013d4                combo_disable
 .text.combo_toggle
                0x000013ea       0x12 .build/obj_ut472_th3v3gas/quantum/process_keycode/process_combo.o
                0x000013ea                combo_toggle
 .text.process_combo
                0x000013fc      0x244 .build/obj_ut472_th3v3gas/quantum/process_keycode/process_combo.o
                0x000013fc                process_combo
 .text.hsv_to_rgb
                0x00001640      0x102 .build/obj_ut472_th3v3gas/quantum/color.o
                0x00001640                hsv_to_rgb
 .text.rgblight_effect_dummy
                0x00001742        0x2 .build/obj_ut472_th3v3gas/quantum/rgblight.o
 .text.sethsv_raw
                0x00001744       0x1c .build/obj_ut472_th3v3gas/quantum/rgblight.o
                0x00001744                sethsv_raw
 .text.rgblight_check_config
                0x00001760       0x1e .build/obj_ut472_th3v3gas/quantum/rgblight.o
                0x00001760                rgblight_check_config
 .text.eeconfig_read_rgblight
                0x0000177e        0x8 .build/obj_ut472_th3v3gas/quantum/rgblight.o
                0x0000177e                eeconfig_read_rgblight
 .text.eeconfig_update_rgblight
                0x00001786       0x24 .build/obj_ut472_th3v3gas/quantum/rgblight.o
                0x00001786                eeconfig_update_rgblight
 .text.eeconfig_update_rgblight_default
                0x000017aa       0x1e .build/obj_ut472_th3v3gas/quantum/rgblight.o
                0x000017aa                eeconfig_update_rgblight_default
 .text.rgblight_get_mode
                0x000017c8       0x10 .build/obj_ut472_th3v3gas/quantum/rgblight.o
                0x000017c8                rgblight_get_mode
 .text.rgblight_increase_speed
                0x000017d8       0x22 .build/obj_ut472_th3v3gas/quantum/rgblight.o
                0x000017d8                rgblight_increase_speed
 .text.rgblight_decrease_speed
                0x000017fa       0x22 .build/obj_ut472_th3v3gas/quantum/rgblight.o
                0x000017fa                rgblight_decrease_speed
 .text.rgblight_set
                0x0000181c       0xde .build/obj_ut472_th3v3gas/quantum/rgblight.o
                0x0000181c                rgblight_set
 .text.rgblight_setrgb
                0x000018fa       0x3c .build/obj_ut472_th3v3gas/quantum/rgblight.o
                0x000018fa                rgblight_setrgb
 .text.rgblight_sethsv_eeprom_helper
                0x00001936       0x88 .build/obj_ut472_th3v3gas/quantum/rgblight.o
                0x00001936                rgblight_sethsv_eeprom_helper
 .text.rgblight_increase_hue_helper
                0x000019be       0x14 .build/obj_ut472_th3v3gas/quantum/rgblight.o
                0x000019be                rgblight_increase_hue_helper
 .text.rgblight_increase_hue
                0x000019d2        0x6 .build/obj_ut472_th3v3gas/quantum/rgblight.o
                0x000019d2                rgblight_increase_hue
 .text.rgblight_decrease_hue_helper
                0x000019d8       0x14 .build/obj_ut472_th3v3gas/quantum/rgblight.o
                0x000019d8                rgblight_decrease_hue_helper
 .text.rgblight_decrease_hue
                0x000019ec        0x6 .build/obj_ut472_th3v3gas/quantum/rgblight.o
                0x000019ec                rgblight_decrease_hue
 .text.rgblight_increase_sat_helper
                0x000019f2       0x18 .build/obj_ut472_th3v3gas/quantum/rgblight.o
                0x000019f2                rgblight_increase_sat_helper
 .text.rgblight_increase_sat
                0x00001a0a        0x6 .build/obj_ut472_th3v3gas/quantum/rgblight.o
                0x00001a0a                rgblight_increase_sat
 .text.rgblight_decrease_sat_helper
                0x00001a10       0x18 .build/obj_ut472_th3v3gas/quantum/rgblight.o
                0x00001a10                rgblight_decrease_sat_helper
 .text.rgblight_decrease_sat
                0x00001a28        0x6 .build/obj_ut472_th3v3gas/quantum/rgblight.o
                0x00001a28                rgblight_decrease_sat
 .text.rgblight_increase_val_helper
                0x00001a2e       0x18 .build/obj_ut472_th3v3gas/quantum/rgblight.o
                0x00001a2e                rgblight_increase_val_helper
 .text.rgblight_increase_val
                0x00001a46        0x6 .build/obj_ut472_th3v3gas/quantum/rgblight.o
                0x00001a46                rgblight_increase_val
 .text.rgblight_decrease_val_helper
                0x00001a4c       0x18 .build/obj_ut472_th3v3gas/quantum/rgblight.o
                0x00001a4c                rgblight_decrease_val_helper
 .text.rgblight_decrease_val
                0x00001a64        0x6 .build/obj_ut472_th3v3gas/quantum/rgblight.o
                0x00001a64                rgblight_decrease_val
 .text.rgblight_sethsv_noeeprom
                0x00001a6a        0x6 .build/obj_ut472_th3v3gas/quantum/rgblight.o
                0x00001a6a                rgblight_sethsv_noeeprom
 .text.rgblight_effect_knight
                0x00001a70       0xd8 .build/obj_ut472_th3v3gas/quantum/rgblight.o
                0x00001a70                rgblight_effect_knight
 .text.rgblight_disable
                0x00001b48       0x30 .build/obj_ut472_th3v3gas/quantum/rgblight.o
                0x00001b48                rgblight_disable
 .text.rgblight_disable_noeeprom
                0x00001b78       0x24 .build/obj_ut472_th3v3gas/quantum/rgblight.o
                0x00001b78                rgblight_disable_noeeprom
 .text.rgblight_timer_enable
                0x00001b9c       0x2c .build/obj_ut472_th3v3gas/quantum/rgblight.o
                0x00001b9c                rgblight_timer_enable
 .text.rgblight_mode_eeprom_helper
                0x00001bc8       0x74 .build/obj_ut472_th3v3gas/quantum/rgblight.o
                0x00001bc8                rgblight_mode_eeprom_helper
 .text.rgblight_step_helper
                0x00001c3c       0x16 .build/obj_ut472_th3v3gas/quantum/rgblight.o
                0x00001c3c                rgblight_step_helper
 .text.rgblight_step
                0x00001c52        0x6 .build/obj_ut472_th3v3gas/quantum/rgblight.o
                0x00001c52                rgblight_step
 .text.rgblight_step_reverse_helper
                0x00001c58       0x14 .build/obj_ut472_th3v3gas/quantum/rgblight.o
                0x00001c58                rgblight_step_reverse_helper
 .text.rgblight_step_reverse
                0x00001c6c        0x6 .build/obj_ut472_th3v3gas/quantum/rgblight.o
                0x00001c6c                rgblight_step_reverse
 .text.rgblight_mode
                0x00001c72        0x6 .build/obj_ut472_th3v3gas/quantum/rgblight.o
                0x00001c72                rgblight_mode
 .text.rgblight_enable
                0x00001c78       0x10 .build/obj_ut472_th3v3gas/quantum/rgblight.o
                0x00001c78                rgblight_enable
 .text.rgblight_toggle
                0x00001c88        0xe .build/obj_ut472_th3v3gas/quantum/rgblight.o
                0x00001c88                rgblight_toggle
 .text.rgblight_mode_noeeprom
                0x00001c96        0x6 .build/obj_ut472_th3v3gas/quantum/rgblight.o
                0x00001c96                rgblight_mode_noeeprom
 .text.rgblight_init
                0x00001c9c       0x66 .build/obj_ut472_th3v3gas/quantum/rgblight.o
                0x00001c9c                rgblight_init
 .text.rgblight_enable_noeeprom
                0x00001d02       0x10 .build/obj_ut472_th3v3gas/quantum/rgblight.o
                0x00001d02                rgblight_enable_noeeprom
 .text.rgblight_timer_disable
                0x00001d12        0x6 .build/obj_ut472_th3v3gas/quantum/rgblight.o
                0x00001d12                rgblight_timer_disable
 .text.rgblight_task
                0x00001d18       0xa8 .build/obj_ut472_th3v3gas/quantum/rgblight.o
                0x00001d18                rgblight_task
 .text.handleKeycodeRGB
                0x00001dc0        0xa .build/obj_ut472_th3v3gas/quantum/process_keycode/process_rgb.o
 .text.handleKeycodeRGBMode.constprop.1
                0x00001dca       0x1a .build/obj_ut472_th3v3gas/quantum/process_keycode/process_rgb.o
 .text.process_rgb
                0x00001de4       0xb6 .build/obj_ut472_th3v3gas/quantum/process_keycode/process_rgb.o
                0x00001de4                process_rgb
 .text.process_tap_dance_action_on_dance_finished.part.0
                0x00001e9a       0x36 .build/obj_ut472_th3v3gas/quantum/process_keycode/process_tap_dance.o
 .text.qk_tap_dance_pair_on_each_tap
                0x00001ed0       0x20 .build/obj_ut472_th3v3gas/quantum/process_keycode/process_tap_dance.o
                0x00001ed0                qk_tap_dance_pair_on_each_tap
 .text.qk_tap_dance_pair_finished
                0x00001ef0       0x20 .build/obj_ut472_th3v3gas/quantum/process_keycode/process_tap_dance.o
                0x00001ef0                qk_tap_dance_pair_finished
 .text.qk_tap_dance_pair_reset
                0x00001f10       0x20 .build/obj_ut472_th3v3gas/quantum/process_keycode/process_tap_dance.o
                0x00001f10                qk_tap_dance_pair_reset
 .text.reset_tap_dance
                0x00001f30       0x7e .build/obj_ut472_th3v3gas/quantum/process_keycode/process_tap_dance.o
                0x00001f30                reset_tap_dance
 .text.preprocess_tap_dance
                0x00001fae       0x8c .build/obj_ut472_th3v3gas/quantum/process_keycode/process_tap_dance.o
                0x00001fae                preprocess_tap_dance
 .text.process_tap_dance
                0x0000203a       0xc8 .build/obj_ut472_th3v3gas/quantum/process_keycode/process_tap_dance.o
                0x0000203a                process_tap_dance
 .text.matrix_scan_tap_dance
                0x00002102       0xa6 .build/obj_ut472_th3v3gas/quantum/process_keycode/process_tap_dance.o
                0x00002102                matrix_scan_tap_dance
 .text.ws2812_sendarray_mask
                0x000021a8       0x44 .build/obj_ut472_th3v3gas/ws2812.o
                0x000021a8                ws2812_sendarray_mask
 .text.ws2812_setleds_pin
                0x000021ec       0x28 .build/obj_ut472_th3v3gas/ws2812.o
                0x000021ec                ws2812_setleds_pin
 .text.ws2812_setleds
                0x00002214        0x6 .build/obj_ut472_th3v3gas/ws2812.o
                0x00002214                ws2812_setleds
 .text.perform_space_cadet
                0x0000221a       0xda .build/obj_ut472_th3v3gas/quantum/process_keycode/process_space_cadet.o
                0x0000221a                perform_space_cadet
 .text.process_space_cadet
                0x000022f4       0x82 .build/obj_ut472_th3v3gas/quantum/process_keycode/process_space_cadet.o
                0x000022f4                process_space_cadet
 .text.process_magic
                0x00002376      0x246 .build/obj_ut472_th3v3gas/quantum/process_keycode/process_magic.o
                0x00002376                process_magic
 .text.process_grave_esc
                0x000025bc       0x54 .build/obj_ut472_th3v3gas/quantum/process_keycode/process_grave_esc.o
                0x000025bc                process_grave_esc
 .text.host_set_driver
                0x00002610        0xa .build/obj_ut472_th3v3gas/common/host.o
                0x00002610                host_set_driver
 .text.host_keyboard_leds
                0x0000261a       0x18 .build/obj_ut472_th3v3gas/common/host.o
                0x0000261a                host_keyboard_leds
 .text.host_keyboard_send
                0x00002632       0x34 .build/obj_ut472_th3v3gas/common/host.o
                0x00002632                host_keyboard_send
 .text.host_system_send
                0x00002666       0x2c .build/obj_ut472_th3v3gas/common/host.o
                0x00002666                host_system_send
 .text.host_consumer_send
                0x00002692       0x2c .build/obj_ut472_th3v3gas/common/host.o
                0x00002692                host_consumer_send
 .text.keyboard_pre_init_user
                0x000026be        0x2 .build/obj_ut472_th3v3gas/common/keyboard.o
                0x000026be                keyboard_pre_init_user
 .text.matrix_setup
                0x000026c0        0x2 .build/obj_ut472_th3v3gas/common/keyboard.o
                0x000026c0                matrix_setup
 .text.keyboard_pre_init_kb
                0x000026c2        0x4 .build/obj_ut472_th3v3gas/common/keyboard.o
                0x000026c2                keyboard_pre_init_kb
 .text.keyboard_post_init_user
                0x000026c6        0x2 .build/obj_ut472_th3v3gas/common/keyboard.o
                0x000026c6                keyboard_post_init_user
 .text.keyboard_post_init_kb
                0x000026c8        0x4 .build/obj_ut472_th3v3gas/common/keyboard.o
                0x000026c8                keyboard_post_init_kb
 .text.keyboard_setup
                0x000026cc        0x8 .build/obj_ut472_th3v3gas/common/keyboard.o
                0x000026cc                keyboard_setup
 .text.is_keyboard_master
                0x000026d4        0x4 .build/obj_ut472_th3v3gas/common/keyboard.o
                0x000026d4                is_keyboard_master
 .text.keyboard_init
                0x000026d8       0x14 .build/obj_ut472_th3v3gas/common/keyboard.o
                0x000026d8                keyboard_init
 .text.keyboard_task
                0x000026ec      0x164 .build/obj_ut472_th3v3gas/common/keyboard.o
                0x000026ec                keyboard_task
 .text.action_exec
                0x00002850       0x54 .build/obj_ut472_th3v3gas/common/action.o
                0x00002850                action_exec
 .text.process_record_tap_hint
                0x000028a4        0xa .build/obj_ut472_th3v3gas/common/action.o
                0x000028a4                process_record_tap_hint
 .text.register_code
                0x000028ae       0xec .build/obj_ut472_th3v3gas/common/action.o
                0x000028ae                register_code
 .text.unregister_code
                0x0000299a       0x9e .build/obj_ut472_th3v3gas/common/action.o
                0x0000299a                unregister_code
 .text.tap_code
                0x00002a38       0x26 .build/obj_ut472_th3v3gas/common/action.o
                0x00002a38                tap_code
 .text.register_mods
                0x00002a5e        0xe .build/obj_ut472_th3v3gas/common/action.o
                0x00002a5e                register_mods
 .text.unregister_mods
                0x00002a6c        0xe .build/obj_ut472_th3v3gas/common/action.o
                0x00002a6c                unregister_mods
 .text.process_action
                0x00002a7a      0x3dc .build/obj_ut472_th3v3gas/common/action.o
                0x00002a7a                process_action
 .text.process_record
                0x00002e56       0x54 .build/obj_ut472_th3v3gas/common/action.o
                0x00002e56                process_record
 .text.register_weak_mods
                0x00002eaa        0xe .build/obj_ut472_th3v3gas/common/action.o
                0x00002eaa                register_weak_mods
 .text.unregister_weak_mods
                0x00002eb8        0xe .build/obj_ut472_th3v3gas/common/action.o
                0x00002eb8                unregister_weak_mods
 .text.clear_keyboard_but_mods_and_keys
                0x00002ec6        0xc .build/obj_ut472_th3v3gas/common/action.o
                0x00002ec6                clear_keyboard_but_mods_and_keys
 .text.clear_keyboard_but_mods
                0x00002ed2        0x8 .build/obj_ut472_th3v3gas/common/action.o
                0x00002ed2                clear_keyboard_but_mods
 .text.clear_keyboard
                0x00002eda        0x8 .build/obj_ut472_th3v3gas/common/action.o
                0x00002eda                clear_keyboard
 .text.is_tap_action
                0x00002ee2       0x3e .build/obj_ut472_th3v3gas/common/action.o
                0x00002ee2                is_tap_action
 .text.is_tap_key
                0x00002f20        0x8 .build/obj_ut472_th3v3gas/common/action.o
                0x00002f20                is_tap_key
 .text.debug_event
                0x00002f28       0x1e .build/obj_ut472_th3v3gas/common/action.o
                0x00002f28                debug_event
 .text.debug_record
                0x00002f46       0x20 .build/obj_ut472_th3v3gas/common/action.o
                0x00002f46                debug_record
 .text.debug_waiting_buffer
                0x00002f66       0x3e .build/obj_ut472_th3v3gas/common/action_tapping.o
 .text.debug_tapping_key
                0x00002fa4       0x1c .build/obj_ut472_th3v3gas/common/action_tapping.o
 .text.waiting_buffer_scan_tap
                0x00002fc0       0xe0 .build/obj_ut472_th3v3gas/common/action_tapping.o
 .text.process_tapping
                0x000030a0      0x394 .build/obj_ut472_th3v3gas/common/action_tapping.o
 .text.action_tapping_process
                0x00003434      0x13c .build/obj_ut472_th3v3gas/common/action_tapping.o
                0x00003434                action_tapping_process
 .text.action_macro_play
                0x00003570       0xf0 .build/obj_ut472_th3v3gas/common/action_macro.o
                0x00003570                action_macro_play
 .text.default_layer_state_set_user
                0x00003660        0x2 .build/obj_ut472_th3v3gas/common/action_layer.o
                0x00003660                default_layer_state_set_user
 .text.default_layer_state_set_kb
                0x00003662        0x4 .build/obj_ut472_th3v3gas/common/action_layer.o
                0x00003662                default_layer_state_set_kb
 .text.default_layer_state_set
                0x00003666       0x18 .build/obj_ut472_th3v3gas/common/action_layer.o
 .text.default_layer_debug
                0x0000367e        0x2 .build/obj_ut472_th3v3gas/common/action_layer.o
                0x0000367e                default_layer_debug
 .text.default_layer_set
                0x00003680        0x4 .build/obj_ut472_th3v3gas/common/action_layer.o
                0x00003680                default_layer_set
 .text.default_layer_or
                0x00003684       0x24 .build/obj_ut472_th3v3gas/common/action_layer.o
                0x00003684                default_layer_or
 .text.default_layer_and
                0x000036a8       0x24 .build/obj_ut472_th3v3gas/common/action_layer.o
                0x000036a8                default_layer_and
 .text.default_layer_xor
                0x000036cc       0x24 .build/obj_ut472_th3v3gas/common/action_layer.o
                0x000036cc                default_layer_xor
 .text.layer_state_set_user
                0x000036f0        0x4 .build/obj_ut472_th3v3gas/common/action_layer.o
                0x000036f0                layer_state_set_user
 .text.layer_state_set_kb
                0x000036f4        0x4 .build/obj_ut472_th3v3gas/common/action_layer.o
                0x000036f4                layer_state_set_kb
 .text.layer_state_set
                0x000036f8       0x18 .build/obj_ut472_th3v3gas/common/action_layer.o
                0x000036f8                layer_state_set
 .text.layer_clear
                0x00003710        0xa .build/obj_ut472_th3v3gas/common/action_layer.o
                0x00003710                layer_clear
 .text.layer_move
                0x0000371a       0x2a .build/obj_ut472_th3v3gas/common/action_layer.o
                0x0000371a                layer_move
 .text.layer_on
                0x00003744       0x42 .build/obj_ut472_th3v3gas/common/action_layer.o
                0x00003744                layer_on
 .text.layer_off
                0x00003786       0x46 .build/obj_ut472_th3v3gas/common/action_layer.o
                0x00003786                layer_off
 .text.layer_invert
                0x000037cc       0x42 .build/obj_ut472_th3v3gas/common/action_layer.o
                0x000037cc                layer_invert
 .text.layer_or
                0x0000380e       0x24 .build/obj_ut472_th3v3gas/common/action_layer.o
                0x0000380e                layer_or
 .text.layer_and
                0x00003832       0x24 .build/obj_ut472_th3v3gas/common/action_layer.o
                0x00003832                layer_and
 .text.layer_xor
                0x00003856       0x24 .build/obj_ut472_th3v3gas/common/action_layer.o
                0x00003856                layer_xor
 .text.layer_debug
                0x0000387a        0x2 .build/obj_ut472_th3v3gas/common/action_layer.o
                0x0000387a                layer_debug
 .text.update_source_layers_cache
                0x0000387c       0x6e .build/obj_ut472_th3v3gas/common/action_layer.o
                0x0000387c                update_source_layers_cache
 .text.read_source_layers_cache
                0x000038ea       0x58 .build/obj_ut472_th3v3gas/common/action_layer.o
                0x000038ea                read_source_layers_cache
 .text.layer_switch_get_layer
                0x00003942       0x84 .build/obj_ut472_th3v3gas/common/action_layer.o
                0x00003942                layer_switch_get_layer
 .text.layer_switch_get_action
                0x000039c6       0x14 .build/obj_ut472_th3v3gas/common/action_layer.o
                0x000039c6                layer_switch_get_action
 .text.store_or_get_action
                0x000039da       0x48 .build/obj_ut472_th3v3gas/common/action_layer.o
                0x000039da                store_or_get_action
 .text.add_key  0x00003a22        0xe .build/obj_ut472_th3v3gas/common/action_util.o
                0x00003a22                add_key
 .text.del_key  0x00003a30        0xe .build/obj_ut472_th3v3gas/common/action_util.o
                0x00003a30                del_key
 .text.clear_keys
                0x00003a3e        0xc .build/obj_ut472_th3v3gas/common/action_util.o
                0x00003a3e                clear_keys
 .text.get_oneshot_layer
                0x00003a4a        0xc .build/obj_ut472_th3v3gas/common/action_util.o
                0x00003a4a                get_oneshot_layer
 .text.get_oneshot_layer_state
                0x00003a56        0x8 .build/obj_ut472_th3v3gas/common/action_util.o
                0x00003a56                get_oneshot_layer_state
 .text.is_oneshot_layer_active
                0x00003a5e        0xe .build/obj_ut472_th3v3gas/common/action_util.o
                0x00003a5e                is_oneshot_layer_active
 .text.get_mods
                0x00003a6c        0x6 .build/obj_ut472_th3v3gas/common/action_util.o
                0x00003a6c                get_mods
 .text.add_mods
                0x00003a72        0xc .build/obj_ut472_th3v3gas/common/action_util.o
                0x00003a72                add_mods
 .text.del_mods
                0x00003a7e        0xe .build/obj_ut472_th3v3gas/common/action_util.o
                0x00003a7e                del_mods
 .text.clear_mods
                0x00003a8c        0x6 .build/obj_ut472_th3v3gas/common/action_util.o
                0x00003a8c                clear_mods
 .text.get_weak_mods
                0x00003a92        0x6 .build/obj_ut472_th3v3gas/common/action_util.o
                0x00003a92                get_weak_mods
 .text.add_weak_mods
                0x00003a98        0xc .build/obj_ut472_th3v3gas/common/action_util.o
                0x00003a98                add_weak_mods
 .text.del_weak_mods
                0x00003aa4        0xe .build/obj_ut472_th3v3gas/common/action_util.o
                0x00003aa4                del_weak_mods
 .text.clear_weak_mods
                0x00003ab2        0x6 .build/obj_ut472_th3v3gas/common/action_util.o
                0x00003ab2                clear_weak_mods
 .text.add_macro_mods
                0x00003ab8        0xc .build/obj_ut472_th3v3gas/common/action_util.o
                0x00003ab8                add_macro_mods
 .text.del_macro_mods
                0x00003ac4        0xe .build/obj_ut472_th3v3gas/common/action_util.o
                0x00003ac4                del_macro_mods
 .text.clear_macro_mods
                0x00003ad2        0x6 .build/obj_ut472_th3v3gas/common/action_util.o
                0x00003ad2                clear_macro_mods
 .text.get_oneshot_mods
                0x00003ad8        0x6 .build/obj_ut472_th3v3gas/common/action_util.o
                0x00003ad8                get_oneshot_mods
 .text.oneshot_mods_changed_user
                0x00003ade        0x2 .build/obj_ut472_th3v3gas/common/action_util.o
                0x00003ade                oneshot_mods_changed_user
 .text.oneshot_mods_changed_kb
                0x00003ae0        0x4 .build/obj_ut472_th3v3gas/common/action_util.o
                0x00003ae0                oneshot_mods_changed_kb
 .text.set_oneshot_mods
                0x00003ae4       0x12 .build/obj_ut472_th3v3gas/common/action_util.o
                0x00003ae4                set_oneshot_mods
 .text.clear_oneshot_mods
                0x00003af6       0x14 .build/obj_ut472_th3v3gas/common/action_util.o
                0x00003af6                clear_oneshot_mods
 .text.send_keyboard_report
                0x00003b0a       0x66 .build/obj_ut472_th3v3gas/common/action_util.o
                0x00003b0a                send_keyboard_report
 .text.oneshot_layer_changed_user
                0x00003b70        0x2 .build/obj_ut472_th3v3gas/common/action_util.o
                0x00003b70                oneshot_layer_changed_user
 .text.oneshot_layer_changed_kb
                0x00003b72        0x4 .build/obj_ut472_th3v3gas/common/action_util.o
                0x00003b72                oneshot_layer_changed_kb
 .text.set_oneshot_layer
                0x00003b76       0x20 .build/obj_ut472_th3v3gas/common/action_util.o
                0x00003b76                set_oneshot_layer
 .text.reset_oneshot_layer
                0x00003b96        0xa .build/obj_ut472_th3v3gas/common/action_util.o
                0x00003b96                reset_oneshot_layer
 .text.clear_oneshot_layer_state
                0x00003ba0       0x30 .build/obj_ut472_th3v3gas/common/action_util.o
                0x00003ba0                clear_oneshot_layer_state
 .text.biton32  0x00003bd0       0x9a .build/obj_ut472_th3v3gas/common/util.o
                0x00003bd0                biton32
 .text.eeconfig_is_enabled
                0x00003c6a       0x16 .build/obj_ut472_th3v3gas/common/eeconfig.o
                0x00003c6a                eeconfig_is_enabled
 .text.eeconfig_read_debug
                0x00003c80        0x8 .build/obj_ut472_th3v3gas/common/eeconfig.o
                0x00003c80                eeconfig_read_debug
 .text.eeconfig_update_debug
                0x00003c88        0xa .build/obj_ut472_th3v3gas/common/eeconfig.o
                0x00003c88                eeconfig_update_debug
 .text.eeconfig_read_default_layer
                0x00003c92        0x8 .build/obj_ut472_th3v3gas/common/eeconfig.o
                0x00003c92                eeconfig_read_default_layer
 .text.eeconfig_update_default_layer
                0x00003c9a        0xa .build/obj_ut472_th3v3gas/common/eeconfig.o
                0x00003c9a                eeconfig_update_default_layer
 .text.eeconfig_read_keymap
                0x00003ca4       0x1c .build/obj_ut472_th3v3gas/common/eeconfig.o
                0x00003ca4                eeconfig_read_keymap
 .text.eeconfig_update_keymap
                0x00003cc0       0x1a .build/obj_ut472_th3v3gas/common/eeconfig.o
                0x00003cc0                eeconfig_update_keymap
 .text.eeconfig_update_kb
                0x00003cda        0xc .build/obj_ut472_th3v3gas/common/eeconfig.o
                0x00003cda                eeconfig_update_kb
 .text.eeconfig_update_user
                0x00003ce6        0xc .build/obj_ut472_th3v3gas/common/eeconfig.o
                0x00003ce6                eeconfig_update_user
 .text.eeconfig_init_user
                0x00003cf2        0xa .build/obj_ut472_th3v3gas/common/eeconfig.o
                0x00003cf2                eeconfig_init_user
 .text.eeconfig_init_kb
                0x00003cfc        0xe .build/obj_ut472_th3v3gas/common/eeconfig.o
                0x00003cfc                eeconfig_init_kb
 .text.eeconfig_init_quantum
                0x00003d0a       0xae .build/obj_ut472_th3v3gas/common/eeconfig.o
                0x00003d0a                eeconfig_init_quantum
 .text.eeconfig_init
                0x00003db8        0x4 .build/obj_ut472_th3v3gas/common/eeconfig.o
                0x00003db8                eeconfig_init
 .text.eeconfig_update_handedness
                0x00003dbc        0xa .build/obj_ut472_th3v3gas/common/eeconfig.o
                0x00003dbc                eeconfig_update_handedness
 .text.has_anykey
                0x00003dc6       0x28 .build/obj_ut472_th3v3gas/common/report.o
                0x00003dc6                has_anykey
 .text.add_key_byte
                0x00003dee       0x34 .build/obj_ut472_th3v3gas/common/report.o
                0x00003dee                add_key_byte
 .text.del_key_byte
                0x00003e22       0x1a .build/obj_ut472_th3v3gas/common/report.o
                0x00003e22                del_key_byte
 .text.add_key_bit
                0x00003e3c       0x28 .build/obj_ut472_th3v3gas/common/report.o
                0x00003e3c                add_key_bit
 .text.del_key_bit
                0x00003e64       0x2a .build/obj_ut472_th3v3gas/common/report.o
                0x00003e64                del_key_bit
 .text.add_key_to_report
                0x00003e8e       0x16 .build/obj_ut472_th3v3gas/common/report.o
                0x00003e8e                add_key_to_report
 .text.del_key_from_report
                0x00003ea4       0x16 .build/obj_ut472_th3v3gas/common/report.o
                0x00003ea4                del_key_from_report
 .text.clear_keys_from_report
                0x00003eba       0x24 .build/obj_ut472_th3v3gas/common/report.o
                0x00003eba                clear_keys_from_report
 .text.matrix_power_up
                0x00003ede        0x2 .build/obj_ut472_th3v3gas/common/avr/suspend.o
                0x00003ede                matrix_power_up
 .text.suspend_power_down_user
                0x00003ee0        0x2 .build/obj_ut472_th3v3gas/common/avr/suspend.o
                0x00003ee0                suspend_power_down_user
 .text.suspend_power_down_kb
                0x00003ee2        0x4 .build/obj_ut472_th3v3gas/common/avr/suspend.o
                0x00003ee2                suspend_power_down_kb
 .text.suspend_power_down
                0x00003ee6       0x82 .build/obj_ut472_th3v3gas/common/avr/suspend.o
                0x00003ee6                suspend_power_down
 .text.matrix_power_down
                0x00003f68        0x2 .build/obj_ut472_th3v3gas/common/avr/suspend.o
                0x00003f68                matrix_power_down
 .text.suspend_wakeup_condition
                0x00003f6a       0x2a .build/obj_ut472_th3v3gas/common/avr/suspend.o
                0x00003f6a                suspend_wakeup_condition
 .text.suspend_wakeup_init_user
                0x00003f94        0x2 .build/obj_ut472_th3v3gas/common/avr/suspend.o
                0x00003f94                suspend_wakeup_init_user
 .text.suspend_wakeup_init_kb
                0x00003f96        0x4 .build/obj_ut472_th3v3gas/common/avr/suspend.o
                0x00003f96                suspend_wakeup_init_kb
 .text.suspend_wakeup_init
                0x00003f9a       0x22 .build/obj_ut472_th3v3gas/common/avr/suspend.o
                0x00003f9a                suspend_wakeup_init
 .text.__vector_13
                0x00003fbc       0x4e .build/obj_ut472_th3v3gas/common/avr/suspend.o
                0x00003fbc                __vector_13
 .text.timer_init
                0x0000400a       0x12 .build/obj_ut472_th3v3gas/common/avr/timer.o
                0x0000400a                timer_init
 .text.timer_read
                0x0000401c       0x18 .build/obj_ut472_th3v3gas/common/avr/timer.o
                0x0000401c                timer_read
 .text.timer_elapsed
                0x00004034       0x54 .build/obj_ut472_th3v3gas/common/avr/timer.o
                0x00004034                timer_elapsed
 .text.__vector_19
                0x00004088       0x48 .build/obj_ut472_th3v3gas/common/avr/timer.o
                0x00004088                __vector_19
 .text.bootloader_jump
                0x000040d0       0x48 .build/obj_ut472_th3v3gas/common/avr/bootloader.o
                0x000040d0                bootloader_jump
 .text.scan_keycode
                0x00004118       0x7a .build/obj_ut472_th3v3gas/common/bootmagic.o
 .text.bootmagic_scan_keycode
                0x00004192       0x1c .build/obj_ut472_th3v3gas/common/bootmagic.o
                0x00004192                bootmagic_scan_keycode
 .text.bootmagic
                0x000041ae      0x234 .build/obj_ut472_th3v3gas/common/bootmagic.o
                0x000041ae                bootmagic
 .text.keyboard_leds
                0x000043e2        0x6 .build/obj_ut472_th3v3gas/lufa.o
 .text.send_mouse
                0x000043e8        0x2 .build/obj_ut472_th3v3gas/lufa.o
 .text.send_system
                0x000043ea        0x2 .build/obj_ut472_th3v3gas/lufa.o
 .text.send_keyboard
                0x000043ec       0x8c .build/obj_ut472_th3v3gas/lufa.o
 .text.send_consumer
                0x00004478        0x2 .build/obj_ut472_th3v3gas/lufa.o
 .text.EVENT_USB_Device_Reset
                0x0000447a        0x2 .build/obj_ut472_th3v3gas/lufa.o
                0x0000447a                EVENT_USB_Device_Reset
 .text.EVENT_USB_Device_Suspend
                0x0000447c        0x2 .build/obj_ut472_th3v3gas/lufa.o
                0x0000447c                EVENT_USB_Device_Suspend
 .text.EVENT_USB_Device_WakeUp
                0x0000447e        0x4 .build/obj_ut472_th3v3gas/lufa.o
                0x0000447e                EVENT_USB_Device_WakeUp
 .text.EVENT_USB_Device_ConfigurationChanged
                0x00004482       0x14 .build/obj_ut472_th3v3gas/lufa.o
                0x00004482                EVENT_USB_Device_ConfigurationChanged
 .text.EVENT_USB_Device_ControlRequest
                0x00004496      0x16a .build/obj_ut472_th3v3gas/lufa.o
                0x00004496                EVENT_USB_Device_ControlRequest
 .text.startup.main
                0x00004600       0x7e .build/obj_ut472_th3v3gas/lufa.o
                0x00004600                main
 .text.CALLBACK_USB_GetDescriptor
                0x0000467e        0x4 .build/obj_ut472_th3v3gas/lufa.o
                0x0000467e                CALLBACK_USB_GetDescriptor
 .text.get_usb_descriptor
                0x00004682       0xbc .build/obj_ut472_th3v3gas/usb_descriptor.o
                0x00004682                get_usb_descriptor
 .text.auto_detect_output
                0x0000473e       0x10 .build/obj_ut472_th3v3gas/outputselect.o
                0x0000473e                auto_detect_output
 .text.where_to_send
                0x0000474e        0xe .build/obj_ut472_th3v3gas/outputselect.o
                0x0000474e                where_to_send
 .text.USB_Device_SendRemoteWakeup
                0x0000475c       0x2c .build/obj_ut472_th3v3gas/lib/lufa/LUFA/Drivers/USB/Core/AVR8/Device_AVR8.o
                0x0000475c                USB_Device_SendRemoteWakeup
 .text.Endpoint_Write_Stream_LE
                0x00004788       0x9e .build/obj_ut472_th3v3gas/lib/lufa/LUFA/Drivers/USB/Core/AVR8/EndpointStream_AVR8.o
                0x00004788                Endpoint_Write_Stream_LE
 .text.Endpoint_Write_Control_Stream_LE
                0x00004826       0xb8 .build/obj_ut472_th3v3gas/lib/lufa/LUFA/Drivers/USB/Core/AVR8/EndpointStream_AVR8.o
                0x00004826                Endpoint_Write_Control_Stream_LE
 .text.Endpoint_Write_Control_PStream_LE
                0x000048de       0xba .build/obj_ut472_th3v3gas/lib/lufa/LUFA/Drivers/USB/Core/AVR8/EndpointStream_AVR8.o
                0x000048de                Endpoint_Write_Control_PStream_LE
 .text.Endpoint_ConfigureEndpoint_Prv
                0x00004998       0x68 .build/obj_ut472_th3v3gas/lib/lufa/LUFA/Drivers/USB/Core/AVR8/Endpoint_AVR8.o
                0x00004998                Endpoint_ConfigureEndpoint_Prv
 .text.Endpoint_ClearStatusStage
                0x00004a00       0x3e .build/obj_ut472_th3v3gas/lib/lufa/LUFA/Drivers/USB/Core/AVR8/Endpoint_AVR8.o
                0x00004a00                Endpoint_ClearStatusStage
 .text.Endpoint_WaitUntilReady
                0x00004a3e       0x62 .build/obj_ut472_th3v3gas/lib/lufa/LUFA/Drivers/USB/Core/AVR8/Endpoint_AVR8.o
                0x00004a3e                Endpoint_WaitUntilReady
 .text.USB_Disable
                0x00004aa0       0x2e .build/obj_ut472_th3v3gas/lib/lufa/LUFA/Drivers/USB/Core/AVR8/USBController_AVR8.o
                0x00004aa0                USB_Disable
 .text.USB_ResetInterface
                0x00004ace       0x78 .build/obj_ut472_th3v3gas/lib/lufa/LUFA/Drivers/USB/Core/AVR8/USBController_AVR8.o
                0x00004ace                USB_ResetInterface
 .text.USB_Init
                0x00004b46       0x14 .build/obj_ut472_th3v3gas/lib/lufa/LUFA/Drivers/USB/Core/AVR8/USBController_AVR8.o
                0x00004b46                USB_Init
 .text.USB_INT_DisableAllInterrupts
                0x00004b5a        0x6 .build/obj_ut472_th3v3gas/lib/lufa/LUFA/Drivers/USB/Core/AVR8/USBInterrupt_AVR8.o
                0x00004b5a                USB_INT_DisableAllInterrupts
 .text.USB_INT_ClearAllInterrupts
                0x00004b60        0x6 .build/obj_ut472_th3v3gas/lib/lufa/LUFA/Drivers/USB/Core/AVR8/USBInterrupt_AVR8.o
                0x00004b60                USB_INT_ClearAllInterrupts
 .text.__vector_11
                0x00004b66      0x162 .build/obj_ut472_th3v3gas/lib/lufa/LUFA/Drivers/USB/Core/AVR8/USBInterrupt_AVR8.o
                0x00004b66                __vector_11
 .text.__vector_12
                0x00004cc8       0x88 .build/obj_ut472_th3v3gas/lib/lufa/LUFA/Drivers/USB/Core/AVR8/USBInterrupt_AVR8.o
                0x00004cc8                __vector_12
 .text.USB_Device_ProcessControlRequest
                0x00004d50      0x2a4 .build/obj_ut472_th3v3gas/lib/lufa/LUFA/Drivers/USB/Core/DeviceStandardReq.o
                0x00004d50                USB_Device_ProcessControlRequest
 .text.USB_Event_Stub
                0x00004ff4        0x2 .build/obj_ut472_th3v3gas/lib/lufa/LUFA/Drivers/USB/Core/Events.o
                0x00004ff4                EVENT_USB_Device_StartOfFrame
                0x00004ff4                USB_Event_Stub
 .text.USB_USBTask
                0x00004ff6       0x36 .build/obj_ut472_th3v3gas/lib/lufa/LUFA/Drivers/USB/Core/USBTask.o
                0x00004ff6                USB_USBTask
 .text.libgcc.mul
                0x0000502c       0x12 c:/users/nonej/documents/keyboard/msys64/home/nonej/qmk_utils/avr8-gnu-toolchain/bin/../lib/gcc/avr/8.3.0/avr35\libgcc.a(_mulqi3.o)
                0x0000502c                __mulqi3
 .text.libgcc.mul
                0x0000503e       0x22 c:/users/nonej/documents/keyboard/msys64/home/nonej/qmk_utils/avr8-gnu-toolchain/bin/../lib/gcc/avr/8.3.0/avr35\libgcc.a(_mulhi3.o)
                0x0000503e                __mulhi3
 .text.libgcc.div
                0x00005060       0x28 c:/users/nonej/documents/keyboard/msys64/home/nonej/qmk_utils/avr8-gnu-toolchain/bin/../lib/gcc/avr/8.3.0/avr35\libgcc.a(_udivmodhi4.o)
                0x00005060                __udivmodhi4
 .text.libgcc.div
                0x00005088       0x28 c:/users/nonej/documents/keyboard/msys64/home/nonej/qmk_utils/avr8-gnu-toolchain/bin/../lib/gcc/avr/8.3.0/avr35\libgcc.a(_divmodhi4.o)
                0x00005088                _div
                0x00005088                __divmodhi4
 .text.libgcc   0x000050b0        0xc c:/users/nonej/documents/keyboard/msys64/home/nonej/qmk_utils/avr8-gnu-toolchain/bin/../lib/gcc/avr/8.3.0/avr35\libgcc.a(_tablejump2.o)
                0x000050b0                __tablejump2__
 .text.avr-libc
                0x000050bc       0x1a c:/users/nonej/documents/keyboard/msys64/home/nonej/qmk_utils/avr8-gnu-toolchain/bin/../lib/gcc/avr/8.3.0/../../../../avr/lib/avr35\libc.a(memchr.o)
                0x000050bc                memchr
 .text.avr-libc
                0x000050d6       0x10 c:/users/nonej/documents/keyboard/msys64/home/nonej/qmk_utils/avr8-gnu-toolchain/bin/../lib/gcc/avr/8.3.0/../../../../avr/lib/avr35\libatmega32u2.a(eerd_byte.o)
                0x000050d6                eeprom_read_byte
 .text.avr-libc
                0x000050e6        0xc c:/users/nonej/documents/keyboard/msys64/home/nonej/qmk_utils/avr8-gnu-toolchain/bin/../lib/gcc/avr/8.3.0/../../../../avr/lib/avr35\libatmega32u2.a(eerd_dword.o)
                0x000050e6                eeprom_read_float
                0x000050e6                eeprom_read_dword
 .text.avr-libc
                0x000050f2        0xc c:/users/nonej/documents/keyboard/msys64/home/nonej/qmk_utils/avr8-gnu-toolchain/bin/../lib/gcc/avr/8.3.0/../../../../avr/lib/avr35\libatmega32u2.a(eerd_word.o)
                0x000050f2                eeprom_read_word
 .text.avr-libc
                0x000050fe       0x24 c:/users/nonej/documents/keyboard/msys64/home/nonej/qmk_utils/avr8-gnu-toolchain/bin/../lib/gcc/avr/8.3.0/../../../../avr/lib/avr35\libatmega32u2.a(eeupd_byte.o)
                0x000050fe                eeprom_update_byte
                0x00005100                eeprom_update_r18
 .text.avr-libc
                0x00005122       0x18 c:/users/nonej/documents/keyboard/msys64/home/nonej/qmk_utils/avr8-gnu-toolchain/bin/../lib/gcc/avr/8.3.0/../../../../avr/lib/avr35\libatmega32u2.a(eeupd_dword.o)
                0x00005122                eeprom_update_float
                0x00005122                eeprom_update_dword
 .text.avr-libc
                0x0000513a        0xc c:/users/nonej/documents/keyboard/msys64/home/nonej/qmk_utils/avr8-gnu-toolchain/bin/../lib/gcc/avr/8.3.0/../../../../avr/lib/avr35\libatmega32u2.a(eeupd_word.o)
                0x0000513a                eeprom_update_word
 .text.avr-libc
                0x00005146       0x20 c:/users/nonej/documents/keyboard/msys64/home/nonej/qmk_utils/avr8-gnu-toolchain/bin/../lib/gcc/avr/8.3.0/../../../../avr/lib/avr35\libatmega32u2.a(eerd_block.o)
                0x00005146                eeprom_read_block
                0x0000514a                eeprom_read_blraw
                0x00005166                . = ALIGN (0x2)
 *(.fini9)
 .fini9         0x00005166        0x0 c:/users/nonej/documents/keyboard/msys64/home/nonej/qmk_utils/avr8-gnu-toolchain/bin/../lib/gcc/avr/8.3.0/avr35\libgcc.a(_exit.o)
                0x00005166                _exit
                0x00005166                exit
 *(.fini9)
 *(.fini8)
 *(.fini8)
 *(.fini7)
 *(.fini7)
 *(.fini6)
 *(.fini6)
 *(.fini5)
 *(.fini5)
 *(.fini4)
 *(.fini4)
 *(.fini3)
 *(.fini3)
 *(.fini2)
 *(.fini2)
 *(.fini1)
 *(.fini1)
 *(.fini0)
 .fini0         0x00005166        0x4 c:/users/nonej/documents/keyboard/msys64/home/nonej/qmk_utils/avr8-gnu-toolchain/bin/../lib/gcc/avr/8.3.0/avr35\libgcc.a(_exit.o)
 *(.fini0)
 *(.hightext)
 *(.hightext*)
 *(.progmemx.*)
                0x0000516a                . = ALIGN (0x2)
 *(.jumptables)
 *(.jumptables*)
 .jumptables.gcc.process_rgb
                0x0000516a       0x28 .build/obj_ut472_th3v3gas/quantum/process_keycode/process_rgb.o
 .jumptables.gcc.process_action
                0x00005192       0x20 .build/obj_ut472_th3v3gas/common/action.o
 .jumptables.gcc.is_tap_action
                0x000051b2       0x1c .build/obj_ut472_th3v3gas/common/action.o
 .jumptables.gcc.USB_Device_ProcessControlRequest
                0x000051ce       0x14 .build/obj_ut472_th3v3gas/lib/lufa/LUFA/Drivers/USB/Core/DeviceStandardReq.o
                0x000051e2                _etext = .

.data           0x00800100      0x160 load address 0x000051e2
                0x00800100                PROVIDE (__data_start = .)
 *(.data)
 *(.data*)
 .data.old_layer.6401
                0x00800100        0x1 .build/obj_ut472_th3v3gas/keyboards/ut472/keymaps/th3v3gas/keymap.o
 .data.key_combos
                0x00800101        0xa .build/obj_ut472_th3v3gas/keyboards/ut472/keymaps/th3v3gas/keymap.o
                0x00800101                key_combos
 .data.tap_dance_actions
                0x0080010b       0xb0 .build/obj_ut472_th3v3gas/keyboards/ut472/keymaps/th3v3gas/keymap.o
                0x0080010b                tap_dance_actions
 .data.__compound_literal.2
                0x008001bb        0x4 .build/obj_ut472_th3v3gas/keyboards/ut472/keymaps/th3v3gas/keymap.o
 .data.__compound_literal.1
                0x008001bf        0x4 .build/obj_ut472_th3v3gas/keyboards/ut472/keymaps/th3v3gas/keymap.o
 .data.__compound_literal.0
                0x008001c3        0x4 .build/obj_ut472_th3v3gas/keyboards/ut472/keymaps/th3v3gas/keymap.o
 .data.b_combo_enable
                0x008001c7        0x1 .build/obj_ut472_th3v3gas/quantum/process_keycode/process_combo.o
 .data.increment.3153
                0x008001c8        0x1 .build/obj_ut472_th3v3gas/quantum/rgblight.o
 .data.high_bound.3152
                0x008001c9        0x1 .build/obj_ut472_th3v3gas/quantum/rgblight.o
 .data.effect_num_leds
                0x008001ca        0x1 .build/obj_ut472_th3v3gas/quantum/rgblight.o
 .data.effect_end_pos
                0x008001cb        0x1 .build/obj_ut472_th3v3gas/quantum/rgblight.o
 .data.clipping_num_leds
                0x008001cc        0x1 .build/obj_ut472_th3v3gas/quantum/rgblight.o
 .data.static_effect_table
                0x008001cd        0x1 .build/obj_ut472_th3v3gas/quantum/rgblight.o
 .data.highest_td
                0x008001ce        0x1 .build/obj_ut472_th3v3gas/quantum/process_keycode/process_tap_dance.o
 .data.keyboard_report
                0x008001cf        0x2 .build/obj_ut472_th3v3gas/common/action_util.o
                0x008001cf                keyboard_report
 .data.lufa_driver
                0x008001d1        0xa .build/obj_ut472_th3v3gas/lufa.o
                0x008001d1                lufa_driver
 .data.keyboard_protocol
                0x008001db        0x1 .build/obj_ut472_th3v3gas/lufa.o
                0x008001db                keyboard_protocol
 *(.gnu.linkonce.d*)
 *(.rodata)
 *(.rodata*)
 .rodata.process_record_user.str1.1
                0x008001dc        0xc .build/obj_ut472_th3v3gas/keyboards/ut472/keymaps/th3v3gas/keymap.o
 .rodata.CSWTCH.1
                0x008001e8       0x2e .build/obj_ut472_th3v3gas/quantum/keymap_common.o
 .rodata.CSWTCH.0
                0x00800216        0x3 .build/obj_ut472_th3v3gas/quantum/keymap_common.o
 .rodata.col_pins
                0x00800219        0xc .build/obj_ut472_th3v3gas/quantum/matrix.o
 .rodata.row_pins
                0x00800225        0x4 .build/obj_ut472_th3v3gas/quantum/matrix.o
 .rodata.mode_base_table
                0x00800229        0x5 .build/obj_ut472_th3v3gas/quantum/rgblight.o
 .rodata.CSWTCH.10
                0x0080022e       0x2e .build/obj_ut472_th3v3gas/common/action.o
 .rodata.CSWTCH.9
                0x0080025c        0x3 .build/obj_ut472_th3v3gas/common/action.o
 *(.gnu.linkonce.r*)
                0x00800260                . = ALIGN (0x2)
 *fill*         0x0080025f        0x1 
                0x00800260                _edata = .
                0x00800260                PROVIDE (__data_end = .)

.bss            0x00800260      0x126
                0x00800260                PROVIDE (__bss_start = .)
 *(.bss)
 *(.bss*)
 .bss.td_state  0x00800260        0x1 .build/obj_ut472_th3v3gas/keyboards/ut472/keymaps/th3v3gas/keymap.o
 .bss.debouncing_time
                0x00800261        0x2 .build/obj_ut472_th3v3gas/quantum/debounce/sym_g.o
 .bss.debouncing
                0x00800263        0x1 .build/obj_ut472_th3v3gas/quantum/debounce/sym_g.o
 .bss.key_buffer
                0x00800264       0x10 .build/obj_ut472_th3v3gas/quantum/process_keycode/process_combo.o
 .bss.buffer_size
                0x00800274        0x1 .build/obj_ut472_th3v3gas/quantum/process_keycode/process_combo.o
 .bss.is_active
                0x00800275        0x1 .build/obj_ut472_th3v3gas/quantum/process_keycode/process_combo.o
 .bss.drop_buffer
                0x00800276        0x1 .build/obj_ut472_th3v3gas/quantum/process_keycode/process_combo.o
 .bss.current_combo_index
                0x00800277        0x1 .build/obj_ut472_th3v3gas/quantum/process_keycode/process_combo.o
 .bss.timer     0x00800278        0x2 .build/obj_ut472_th3v3gas/quantum/process_keycode/process_combo.o
 .bss.low_bound.3151
                0x0080027a        0x1 .build/obj_ut472_th3v3gas/quantum/rgblight.o
 .bss.effect_start_pos
                0x0080027b        0x1 .build/obj_ut472_th3v3gas/quantum/rgblight.o
 .bss.clipping_start_pos
                0x0080027c        0x1 .build/obj_ut472_th3v3gas/quantum/rgblight.o
 .bss.animation_status
                0x0080027d        0x6 .build/obj_ut472_th3v3gas/quantum/rgblight.o
                0x0080027d                animation_status
 .bss.is_rgblight_initialized
                0x00800283        0x1 .build/obj_ut472_th3v3gas/quantum/rgblight.o
                0x00800283                is_rgblight_initialized
 .bss.rgblight_status
                0x00800284        0x2 .build/obj_ut472_th3v3gas/quantum/rgblight.o
                0x00800284                rgblight_status
 .bss.last_td   0x00800286        0x2 .build/obj_ut472_th3v3gas/quantum/process_keycode/process_tap_dance.o
 .bss.sc_timer  0x00800288        0x2 .build/obj_ut472_th3v3gas/quantum/process_keycode/process_space_cadet.o
 .bss.sc_last   0x0080028a        0x1 .build/obj_ut472_th3v3gas/quantum/process_keycode/process_space_cadet.o
 .bss.grave_esc_was_shifted
                0x0080028b        0x1 .build/obj_ut472_th3v3gas/quantum/process_keycode/process_grave_esc.o
 .bss.last_consumer_report
                0x0080028c        0x2 .build/obj_ut472_th3v3gas/common/host.o
 .bss.last_system_report
                0x0080028e        0x2 .build/obj_ut472_th3v3gas/common/host.o
 .bss.driver    0x00800290        0x2 .build/obj_ut472_th3v3gas/common/host.o
 .bss.led_status.5818
                0x00800292        0x1 .build/obj_ut472_th3v3gas/common/keyboard.o
 .bss.matrix_prev.5817
                0x00800293        0x8 .build/obj_ut472_th3v3gas/common/keyboard.o
 .bss.disable_action_cache
                0x0080029b        0x1 .build/obj_ut472_th3v3gas/common/action.o
                0x0080029b                disable_action_cache
 .bss.waiting_buffer_tail
                0x0080029c        0x1 .build/obj_ut472_th3v3gas/common/action_tapping.o
 .bss.waiting_buffer_head
                0x0080029d        0x1 .build/obj_ut472_th3v3gas/common/action_tapping.o
 .bss.waiting_buffer
                0x0080029e       0x30 .build/obj_ut472_th3v3gas/common/action_tapping.o
 .bss.tapping_key
                0x008002ce        0x6 .build/obj_ut472_th3v3gas/common/action_tapping.o
 .bss.source_layers_cache
                0x008002d4       0x1e .build/obj_ut472_th3v3gas/common/action_layer.o
                0x008002d4                source_layers_cache
 .bss.layer_state
                0x008002f2        0x4 .build/obj_ut472_th3v3gas/common/action_layer.o
                0x008002f2                layer_state
 .bss.default_layer_state
                0x008002f6        0x4 .build/obj_ut472_th3v3gas/common/action_layer.o
                0x008002f6                default_layer_state
 .bss.oneshot_layer_data
                0x008002fa        0x1 .build/obj_ut472_th3v3gas/common/action_util.o
 .bss.oneshot_mods
                0x008002fb        0x1 .build/obj_ut472_th3v3gas/common/action_util.o
 .bss.__compound_literal.0
                0x008002fc       0x20 .build/obj_ut472_th3v3gas/common/action_util.o
 .bss.macro_mods
                0x0080031c        0x1 .build/obj_ut472_th3v3gas/common/action_util.o
 .bss.weak_mods
                0x0080031d        0x1 .build/obj_ut472_th3v3gas/common/action_util.o
 .bss.real_mods
                0x0080031e        0x1 .build/obj_ut472_th3v3gas/common/action_util.o
 .bss.debug_config
                0x0080031f        0x1 .build/obj_ut472_th3v3gas/common/debug.o
                0x0080031f                debug_config
 .bss.wdt_timeout
                0x00800320        0x1 .build/obj_ut472_th3v3gas/common/avr/suspend.o
 .bss.is_suspended
                0x00800321        0x1 .build/obj_ut472_th3v3gas/common/avr/suspend.o
 .bss.rgblight_enabled
                0x00800322        0x1 .build/obj_ut472_th3v3gas/common/avr/suspend.o
 .bss.keyboard_report_sent
                0x00800323       0x20 .build/obj_ut472_th3v3gas/lufa.o
 .bss.keyboard_led_stats
                0x00800343        0x1 .build/obj_ut472_th3v3gas/lufa.o
 .bss.keyboard_idle
                0x00800344        0x1 .build/obj_ut472_th3v3gas/lufa.o
                0x00800344                keyboard_idle
 .bss.desired_output
                0x00800345        0x1 .build/obj_ut472_th3v3gas/outputselect.o
                0x00800345                desired_output
 *(COMMON)
 COMMON         0x00800346       0x10 .build/obj_ut472_th3v3gas/quantum/matrix_common.o
                0x00800346                raw_matrix
                0x0080034e                matrix
 COMMON         0x00800356       0x1d .build/obj_ut472_th3v3gas/quantum/rgblight.o
                0x00800356                rgblight_config
                0x0080035b                led
 COMMON         0x00800373        0x4 .build/obj_ut472_th3v3gas/common/avr/timer.o
                0x00800373                timer_count
 COMMON         0x00800377        0x2 .build/obj_ut472_th3v3gas/common/bootmagic.o
                0x00800377                keymap_config
 COMMON         0x00800379        0x3 .build/obj_ut472_th3v3gas/lib/lufa/LUFA/Drivers/USB/Core/DeviceStandardReq.o
                0x00800379                USB_Device_ConfigurationNumber
                0x0080037a                USB_Device_CurrentlySelfPowered
                0x0080037b                USB_Device_RemoteWakeupEnabled
 COMMON         0x0080037c        0xa .build/obj_ut472_th3v3gas/lib/lufa/LUFA/Drivers/USB/Core/USBTask.o
                0x0080037c                USB_IsInitialized
                0x0080037d                USB_DeviceState
                0x0080037e                USB_ControlRequest
                0x00800386                PROVIDE (__bss_end = .)
                0x000051e2                __data_load_start = LOADADDR (.data)
                0x00005342                __data_load_end = (__data_load_start + SIZEOF (.data))

.noinit         0x00800386        0x4
                [!provide]                PROVIDE (__noinit_start = .)
 *(.noinit*)
 .noinit        0x00800386        0x4 .build/obj_ut472_th3v3gas/common/avr/bootloader.o
                0x00800386                reset_key
                [!provide]                PROVIDE (__noinit_end = .)
                0x0080038a                _end = .
                [!provide]                PROVIDE (__heap_start = .)

.eeprom         0x00810000        0x0
 *(.eeprom*)
                0x00810000                __eeprom_end = .

.fuse
 *(.fuse)
 *(.lfuse)
 *(.hfuse)
 *(.efuse)

.lock
 *(.lock*)

.signature
 *(.signature*)

.stab
 *(.stab)

.stabstr        0x00000000       0x95
 *(.stabstr)
 .stabstr       0x00000000       0x95 .build/obj_ut472_th3v3gas/common/avr/xprintf.o

.stab.excl
 *(.stab.excl)

.stab.exclstr
 *(.stab.exclstr)

.stab.index
 *(.stab.index)

.stab.indexstr
 *(.stab.indexstr)

.comment        0x00000000       0x11
 *(.comment)
 .comment       0x00000000       0x11 .build/obj_ut472_th3v3gas/keyboards/ut472/ut472.o
                                 0x12 (size before relaxing)
 .comment       0x00000011       0x12 .build/obj_ut472_th3v3gas/keyboards/ut472/keymaps/th3v3gas/keymap.o
 .comment       0x00000011       0x12 .build/obj_ut472_th3v3gas/quantum/quantum.o
 .comment       0x00000011       0x12 .build/obj_ut472_th3v3gas/quantum/keymap_common.o
 .comment       0x00000011       0x12 .build/obj_ut472_th3v3gas/quantum/keycode_config.o
 .comment       0x00000011       0x12 .build/obj_ut472_th3v3gas/quantum/matrix_common.o
 .comment       0x00000011       0x12 .build/obj_ut472_th3v3gas/quantum/matrix.o
 .comment       0x00000011       0x12 .build/obj_ut472_th3v3gas/quantum/debounce/sym_g.o
 .comment       0x00000011       0x12 .build/obj_ut472_th3v3gas/quantum/process_keycode/process_combo.o
 .comment       0x00000011       0x12 .build/obj_ut472_th3v3gas/quantum/color.o
 .comment       0x00000011       0x12 .build/obj_ut472_th3v3gas/quantum/rgblight.o
 .comment       0x00000011       0x12 .build/obj_ut472_th3v3gas/quantum/process_keycode/process_rgb.o
 .comment       0x00000011       0x12 .build/obj_ut472_th3v3gas/quantum/process_keycode/process_tap_dance.o
 .comment       0x00000011       0x12 .build/obj_ut472_th3v3gas/ws2812.o
 .comment       0x00000011       0x12 .build/obj_ut472_th3v3gas/quantum/led_tables.o
 .comment       0x00000011       0x12 .build/obj_ut472_th3v3gas/quantum/process_keycode/process_space_cadet.o
 .comment       0x00000011       0x12 .build/obj_ut472_th3v3gas/quantum/process_keycode/process_magic.o
 .comment       0x00000011       0x12 .build/obj_ut472_th3v3gas/quantum/process_keycode/process_grave_esc.o
 .comment       0x00000011       0x12 .build/obj_ut472_th3v3gas/common/host.o
 .comment       0x00000011       0x12 .build/obj_ut472_th3v3gas/common/keyboard.o
 .comment       0x00000011       0x12 .build/obj_ut472_th3v3gas/common/action.o
 .comment       0x00000011       0x12 .build/obj_ut472_th3v3gas/common/action_tapping.o
 .comment       0x00000011       0x12 .build/obj_ut472_th3v3gas/common/action_macro.o
 .comment       0x00000011       0x12 .build/obj_ut472_th3v3gas/common/action_layer.o
 .comment       0x00000011       0x12 .build/obj_ut472_th3v3gas/common/action_util.o
 .comment       0x00000011       0x12 .build/obj_ut472_th3v3gas/common/debug.o
 .comment       0x00000011       0x12 .build/obj_ut472_th3v3gas/common/util.o
 .comment       0x00000011       0x12 .build/obj_ut472_th3v3gas/common/eeconfig.o
 .comment       0x00000011       0x12 .build/obj_ut472_th3v3gas/common/report.o
 .comment       0x00000011       0x12 .build/obj_ut472_th3v3gas/common/avr/suspend.o
 .comment       0x00000011       0x12 .build/obj_ut472_th3v3gas/common/avr/timer.o
 .comment       0x00000011       0x12 .build/obj_ut472_th3v3gas/common/avr/bootloader.o
 .comment       0x00000011       0x12 .build/obj_ut472_th3v3gas/common/bootmagic.o
 .comment       0x00000011       0x12 .build/obj_ut472_th3v3gas/lufa.o
 .comment       0x00000011       0x12 .build/obj_ut472_th3v3gas/usb_descriptor.o
 .comment       0x00000011       0x12 .build/obj_ut472_th3v3gas/outputselect.o
 .comment       0x00000011       0x12 .build/obj_ut472_th3v3gas/lib/lufa/LUFA/Drivers/USB/Core/AVR8/Device_AVR8.o
 .comment       0x00000011       0x12 .build/obj_ut472_th3v3gas/lib/lufa/LUFA/Drivers/USB/Core/AVR8/EndpointStream_AVR8.o
 .comment       0x00000011       0x12 .build/obj_ut472_th3v3gas/lib/lufa/LUFA/Drivers/USB/Core/AVR8/Endpoint_AVR8.o
 .comment       0x00000011       0x12 .build/obj_ut472_th3v3gas/lib/lufa/LUFA/Drivers/USB/Core/AVR8/USBController_AVR8.o
 .comment       0x00000011       0x12 .build/obj_ut472_th3v3gas/lib/lufa/LUFA/Drivers/USB/Core/AVR8/USBInterrupt_AVR8.o
 .comment       0x00000011       0x12 .build/obj_ut472_th3v3gas/lib/lufa/LUFA/Drivers/USB/Core/DeviceStandardReq.o
 .comment       0x00000011       0x12 .build/obj_ut472_th3v3gas/lib/lufa/LUFA/Drivers/USB/Core/Events.o
 .comment       0x00000011       0x12 .build/obj_ut472_th3v3gas/lib/lufa/LUFA/Drivers/USB/Core/USBTask.o

.note.gnu.avr.deviceinfo
                0x00000000       0x40
 .note.gnu.avr.deviceinfo
                0x00000000       0x40 c:/users/nonej/documents/keyboard/msys64/home/nonej/qmk_utils/avr8-gnu-toolchain/bin/../lib/gcc/avr/8.3.0/../../../../avr/lib/avr35/crtatmega32u2.o

.note.gnu.build-id
 *(.note.gnu.build-id)

.debug
 *(.debug)

.line
 *(.line)

.debug_srcinfo
 *(.debug_srcinfo)

.debug_sfnames
 *(.debug_sfnames)

.debug_aranges  0x00000000     0x1248
 *(.debug_aranges)
 .debug_aranges
                0x00000000       0x28 .build/obj_ut472_th3v3gas/keyboards/ut472/ut472.o
 .debug_aranges
                0x00000028       0x90 .build/obj_ut472_th3v3gas/keyboards/ut472/keymaps/th3v3gas/keymap.o
 .debug_aranges
                0x000000b8      0x130 .build/obj_ut472_th3v3gas/quantum/quantum.o
 .debug_aranges
                0x000001e8       0x40 .build/obj_ut472_th3v3gas/quantum/keymap_common.o
 .debug_aranges
                0x00000228       0x28 .build/obj_ut472_th3v3gas/quantum/keycode_config.o
 .debug_aranges
                0x00000250       0x88 .build/obj_ut472_th3v3gas/quantum/matrix_common.o
 .debug_aranges
                0x000002d8       0x28 .build/obj_ut472_th3v3gas/quantum/matrix.o
 .debug_aranges
                0x00000300       0x30 .build/obj_ut472_th3v3gas/quantum/debounce/sym_g.o
 .debug_aranges
                0x00000330       0x58 .build/obj_ut472_th3v3gas/quantum/process_keycode/process_combo.o
 .debug_aranges
                0x00000388       0x20 .build/obj_ut472_th3v3gas/quantum/color.o
 .debug_aranges
                0x000003a8      0x298 .build/obj_ut472_th3v3gas/quantum/rgblight.o
 .debug_aranges
                0x00000640       0x38 .build/obj_ut472_th3v3gas/quantum/process_keycode/process_rgb.o
 .debug_aranges
                0x00000678       0x70 .build/obj_ut472_th3v3gas/quantum/process_keycode/process_tap_dance.o
 .debug_aranges
                0x000006e8       0x38 .build/obj_ut472_th3v3gas/ws2812.o
 .debug_aranges
                0x00000720       0x18 .build/obj_ut472_th3v3gas/quantum/led_tables.o
 .debug_aranges
                0x00000738       0x28 .build/obj_ut472_th3v3gas/quantum/process_keycode/process_space_cadet.o
 .debug_aranges
                0x00000760       0x20 .build/obj_ut472_th3v3gas/quantum/process_keycode/process_magic.o
 .debug_aranges
                0x00000780       0x20 .build/obj_ut472_th3v3gas/quantum/process_keycode/process_grave_esc.o
 .debug_aranges
                0x000007a0       0x68 .build/obj_ut472_th3v3gas/common/host.o
 .debug_aranges
                0x00000808       0x60 .build/obj_ut472_th3v3gas/common/keyboard.o
 .debug_aranges
                0x00000868       0xc0 .build/obj_ut472_th3v3gas/common/action.o
 .debug_aranges
                0x00000928       0x48 .build/obj_ut472_th3v3gas/common/action_tapping.o
 .debug_aranges
                0x00000970       0x20 .build/obj_ut472_th3v3gas/common/action_macro.o
 .debug_aranges
                0x00000990       0xe0 .build/obj_ut472_th3v3gas/common/action_layer.o
 .debug_aranges
                0x00000a70      0x140 .build/obj_ut472_th3v3gas/common/action_util.o
 .debug_aranges
                0x00000bb0       0x18 .build/obj_ut472_th3v3gas/common/debug.o
 .debug_aranges
                0x00000bc8       0x60 .build/obj_ut472_th3v3gas/common/util.o
 .debug_aranges
                0x00000c28       0xe8 .build/obj_ut472_th3v3gas/common/eeconfig.o
 .debug_aranges
                0x00000d10       0x60 .build/obj_ut472_th3v3gas/common/report.o
 .debug_aranges
                0x00000d70       0x58 .build/obj_ut472_th3v3gas/common/avr/suspend.o
 .debug_aranges
                0x00000dc8       0x50 .build/obj_ut472_th3v3gas/common/avr/timer.o
 .debug_aranges
                0x00000e18       0x28 .build/obj_ut472_th3v3gas/common/avr/bootloader.o
 .debug_aranges
                0x00000e40       0x30 .build/obj_ut472_th3v3gas/common/bootmagic.o
 .debug_aranges
                0x00000e70       0x80 .build/obj_ut472_th3v3gas/lufa.o
 .debug_aranges
                0x00000ef0       0x20 .build/obj_ut472_th3v3gas/usb_descriptor.o
 .debug_aranges
                0x00000f10       0x38 .build/obj_ut472_th3v3gas/outputselect.o
 .debug_aranges
                0x00000f48       0x20 .build/obj_ut472_th3v3gas/lib/lufa/LUFA/Drivers/USB/Core/AVR8/Device_AVR8.o
 .debug_aranges
                0x00000f68       0xc8 .build/obj_ut472_th3v3gas/lib/lufa/LUFA/Drivers/USB/Core/AVR8/EndpointStream_AVR8.o
 .debug_aranges
                0x00001030       0x40 .build/obj_ut472_th3v3gas/lib/lufa/LUFA/Drivers/USB/Core/AVR8/Endpoint_AVR8.o
 .debug_aranges
                0x00001070       0x30 .build/obj_ut472_th3v3gas/lib/lufa/LUFA/Drivers/USB/Core/AVR8/USBController_AVR8.o
 .debug_aranges
                0x000010a0       0x38 .build/obj_ut472_th3v3gas/lib/lufa/LUFA/Drivers/USB/Core/AVR8/USBInterrupt_AVR8.o
 .debug_aranges
                0x000010d8       0x20 .build/obj_ut472_th3v3gas/lib/lufa/LUFA/Drivers/USB/Core/DeviceStandardReq.o
 .debug_aranges
                0x000010f8       0x30 .build/obj_ut472_th3v3gas/lib/lufa/LUFA/Drivers/USB/Core/Events.o
 .debug_aranges
                0x00001128       0x20 .build/obj_ut472_th3v3gas/lib/lufa/LUFA/Drivers/USB/Core/USBTask.o
 .debug_aranges
                0x00001148       0x20 c:/users/nonej/documents/keyboard/msys64/home/nonej/qmk_utils/avr8-gnu-toolchain/bin/../lib/gcc/avr/8.3.0/avr35\libgcc.a(_mulqi3.o)
 .debug_aranges
                0x00001168       0x20 c:/users/nonej/documents/keyboard/msys64/home/nonej/qmk_utils/avr8-gnu-toolchain/bin/../lib/gcc/avr/8.3.0/avr35\libgcc.a(_mulhi3.o)
 .debug_aranges
                0x00001188       0x20 c:/users/nonej/documents/keyboard/msys64/home/nonej/qmk_utils/avr8-gnu-toolchain/bin/../lib/gcc/avr/8.3.0/avr35\libgcc.a(_udivmodhi4.o)
 .debug_aranges
                0x000011a8       0x20 c:/users/nonej/documents/keyboard/msys64/home/nonej/qmk_utils/avr8-gnu-toolchain/bin/../lib/gcc/avr/8.3.0/avr35\libgcc.a(_divmodhi4.o)
 .debug_aranges
                0x000011c8       0x20 c:/users/nonej/documents/keyboard/msys64/home/nonej/qmk_utils/avr8-gnu-toolchain/bin/../lib/gcc/avr/8.3.0/avr35\libgcc.a(_exit.o)
 .debug_aranges
                0x000011e8       0x20 c:/users/nonej/documents/keyboard/msys64/home/nonej/qmk_utils/avr8-gnu-toolchain/bin/../lib/gcc/avr/8.3.0/avr35\libgcc.a(_tablejump2.o)
 .debug_aranges
                0x00001208       0x20 c:/users/nonej/documents/keyboard/msys64/home/nonej/qmk_utils/avr8-gnu-toolchain/bin/../lib/gcc/avr/8.3.0/avr35\libgcc.a(_copy_data.o)
 .debug_aranges
                0x00001228       0x20 c:/users/nonej/documents/keyboard/msys64/home/nonej/qmk_utils/avr8-gnu-toolchain/bin/../lib/gcc/avr/8.3.0/avr35\libgcc.a(_clear_bss.o)

.debug_pubnames
 *(.debug_pubnames)

.debug_info     0x00000000    0x27268
 *(.debug_info .gnu.linkonce.wi.*)
 .debug_info    0x00000000      0x6ba c:/users/nonej/documents/keyboard/msys64/home/nonej/qmk_utils/avr8-gnu-toolchain/bin/../lib/gcc/avr/8.3.0/../../../../avr/lib/avr35/crtatmega32u2.o
 .debug_info    0x000006ba      0x988 .build/obj_ut472_th3v3gas/keyboards/ut472/ut472.o
 .debug_info    0x00001042     0x2317 .build/obj_ut472_th3v3gas/keyboards/ut472/keymaps/th3v3gas/keymap.o
 .debug_info    0x00003359     0x2c84 .build/obj_ut472_th3v3gas/quantum/quantum.o
 .debug_info    0x00005fdd     0x215a .build/obj_ut472_th3v3gas/quantum/keymap_common.o
 .debug_info    0x00008137      0x63c .build/obj_ut472_th3v3gas/quantum/keycode_config.o
 .debug_info    0x00008773      0x591 .build/obj_ut472_th3v3gas/quantum/matrix_common.o
 .debug_info    0x00008d04      0xcb1 .build/obj_ut472_th3v3gas/quantum/matrix.o
 .debug_info    0x000099b5      0xa51 .build/obj_ut472_th3v3gas/quantum/debounce/sym_g.o
 .debug_info    0x0000a406     0x1a2b .build/obj_ut472_th3v3gas/quantum/process_keycode/process_combo.o
 .debug_info    0x0000be31      0x261 .build/obj_ut472_th3v3gas/quantum/color.o
 .debug_info    0x0000c092     0x24e4 .build/obj_ut472_th3v3gas/quantum/rgblight.o
 .debug_info    0x0000e576     0x1a3a .build/obj_ut472_th3v3gas/quantum/process_keycode/process_rgb.o
 .debug_info    0x0000ffb0     0x1ba2 .build/obj_ut472_th3v3gas/quantum/process_keycode/process_tap_dance.o
 .debug_info    0x00011b52      0x371 .build/obj_ut472_th3v3gas/ws2812.o
 .debug_info    0x00011ec3       0xae .build/obj_ut472_th3v3gas/quantum/led_tables.o
 .debug_info    0x00011f71     0x197a .build/obj_ut472_th3v3gas/quantum/process_keycode/process_space_cadet.o
 .debug_info    0x000138eb     0x1479 .build/obj_ut472_th3v3gas/quantum/process_keycode/process_magic.o
 .debug_info    0x00014d64     0x18d9 .build/obj_ut472_th3v3gas/quantum/process_keycode/process_grave_esc.o
 .debug_info    0x0001663d      0x856 .build/obj_ut472_th3v3gas/common/host.o
 .debug_info    0x00016e93      0xa96 .build/obj_ut472_th3v3gas/common/keyboard.o
 .debug_info    0x00017929     0x2085 .build/obj_ut472_th3v3gas/common/action.o
 .debug_info    0x000199ae     0x1030 .build/obj_ut472_th3v3gas/common/action_tapping.o
 .debug_info    0x0001a9de      0xb40 .build/obj_ut472_th3v3gas/common/action_macro.o
 .debug_info    0x0001b51e      0xd3f .build/obj_ut472_th3v3gas/common/action_layer.o
 .debug_info    0x0001c25d      0xd86 .build/obj_ut472_th3v3gas/common/action_util.o
 .debug_info    0x0001cfe3      0x110 .build/obj_ut472_th3v3gas/common/debug.o
 .debug_info    0x0001d0f3      0x2f9 .build/obj_ut472_th3v3gas/common/util.o
 .debug_info    0x0001d3ec      0x8e9 .build/obj_ut472_th3v3gas/common/eeconfig.o
 .debug_info    0x0001dcd5      0x7f8 .build/obj_ut472_th3v3gas/common/report.o
 .debug_info    0x0001e4cd      0xa52 .build/obj_ut472_th3v3gas/common/avr/suspend.o
 .debug_info    0x0001ef1f      0x43e .build/obj_ut472_th3v3gas/common/avr/timer.o
 .debug_info    0x0001f35d      0x3c7 .build/obj_ut472_th3v3gas/common/avr/bootloader.o
 .debug_info    0x0001f724      0xe00 .build/obj_ut472_th3v3gas/common/bootmagic.o
 .debug_info    0x00020524     0x1721 .build/obj_ut472_th3v3gas/lufa.o
 .debug_info    0x00021c45      0x9b7 .build/obj_ut472_th3v3gas/usb_descriptor.o
 .debug_info    0x000225fc      0x572 .build/obj_ut472_th3v3gas/outputselect.o
 .debug_info    0x00022b6e      0x1c0 .build/obj_ut472_th3v3gas/lib/lufa/LUFA/Drivers/USB/Core/AVR8/Device_AVR8.o
 .debug_info    0x00022d2e     0x1da4 .build/obj_ut472_th3v3gas/lib/lufa/LUFA/Drivers/USB/Core/AVR8/EndpointStream_AVR8.o
 .debug_info    0x00024ad2      0x75d .build/obj_ut472_th3v3gas/lib/lufa/LUFA/Drivers/USB/Core/AVR8/Endpoint_AVR8.o
 .debug_info    0x0002522f      0x594 .build/obj_ut472_th3v3gas/lib/lufa/LUFA/Drivers/USB/Core/AVR8/USBController_AVR8.o
 .debug_info    0x000257c3      0x938 .build/obj_ut472_th3v3gas/lib/lufa/LUFA/Drivers/USB/Core/AVR8/USBInterrupt_AVR8.o
 .debug_info    0x000260fb      0xc59 .build/obj_ut472_th3v3gas/lib/lufa/LUFA/Drivers/USB/Core/DeviceStandardReq.o
 .debug_info    0x00026d54       0xe9 .build/obj_ut472_th3v3gas/lib/lufa/LUFA/Drivers/USB/Core/Events.o
 .debug_info    0x00026e3d      0x2fb .build/obj_ut472_th3v3gas/lib/lufa/LUFA/Drivers/USB/Core/USBTask.o
 .debug_info    0x00027138       0x26 c:/users/nonej/documents/keyboard/msys64/home/nonej/qmk_utils/avr8-gnu-toolchain/bin/../lib/gcc/avr/8.3.0/avr35\libgcc.a(_mulqi3.o)
 .debug_info    0x0002715e       0x26 c:/users/nonej/documents/keyboard/msys64/home/nonej/qmk_utils/avr8-gnu-toolchain/bin/../lib/gcc/avr/8.3.0/avr35\libgcc.a(_mulhi3.o)
 .debug_info    0x00027184       0x26 c:/users/nonej/documents/keyboard/msys64/home/nonej/qmk_utils/avr8-gnu-toolchain/bin/../lib/gcc/avr/8.3.0/avr35\libgcc.a(_udivmodhi4.o)
 .debug_info    0x000271aa       0x26 c:/users/nonej/documents/keyboard/msys64/home/nonej/qmk_utils/avr8-gnu-toolchain/bin/../lib/gcc/avr/8.3.0/avr35\libgcc.a(_divmodhi4.o)
 .debug_info    0x000271d0       0x26 c:/users/nonej/documents/keyboard/msys64/home/nonej/qmk_utils/avr8-gnu-toolchain/bin/../lib/gcc/avr/8.3.0/avr35\libgcc.a(_exit.o)
 .debug_info    0x000271f6       0x26 c:/users/nonej/documents/keyboard/msys64/home/nonej/qmk_utils/avr8-gnu-toolchain/bin/../lib/gcc/avr/8.3.0/avr35\libgcc.a(_tablejump2.o)
 .debug_info    0x0002721c       0x26 c:/users/nonej/documents/keyboard/msys64/home/nonej/qmk_utils/avr8-gnu-toolchain/bin/../lib/gcc/avr/8.3.0/avr35\libgcc.a(_copy_data.o)